spi_flash.c:6:9:SPIFLASH_disk_initialize	16	static
spi_flash.c:17:9:SPI_Read_Byte	8	static
spi_flash.c:22:9:SPI_Write_Byte	32	static
spi_flash.c:31:5:W25X_GetChipID	16	static
spi_flash.c:51:6:W25X_Read_StatusReg	16	static
spi_flash.c:71:6:W25X_Write_Enable	8	static
spi_flash.c:87:6:W25X_Wait_Busy	8	static
spi_flash.c:94:6:W25X_Erase_Sector	16	static
spi_flash.c:111:6:W25X_Erase_Block	16	static
spi_flash.c:128:6:W25X_Erase_Chip	8	static
spi_flash.c:142:6:W25X_Read_Bytes	40	static
spi_flash.c:160:6:W25X_Read_Sector	32	static
spi_flash.c:201:6:W25X_Write_Sector	24	static
