w25qxx.c:18:9:W25qxx_Spi	32	static
w25qxx.c:25:10:W25qxx_ReadID	24	static
w25qxx.c:38:6:W25qxx_ReadUniqID	24	static
w25qxx.c:49:6:W25qxx_WriteEnable	8	static
w25qxx.c:57:6:W25qxx_WriteDisable	8	static
w25qxx.c:65:9:W25qxx_ReadStatusRegister	24	static
w25qxx.c:91:6:W25qxx_WriteStatusRegister	16	static
w25qxx.c:113:6:W25qxx_WaitForWriteEnd	8	static
w25qxx.c:127:6:W25qxx_Init	16	static
w25qxx.c:247:6:W25qxx_EraseChip	8	static
w25qxx.c:268:6:W25qxx_EraseSector	16	static
w25qxx.c:296:6:W25qxx_EraseBlock	16	static
w25qxx.c:326:10:W25qxx_PageToSector	16	static
w25qxx.c:331:10:W25qxx_PageToBlock	16	static
w25qxx.c:336:10:W25qxx_SectorToBlock	16	static
w25qxx.c:341:10:W25qxx_SectorToPage	16	static
w25qxx.c:346:10:W25qxx_BlockToPage	16	static
w25qxx.c:351:7:W25qxx_IsEmptyPage	72	static
w25qxx.c:420:7:W25qxx_IsEmptySector	72	static
w25qxx.c:489:7:W25qxx_IsEmptyBlock	72	static
w25qxx.c:558:6:W25qxx_WriteByte	16	static
w25qxx.c:585:7:W25qxx_WritePage	24	static
w25qxx.c:631:7:W25qxx_WriteSector	40	static
w25qxx.c:670:7:W25qxx_WriteBlock	40	static
w25qxx.c:709:7:W25qxx_ReadByte	16	static
w25qxx.c:734:6:W25qxx_ReadBytes	24	static
w25qxx.c:772:7:W25qxx_ReadPage	24	static
w25qxx.c:816:7:W25qxx_ReadSector	40	static
w25qxx.c:855:7:W25qxx_ReadBlock	40	static
