Archive member included to satisfy reference by file (symbol)

../GUI/Lib\libSTemWin.a(TEXT.o)
                              ./Core/Src/STemWin_DemoDLG.o (TEXT_CreateIndirect)
../GUI/Lib\libSTemWin.a(PROGBAR.o)
                              ./Core/Src/STemWin_DemoDLG.o (PROGBAR_CreateIndirect)
../GUI/Lib\libSTemWin.a(GRAPH_DATA_YT.o)
                              ./Core/Src/STemWin_DemoDLG.o (GRAPH_DATA_YT_Create)
../GUI/Lib\libSTemWin.a(GRAPH.o)
                              ../GUI/Lib\libSTemWin.a(GRAPH_DATA_YT.o) (GRAPH__InvalidateGraph)
../GUI/Lib\libSTemWin.a(FRAMEWIN.o)
                              ./Core/Src/STemWin_DemoDLG.o (FRAMEWIN_CreateIndirect)
../GUI/Lib\libSTemWin.a(DIALOG.o)
                              ./Core/Src/STemWin_DemoDLG.o (GUI_CreateDialogBox)
../GUI/Lib\libSTemWin.a(WM__Private.o)
                              ../GUI/Lib\libSTemWin.a(FRAMEWIN.o) (WM__IsAncestor)
../GUI/Lib\libSTemWin.a(WM_UserData.o)
                              ../GUI/Lib\libSTemWin.a(TEXT.o) (WM__GetUserDataEx)
../GUI/Lib\libSTemWin.a(WM_SetTrans.o)
                              ../GUI/Lib\libSTemWin.a(TEXT.o) (WM_SetHasTrans)
../GUI/Lib\libSTemWin.a(WM_SetScrollbar.o)
                              ../GUI/Lib\libSTemWin.a(GRAPH.o) (WM_SetScrollbarH)
../GUI/Lib\libSTemWin.a(WM_SetFocusOnPrevChild.o)
                              ../GUI/Lib\libSTemWin.a(FRAMEWIN.o) (WM_SetFocusOnPrevChild)
../GUI/Lib\libSTemWin.a(WM_SetFocusOnNextChild.o)
                              ../GUI/Lib\libSTemWin.a(FRAMEWIN.o) (WM_SetFocusOnNextChild)
../GUI/Lib\libSTemWin.a(WM_SetCaptureMove.o)
                              ../GUI/Lib\libSTemWin.a(FRAMEWIN.o) (WM_SetCaptureMove)
../GUI/Lib\libSTemWin.a(WM_SetCapture.o)
                              ../GUI/Lib\libSTemWin.a(WM_SetCaptureMove.o) (WM_SetCapture)
../GUI/Lib\libSTemWin.a(WM_Move.o)
                              ../GUI/Lib\libSTemWin.a(FRAMEWIN.o) (WM_MoveWindow)
../GUI/Lib\libSTemWin.a(WM_MemDev.o)
                              ../GUI/Lib\libSTemWin.a(FRAMEWIN.o) (WM_DisableMemdev)
../GUI/Lib\libSTemWin.a(WM_Lib.o)
                              ../GUI/Lib\libSTemWin.a(TEXT.o) (WM_GetClientRectEx)
../GUI/Lib\libSTemWin.a(WM_Hide.o)
                              ../GUI/Lib\libSTemWin.a(FRAMEWIN.o) (WM_HideWindow)
../GUI/Lib\libSTemWin.a(WM_GetWindowSize.o)
                              ../GUI/Lib\libSTemWin.a(FRAMEWIN.o) (WM__GetWindowSizeX)
../GUI/Lib\libSTemWin.a(WM_BringToTop.o)
                              ../GUI/Lib\libSTemWin.a(FRAMEWIN.o) (WM_BringToTop)
../GUI/Lib\libSTemWin.a(WM.o)
                              ../GUI/Lib\libSTemWin.a(WM__Private.o) (WM__ahWinFocus)
../GUI/Lib\libSTemWin.a(GUIDEV_StaticDevices.o)
                              ../GUI/Lib\libSTemWin.a(WM.o) (GUI_MEMDEV_Paint1Static)
../GUI/Lib\libSTemWin.a(GUIDEV_SetOrg.o)
                              ../GUI/Lib\libSTemWin.a(GUIDEV_StaticDevices.o) (GUI_MEMDEV_SetOrg)
../GUI/Lib\libSTemWin.a(GUIDEV_GetYSize.o)
                              ../GUI/Lib\libSTemWin.a(GUIDEV_StaticDevices.o) (GUI_MEMDEV_GetYSize)
../GUI/Lib\libSTemWin.a(GUIDEV_GetXSize.o)
                              ../GUI/Lib\libSTemWin.a(GUIDEV_StaticDevices.o) (GUI_MEMDEV_GetXSize)
../GUI/Lib\libSTemWin.a(GUIDEV_GetPos.o)
                              ../GUI/Lib\libSTemWin.a(GUIDEV_StaticDevices.o) (GUI_MEMDEV_GetXPos)
../GUI/Lib\libSTemWin.a(GUIDEV_GetDataPtr.o)
                              ../GUI/Lib\libSTemWin.a(GUIDEV_StaticDevices.o) (GUI_MEMDEV_GetDataPtr)
../GUI/Lib\libSTemWin.a(GUIDEV_CreateFixed.o)
                              ../GUI/Lib\libSTemWin.a(GUIDEV_StaticDevices.o) (GUI_MEMDEV_CreateFixed)
../GUI/Lib\libSTemWin.a(GUIDEV_Banding.o)
                              ../GUI/Lib\libSTemWin.a(WM.o) (GUI_MEMDEV_Draw)
../GUI/Lib\libSTemWin.a(GUIDEV_32.o)
                              ../GUI/Lib\libSTemWin.a(GUIDEV_StaticDevices.o) (GUI_MEMDEV_DEVICE_32)
../GUI/Lib\libSTemWin.a(GUIDEV.o)
                              ../GUI/Lib\libSTemWin.a(GUIDEV_StaticDevices.o) (GUI_MEMDEV__CreateFixed)
../GUI/Lib\libSTemWin.a(F6x8.o)
                              ./Core/Src/GUIConf.o (GUI_Font6x8)
../GUI/Lib\libSTemWin.a(F20_ASCII.o)
                              ./Core/Src/STemWin_DemoDLG.o (GUI_Font20_ASCII)
../GUI/Lib\libSTemWin.a(F13_1.o)
                              ./Core/Src/STemWin_DemoDLG.o (GUI_Font13_1)
../GUI/Lib\libSTemWin.a(GUIDRV_FlexColor_Func66709.o)
                              ./Core/Src/LCDConf_FlexColor.o (GUIDRV_FlexColor_SetFunc66709)
../GUI/Lib\libSTemWin.a(GUIDRV_FlexColor_16bpp_C0B8.o)
                              ./Core/Src/LCDConf_FlexColor.o (GUIDRV_FlexColor_SetMode16bppC0B8)
../GUI/Lib\libSTemWin.a(GUIDRV_FlexColor.o)
                              ../GUI/Lib\libSTemWin.a(GUIDRV_FlexColor_16bpp_C0B8.o) (GUIDRV_FlexColor__SetPixelIndexNoCache)
../GUI/Lib\libSTemWin.a(LCD_UpdateColorIndices.o)
[...]
Memory Configuration

Name             Origin             Length             Attributes
CCMRAM           0x0000000010000000 0x0000000000010000 xrw
RAM              0x0000000020000000 0x0000000000020000 xrw
FLASH            0x0000000008000000 0x0000000000100000 xr
*default*        0x0000000000000000 0xffffffffffffffff

Linker script and memory map

LOAD c:/st/stm32cubeide_1.12.0/stm32cubeide/plugins/com.st.stm32cube.ide.mcu.externaltools.gnu-tools-for-stm32.10.3-2021.10.win32_1.0.200.202301161003/tools/bin/../lib/gcc/arm-none-eabi/10.3.1/thumb/v7e-m+fp/hard/crti.o
LOAD c:/st/stm32cubeide_1.12.0/stm32cubeide/plugins/com.st.stm32cube.ide.mcu.externaltools.gnu-tools-for-stm32.10.3-2021.10.win32_1.0.200.202301161003/tools/bin/../lib/gcc/arm-none-eabi/10.3.1/thumb/v7e-m+fp/hard/crtbegin.o
LOAD c:/st/stm32cubeide_1.12.0/stm32cubeide/plugins/com.st.stm32cube.ide.mcu.externaltools.gnu-tools-for-stm32.10.3-2021.10.win32_1.0.200.202301161003/tools/bin/../lib/gcc/arm-none-eabi/10.3.1/../../../../arm-none-eabi/lib/thumb/v7e-m+fp/hard/crt0.o
LOAD ./Core/Src/GUIConf.o
LOAD ./Core/Src/GUI_X.o
LOAD ./Core/Src/LCDConf_FlexColor.o
LOAD ./Core/Src/STemWin_DemoDLG.o
LOAD ./Core/Src/main.o
LOAD ./Core/Src/stm32f4xx_hal_msp.o
LOAD ./Core/Src/stm32f4xx_it.o
LOAD ./Core/Src/syscalls.o
LOAD ./Core/Src/sysmem.o
LOAD ./Core/Src/system_stm32f4xx.o
LOAD ./Core/Startup/startup_stm32f407vgtx.o
LOAD ./Drivers/STM32F4xx_HAL_Driver/Src/stm32f4xx_hal.o
LOAD ./Drivers/STM32F4xx_HAL_Driver/Src/stm32f4xx_hal_adc.o
LOAD ./Drivers/STM32F4xx_HAL_Driver/Src/stm32f4xx_hal_adc_ex.o
LOAD ./Drivers/STM32F4xx_HAL_Driver/Src/stm32f4xx_hal_cortex.o
LOAD ./Drivers/STM32F4xx_HAL_Driver/Src/stm32f4xx_hal_dma.o
LOAD ./Drivers/STM32F4xx_HAL_Driver/Src/stm32f4xx_hal_dma_ex.o
LOAD ./Drivers/STM32F4xx_HAL_Driver/Src/stm32f4xx_hal_exti.o
LOAD ./Drivers/STM32F4xx_HAL_Driver/Src/stm32f4xx_hal_flash.o
LOAD ./Drivers/STM32F4xx_HAL_Driver/Src/stm32f4xx_hal_flash_ex.o
LOAD ./Drivers/STM32F4xx_HAL_Driver/Src/stm32f4xx_hal_flash_ramfunc.o
LOAD ./Drivers/STM32F4xx_HAL_Driver/Src/stm32f4xx_hal_gpio.o
LOAD ./Drivers/STM32F4xx_HAL_Driver/Src/stm32f4xx_hal_pwr.o
LOAD ./Drivers/STM32F4xx_HAL_Driver/Src/stm32f4xx_hal_pwr_ex.o
LOAD ./Drivers/STM32F4xx_HAL_Driver/Src/stm32f4xx_hal_rcc.o
LOAD ./Drivers/STM32F4xx_HAL_Driver/Src/stm32f4xx_hal_rcc_ex.o
LOAD ./Drivers/STM32F4xx_HAL_Driver/Src/stm32f4xx_hal_spi.o
LOAD ./Drivers/STM32F4xx_HAL_Driver/Src/stm32f4xx_ll_adc.o
LOAD ../GUI/Lib\libSTemWin.a
START GROUP
LOAD c:/st/stm32cubeide_1.12.0/stm32cubeide/plugins/com.st.stm32cube.ide.mcu.externaltools.gnu-tools-for-stm32.10.3-2021.10.win32_1.0.200.202301161003/tools/bin/../lib/gcc/arm-none-eabi/10.3.1/../../../../arm-none-eabi/lib/thumb/v7e-m+fp/hard\libc_nano.a
LOAD c:/st/stm32cubeide_1.12.0/stm32cubeide/plugins/com.st.stm32cube.ide.mcu.externaltools.gnu-tools-for-stm32.10.3-2021.10.win32_1.0.200.202301161003/tools/bin/../lib/gcc/arm-none-eabi/10.3.1/../../../../arm-none-eabi/lib/thumb/v7e-m+fp/hard\libm.a
END GROUP
START GROUP
LOAD c:/st/stm32cubeide_1.12.0/stm32cubeide/plugins/com.st.stm32cube.ide.mcu.externaltools.gnu-tools-for-stm32.10.3-2021.10.win32_1.0.200.202301161003/tools/bin/../lib/gcc/arm-none-eabi/10.3.1/thumb/v7e-m+fp/hard\libgcc.a
LOAD c:/st/stm32cubeide_1.12.0/stm32cubeide/plugins/com.st.stm32cube.ide.mcu.externaltools.gnu-tools-for-stm32.10.3-2021.10.win32_1.0.200.202301161003/tools/bin/../lib/gcc/arm-none-eabi/10.3.1/../../../../arm-none-eabi/lib/thumb/v7e-m+fp/hard\libc_nano.a
END GROUP
START GROUP
LOAD c:/st/stm32cubeide_1.12.0/stm32cubeide/plugins/com.st.stm32cube.ide.mcu.externaltools.gnu-tools-for-stm32.10.3-2021.10.win32_1.0.200.202301161003/tools/bin/../lib/gcc/arm-none-eabi/10.3.1/thumb/v7e-m+fp/hard\libgcc.a
LOAD c:/st/stm32cubeide_1.12.0/stm32cubeide/plugins/com.st.stm32cube.ide.mcu.externaltools.gnu-tools-for-stm32.10.3-2021.10.win32_1.0.200.202301161003/tools/bin/../lib/gcc/arm-none-eabi/10.3.1/../../../../arm-none-eabi/lib/thumb/v7e-m+fp/hard\libc_nano.a
LOAD c:/st/stm32cubeide_1.12.0/stm32cubeide/plugins/com.st.stm32cube.ide.mcu.externaltools.gnu-tools-for-stm32.10.3-2021.10.win32_1.0.200.202301161003/tools/bin/../lib/gcc/arm-none-eabi/10.3.1/../../../../arm-none-eabi/lib/thumb/v7e-m+fp/hard\libnosys.a
END GROUP
START GROUP
LOAD c:/st/stm32cubeide_1.12.0/stm32cubeide/plugins/com.st.stm32cube.ide.mcu.externaltools.gnu-tools-for-stm32.10.3-2021.10.win32_1.0.200.202301161003/tools/bin/../lib/gcc/arm-none-eabi/10.3.1/thumb/v7e-m+fp/hard\libgcc.a
LOAD c:/st/stm32cubeide_1.12.0/stm32cubeide/plugins/com.st.stm32cube.ide.mcu.externaltools.gnu-tools-for-stm32.10.3-2021.10.win32_1.0.200.202301161003/tools/bin/../lib/gcc/arm-none-eabi/10.3.1/../../../../arm-none-eabi/lib/thumb/v7e-m+fp/hard\libc_nano.a
LOAD c:/st/stm32cubeide_1.12.0/stm32cubeide/plugins/com.st.stm32cube.ide.mcu.externaltools.gnu-tools-for-stm32.10.3-2021.10.win32_1.0.200.202301161003/tools/bin/../lib/gcc/arm-none-eabi/10.3.1/../../../../arm-none-eabi/lib/thumb/v7e-m+fp/hard\libnosys.a
END GROUP
LOAD c:/st/stm32cubeide_1.12.0/stm32cubeide/plugins/com.st.stm32cube.ide.mcu.externaltools.gnu-tools-for-stm32.10.3-2021.10.win32_1.0.200.202301161003/tools/bin/../lib/gcc/arm-none-eabi/10.3.1/thumb/v7e-m+fp/hard/crtend.o
LOAD c:/st/stm32cubeide_1.12.0/stm32cubeide/plugins/com.st.stm32cube.ide.mcu.externaltools.gnu-tools-for-stm32.10.3-2021.10.win32_1.0.200.202301161003/tools/bin/../lib/gcc/arm-none-eabi/10.3.1/thumb/v7e-m+fp/hard/crtn.o
                0x0000000020020000                _estack = (ORIGIN (RAM) + LENGTH (RAM))
                0x0000000000000200                _Min_Heap_Size = 0x200
                0x0000000000000400                _Min_Stack_Size = 0x400

.isr_vector     0x0000000008000000      0x188
                0x0000000008000000                . = ALIGN (0x4)
 *(.isr_vector)
 .isr_vector    0x0000000008000000      0x188 ./Core/Startup/startup_stm32f407vgtx.o
                0x0000000008000000                g_pfnVectors
                0x0000000008000188                . = ALIGN (0x4)

.text           0x0000000008000188    0x10020
                0x0000000008000188                . = ALIGN (0x4)
 *(.text)
 .text          0x0000000008000188       0x40 c:/st/stm32cubeide_1.12.0/stm32cubeide/plugins/com.st.stm32cube.ide.mcu.externaltools.gnu-tools-for-stm32.10.3-2021.10.win32_1.0.200.202301161003/tools/bin/../lib/gcc/arm-none-eabi/10.3.1/thumb/v7e-m+fp/hard/crtbegin.o
 .text          0x00000000080001c8       0x10 c:/st/stm32cubeide_1.12.0/stm32cubeide/plugins/com.st.stm32cube.ide.mcu.externaltools.gnu-tools-for-stm32.10.3-2021.10.win32_1.0.200.202301161003/tools/bin/../lib/gcc/arm-none-eabi/10.3.1/../../../../arm-none-eabi/lib/thumb/v7e-m+fp/hard\libc_nano.a(lib_a-strlen.o)
                0x00000000080001c8                strlen
 .text          0x00000000080001d8       0x30 c:/st/stm32cubeide_1.12.0/stm32cubeide/plugins/com.st.stm32cube.ide.mcu.externaltools.gnu-tools-for-stm32.10.3-2021.10.win32_1.0.200.202301161003/tools/bin/../lib/gcc/arm-none-eabi/10.3.1/thumb/v7e-m+fp/hard\libgcc.a(_aeabi_uldivmod.o)
                0x00000000080001d8                __aeabi_uldivmod
 .text          0x0000000008000208      0x2d0 c:/st/stm32cubeide_1.12.0/stm32cubeide/plugins/com.st.stm32cube.ide.mcu.externaltools.gnu-tools-for-stm32.10.3-2021.10.win32_1.0.200.202301161003/tools/bin/../lib/gcc/arm-none-eabi/10.3.1/thumb/v7e-m+fp/hard\libgcc.a(_udivmoddi4.o)
                0x0000000008000208                __udivmoddi4
 .text          0x00000000080004d8        0x4 c:/st/stm32cubeide_1.12.0/stm32cubeide/plugins/com.st.stm32cube.ide.mcu.externaltools.gnu-tools-for-stm32.10.3-2021.10.win32_1.0.200.202301161003/tools/bin/../lib/gcc/arm-none-eabi/10.3.1/thumb/v7e-m+fp/hard\libgcc.a(_dvmd_tls.o)
                0x00000000080004d8                __aeabi_idiv0
                0x00000000080004d8                __aeabi_ldiv0
 *(.text*)
 .text.GUI_X_Config
                0x00000000080004dc       0x20 ./Core/Src/GUIConf.o
                0x00000000080004dc                GUI_X_Config
 .text.GUI_X_GetTime
                0x00000000080004fc       0x18 ./Core/Src/GUI_X.o
                0x00000000080004fc                GUI_X_GetTime
 .text.GUI_X_Init
                0x0000000008000514        0xe ./Core/Src/GUI_X.o
                0x0000000008000514                GUI_X_Init
 *fill*         0x0000000008000522        0x2 
 .text.LcdWriteReg
                0x0000000008000524       0x44 ./Core/Src/LCDConf_FlexColor.o
 .text.LcdReadReg
                0x0000000008000568       0x10 ./Core/Src/LCDConf_FlexColor.o
 .text.LcdWriteData
                0x0000000008000578       0x44 ./Core/Src/LCDConf_FlexColor.o
 .text.LcdWriteDataMultiple
                0x00000000080005bc       0x4c ./Core/Src/LCDConf_FlexColor.o
 .text.LcdReadDataMultiple
                0x0000000008000608       0x24 ./Core/Src/LCDConf_FlexColor.o
 .text.LcdInit  0x000000000800062c      0x278 ./Core/Src/LCDConf_FlexColor.o
                0x000000000800062c                LcdInit
 .text.LCD_X_Config
                0x00000000080008a4       0xa4 ./Core/Src/LCDConf_FlexColor.o
                0x00000000080008a4                LCD_X_Config
 .text.LCD_X_DisplayDriver
                0x0000000008000948       0x2a ./Core/Src/LCDConf_FlexColor.o
                0x0000000008000948                LCD_X_DisplayDriver
 *fill*         0x0000000008000972        0x2 
 .text._cbDialog
                0x0000000008000974       0x5c ./Core/Src/STemWin_DemoDLG.o
 .text.MainLCDTask
                0x00000000080009d0      0x168 ./Core/Src/STemWin_DemoDLG.o
                0x00000000080009d0                MainLCDTask
 .text.main     0x0000000008000b38       0x22 ./Core/Src/main.o
                0x0000000008000b38                main
 *fill*         0x0000000008000b5a        0x2 
 .text.SystemClock_Config
                0x0000000008000b5c       0xd4 ./Core/Src/main.o
                0x0000000008000b5c                SystemClock_Config
 .text.MX_ADC1_Init
                0x0000000008000c30       0xa4 ./Core/Src/main.o
 .text.MX_SPI1_Init
                0x0000000008000cd4       0x6c ./Core/Src/main.o
 .text.MX_GPIO_Init
                0x0000000008000d40       0xa0 ./Core/Src/main.o
 .text.Error_Handler
                0x0000000008000de0        0xa ./Core/Src/main.o
                0x0000000008000de0                Error_Handler
 *fill*         0x0000000008000dea        0x2 
 .text.HAL_MspInit
                0x0000000008000dec       0x50 ./Core/Src/stm32f4xx_hal_msp.o
                0x0000000008000dec                HAL_MspInit
 .text.HAL_ADC_MspInit
                0x0000000008000e3c       0x88 ./Core/Src/stm32f4xx_hal_msp.o
                0x0000000008000e3c                HAL_ADC_MspInit
 .text.HAL_SPI_MspInit
                0x0000000008000ec4       0x90 ./Core/Src/stm32f4xx_hal_msp.o
                0x0000000008000ec4                HAL_SPI_MspInit
 .text.NMI_Handler
                0x0000000008000f54        0x6 ./Core/Src/stm32f4xx_it.o
                0x0000000008000f54                NMI_Handler
 .text.HardFault_Handler
                0x0000000008000f5a        0x6 ./Core/Src/stm32f4xx_it.o
                0x0000000008000f5a                HardFault_Handler
 .text.MemManage_Handler
                0x0000000008000f60        0x6 ./Core/Src/stm32f4xx_it.o
                0x0000000008000f60                MemManage_Handler
 .text.BusFault_Handler
                0x0000000008000f66        0x6 ./Core/Src/stm32f4xx_it.o
                0x0000000008000f66                BusFault_Handler
 .text.UsageFault_Handler
                0x0000000008000f6c        0x6 ./Core/Src/stm32f4xx_it.o
                0x0000000008000f6c                UsageFault_Handler
 .text.SVC_Handler
                0x0000000008000f72        0xe ./Core/Src/stm32f4xx_it.o
                0x0000000008000f72                SVC_Handler
 .text.DebugMon_Handler
                0x0000000008000f80        0xe ./Core/Src/stm32f4xx_it.o
                0x0000000008000f80                DebugMon_Handler
 .text.PendSV_Handler
                0x0000000008000f8e        0xe ./Core/Src/stm32f4xx_it.o
                0x0000000008000f8e                PendSV_Handler
 .text.SysTick_Handler
                0x0000000008000f9c        0xc ./Core/Src/stm32f4xx_it.o
                0x0000000008000f9c                SysTick_Handler
 .text.SystemInit
                0x0000000008000fa8       0x24 ./Core/Src/system_stm32f4xx.o
                0x0000000008000fa8                SystemInit
 .text.Reset_Handler
                0x0000000008000fcc       0x50 ./Core/Startup/startup_stm32f407vgtx.o
                0x0000000008000fcc                Reset_Handler
 .text.Default_Handler
                0x000000000800101c        0x2 ./Core/Startup/startup_stm32f407vgtx.o
                0x000000000800101c                RTC_Alarm_IRQHandler
                0x000000000800101c                HASH_RNG_IRQHandler
                0x000000000800101c                EXTI2_IRQHandler
                0x000000000800101c                TIM8_CC_IRQHandler
                0x000000000800101c                TIM1_CC_IRQHandler
                0x000000000800101c                DMA2_Stream5_IRQHandler
                0x000000000800101c                DMA1_Stream5_IRQHandler
                0x000000000800101c                PVD_IRQHandler
                0x000000000800101c                SDIO_IRQHandler
                0x000000000800101c                TAMP_STAMP_IRQHandler
                0x000000000800101c                CAN2_RX1_IRQHandler
                0x000000000800101c                EXTI3_IRQHandler
                0x000000000800101c                TIM8_TRG_COM_TIM14_IRQHandler
                0x000000000800101c                TIM1_UP_TIM10_IRQHandler
                0x000000000800101c                TIM8_UP_TIM13_IRQHandler
                0x000000000800101c                I2C3_ER_IRQHandler
                0x000000000800101c                EXTI0_IRQHandler
                0x000000000800101c                I2C2_EV_IRQHandler
                0x000000000800101c                DMA1_Stream2_IRQHandler
                0x000000000800101c                CAN1_RX0_IRQHandler
                0x000000000800101c                FPU_IRQHandler
                0x000000000800101c                OTG_HS_WKUP_IRQHandler
                0x000000000800101c                CAN2_SCE_IRQHandler
                0x000000000800101c                DMA2_Stream2_IRQHandler
                0x000000000800101c                SPI1_IRQHandler
                0x000000000800101c                TIM6_DAC_IRQHandler
                0x000000000800101c                TIM1_BRK_TIM9_IRQHandler
                0x000000000800101c                DCMI_IRQHandler
                0x000000000800101c                CAN2_RX0_IRQHandler
                0x000000000800101c                DMA2_Stream3_IRQHandler
                0x000000000800101c                USART6_IRQHandler
                0x000000000800101c                USART3_IRQHandler
                0x000000000800101c                CAN1_RX1_IRQHandler
                0x000000000800101c                UART5_IRQHandler
                0x000000000800101c                DMA2_Stream0_IRQHandler
                0x000000000800101c                TIM4_IRQHandler
                0x000000000800101c                I2C1_EV_IRQHandler
                0x000000000800101c                DMA1_Stream6_IRQHandler
                0x000000000800101c                DMA1_Stream1_IRQHandler
                0x000000000800101c                UART4_IRQHandler
                0x000000000800101c                TIM3_IRQHandler
                0x000000000800101c                RCC_IRQHandler
                0x000000000800101c                TIM8_BRK_TIM12_IRQHandler
                0x000000000800101c                Default_Handler
                0x000000000800101c                EXTI15_10_IRQHandler
                0x000000000800101c                ADC_IRQHandler
                0x000000000800101c                DMA1_Stream7_IRQHandler
                0x000000000800101c                TIM7_IRQHandler
                0x000000000800101c                CAN2_TX_IRQHandler
                0x000000000800101c                TIM5_IRQHandler
                0x000000000800101c                DMA2_Stream7_IRQHandler
                0x000000000800101c                I2C3_EV_IRQHandler
                0x000000000800101c                EXTI9_5_IRQHandler
                0x000000000800101c                RTC_WKUP_IRQHandler
                0x000000000800101c                ETH_WKUP_IRQHandler
                0x000000000800101c                SPI2_IRQHandler
                0x000000000800101c                OTG_HS_EP1_IN_IRQHandler
                0x000000000800101c                DMA1_Stream0_IRQHandler
                0x000000000800101c                CAN1_TX_IRQHandler
                0x000000000800101c                EXTI4_IRQHandler
                0x000000000800101c                FSMC_IRQHandler
                0x000000000800101c                ETH_IRQHandler
                0x000000000800101c                OTG_HS_EP1_OUT_IRQHandler
                0x000000000800101c                WWDG_IRQHandler
                0x000000000800101c                TIM2_IRQHandler
                0x000000000800101c                OTG_FS_WKUP_IRQHandler
                0x000000000800101c                TIM1_TRG_COM_TIM11_IRQHandler
                0x000000000800101c                OTG_HS_IRQHandler
                0x000000000800101c                EXTI1_IRQHandler
                0x000000000800101c                USART2_IRQHandler
                0x000000000800101c                I2C2_ER_IRQHandler
                0x000000000800101c                DMA2_Stream1_IRQHandler
                0x000000000800101c                CAN1_SCE_IRQHandler
                0x000000000800101c                FLASH_IRQHandler
                0x000000000800101c                DMA2_Stream4_IRQHandler
                0x000000000800101c                USART1_IRQHandler
                0x000000000800101c                OTG_FS_IRQHandler
                0x000000000800101c                SPI3_IRQHandler
                0x000000000800101c                DMA1_Stream4_IRQHandler
                0x000000000800101c                I2C1_ER_IRQHandler
                0x000000000800101c                DMA2_Stream6_IRQHandler
                0x000000000800101c                DMA1_Stream3_IRQHandler
 *fill*         0x000000000800101e        0x2 
 .text.HAL_Init
                0x0000000008001020       0x44 ./Drivers/STM32F4xx_HAL_Driver/Src/stm32f4xx_hal.o
                0x0000000008001020                HAL_Init
 .text.HAL_InitTick
                0x0000000008001064       0x60 ./Drivers/STM32F4xx_HAL_Driver/Src/stm32f4xx_hal.o
                0x0000000008001064                HAL_InitTick
 .text.HAL_IncTick
                0x00000000080010c4       0x28 ./Drivers/STM32F4xx_HAL_Driver/Src/stm32f4xx_hal.o
                0x00000000080010c4                HAL_IncTick
 .text.HAL_GetTick
                0x00000000080010ec       0x18 ./Drivers/STM32F4xx_HAL_Driver/Src/stm32f4xx_hal.o
                0x00000000080010ec                HAL_GetTick
 .text.HAL_Delay
                0x0000000008001104       0x48 ./Drivers/STM32F4xx_HAL_Driver/Src/stm32f4xx_hal.o
                0x0000000008001104                HAL_Delay
 .text.HAL_ADC_Init
                0x000000000800114c       0x86 ./Drivers/STM32F4xx_HAL_Driver/Src/stm32f4xx_hal_adc.o
                0x000000000800114c                HAL_ADC_Init
 *fill*         0x00000000080011d2        0x2 
 .text.HAL_ADC_Start
                0x00000000080011d4      0x1a4 ./Drivers/STM32F4xx_HAL_Driver/Src/stm32f4xx_hal_adc.o
                0x00000000080011d4                HAL_ADC_Start
 .text.HAL_ADC_Stop
                0x0000000008001378       0x66 ./Drivers/STM32F4xx_HAL_Driver/Src/stm32f4xx_hal_adc.o
                0x0000000008001378                HAL_ADC_Stop
 .text.HAL_ADC_PollForConversion
                0x00000000080013de      0x116 ./Drivers/STM32F4xx_HAL_Driver/Src/stm32f4xx_hal_adc.o
                0x00000000080013de                HAL_ADC_PollForConversion
 .text.HAL_ADC_GetValue
                0x00000000080014f4       0x1a ./Drivers/STM32F4xx_HAL_Driver/Src/stm32f4xx_hal_adc.o
                0x00000000080014f4                HAL_ADC_GetValue
 *fill*         0x000000000800150e        0x2 
 .text.HAL_ADC_ConfigChannel
                0x0000000008001510      0x244 ./Drivers/STM32F4xx_HAL_Driver/Src/stm32f4xx_hal_adc.o
                0x0000000008001510                HAL_ADC_ConfigChannel
 .text.ADC_Init
                0x0000000008001754      0x1f8 ./Drivers/STM32F4xx_HAL_Driver/Src/stm32f4xx_hal_adc.o
 .text.__NVIC_SetPriorityGrouping
                0x000000000800194c       0x48 ./Drivers/STM32F4xx_HAL_Driver/Src/stm32f4xx_hal_cortex.o
 .text.__NVIC_GetPriorityGrouping
                0x0000000008001994       0x1c ./Drivers/STM32F4xx_HAL_Driver/Src/stm32f4xx_hal_cortex.o
 .text.__NVIC_SetPriority
                0x00000000080019b0       0x54 ./Drivers/STM32F4xx_HAL_Driver/Src/stm32f4xx_hal_cortex.o
 .text.NVIC_EncodePriority
                0x0000000008001a04       0x66 ./Drivers/STM32F4xx_HAL_Driver/Src/stm32f4xx_hal_cortex.o
 *fill*         0x0000000008001a6a        0x2 
 .text.SysTick_Config
                0x0000000008001a6c       0x44 ./Drivers/STM32F4xx_HAL_Driver/Src/stm32f4xx_hal_cortex.o
 .text.HAL_NVIC_SetPriorityGrouping
                0x0000000008001ab0       0x16 ./Drivers/STM32F4xx_HAL_Driver/Src/stm32f4xx_hal_cortex.o
                0x0000000008001ab0                HAL_NVIC_SetPriorityGrouping
 .text.HAL_NVIC_SetPriority
                0x0000000008001ac6       0x38 ./Drivers/STM32F4xx_HAL_Driver/Src/stm32f4xx_hal_cortex.o
                0x0000000008001ac6                HAL_NVIC_SetPriority
 .text.HAL_SYSTICK_Config
                0x0000000008001afe       0x18 ./Drivers/STM32F4xx_HAL_Driver/Src/stm32f4xx_hal_cortex.o
                0x0000000008001afe                HAL_SYSTICK_Config
 *fill*         0x0000000008001b16        0x2 
 .text.HAL_GPIO_Init
                0x0000000008001b18      0x338 ./Drivers/STM32F4xx_HAL_Driver/Src/stm32f4xx_hal_gpio.o
                0x0000000008001b18                HAL_GPIO_Init
 .text.HAL_GPIO_WritePin
                0x0000000008001e50       0x32 ./Drivers/STM32F4xx_HAL_Driver/Src/stm32f4xx_hal_gpio.o
                0x0000000008001e50                HAL_GPIO_WritePin
 *fill*         0x0000000008001e82        0x2 
 .text.HAL_RCC_OscConfig
                0x0000000008001e84      0x4f0 ./Drivers/STM32F4xx_HAL_Driver/Src/stm32f4xx_hal_rcc.o
                0x0000000008001e84                HAL_RCC_OscConfig
 .text.HAL_RCC_ClockConfig
                0x0000000008002374      0x1cc ./Drivers/STM32F4xx_HAL_Driver/Src/stm32f4xx_hal_rcc.o
                0x0000000008002374                HAL_RCC_ClockConfig
 .text.HAL_RCC_GetSysClockFreq
                0x0000000008002540      0x20c ./Drivers/STM32F4xx_HAL_Driver/Src/stm32f4xx_hal_rcc.o
                0x0000000008002540                HAL_RCC_GetSysClockFreq
 .text.HAL_SPI_Init
                0x000000000800274c      0x112 ./Drivers/STM32F4xx_HAL_Driver/Src/stm32f4xx_hal_spi.o
                0x000000000800274c                HAL_SPI_Init
 .text.HAL_SPI_Transmit
                0x000000000800285e      0x278 ./Drivers/STM32F4xx_HAL_Driver/Src/stm32f4xx_hal_spi.o
                0x000000000800285e                HAL_SPI_Transmit
 *fill*         0x0000000008002ad6        0x2 
 .text.SPI_WaitFlagStateUntilTimeout
                0x0000000008002ad8      0x110 ./Drivers/STM32F4xx_HAL_Driver/Src/stm32f4xx_hal_spi.o
 .text.SPI_EndRxTxTransaction
                0x0000000008002be8       0x84 ./Drivers/STM32F4xx_HAL_Driver/Src/stm32f4xx_hal_spi.o
 .text.TEXT_Callback
                0x0000000008002c6c       0xc6 ../GUI/Lib\libSTemWin.a(TEXT.o)
                0x0000000008002c6c                TEXT_Callback
 *fill*         0x0000000008002d32        0x2 
 .text.TEXT_CreateUser
                0x0000000008002d34       0x84 ../GUI/Lib\libSTemWin.a(TEXT.o)
                0x0000000008002d34                TEXT_CreateUser
 .text.TEXT_CreateIndirect
                0x0000000008002db8       0x3e ../GUI/Lib\libSTemWin.a(TEXT.o)
                0x0000000008002db8                TEXT_CreateIndirect
 .text.TEXT_SetFont
                0x0000000008002df6       0x26 ../GUI/Lib\libSTemWin.a(TEXT.o)
                0x0000000008002df6                TEXT_SetFont
 .text.TEXT_SetText
                0x0000000008002e1c       0x52 ../GUI/Lib\libSTemWin.a(TEXT.o)
                0x0000000008002e1c                TEXT_SetText
 .text.PROGBAR_Callback
                0x0000000008002e6e       0x5a ../GUI/Lib\libSTemWin.a(PROGBAR.o)
                0x0000000008002e6e                PROGBAR_Callback
 .text._SetValue
                0x0000000008002ec8       0x34 ../GUI/Lib\libSTemWin.a(PROGBAR.o)
 .text.PROGBAR__GetTextLocked
                0x0000000008002efc        0x6 ../GUI/Lib\libSTemWin.a(PROGBAR.o)
                0x0000000008002efc                PROGBAR__GetTextLocked
 .text.PROGBAR__GetTextRect
                0x0000000008002f02       0x88 ../GUI/Lib\libSTemWin.a(PROGBAR.o)
                0x0000000008002f02                PROGBAR__GetTextRect
 .text.PROGBAR__Value2Pos
                0x0000000008002f8a       0x4c ../GUI/Lib\libSTemWin.a(PROGBAR.o)
                0x0000000008002f8a                PROGBAR__Value2Pos
 *fill*         0x0000000008002fd6        0x2 
 .text.PROGBAR_CreateUser
                0x0000000008002fd8       0xbc ../GUI/Lib\libSTemWin.a(PROGBAR.o)
                0x0000000008002fd8                PROGBAR_CreateUser
 .text.PROGBAR_CreateIndirect
                0x0000000008003094       0x3a ../GUI/Lib\libSTemWin.a(PROGBAR.o)
                0x0000000008003094                PROGBAR_CreateIndirect
 .text.PROGBAR_SetValue
                0x00000000080030ce      0x156 ../GUI/Lib\libSTemWin.a(PROGBAR.o)
                0x00000000080030ce                PROGBAR_SetValue
 .text._OnDelete
                0x0000000008003224       0x28 ../GUI/Lib\libSTemWin.a(GRAPH_DATA_YT.o)
 .text._OnPaint
                0x000000000800324c       0xe0 ../GUI/Lib\libSTemWin.a(GRAPH_DATA_YT.o)
 .text._InvalidateNewItem
                0x000000000800332c       0x66 ../GUI/Lib\libSTemWin.a(GRAPH_DATA_YT.o)
 *fill*         0x0000000008003392        0x2 
 .text.GRAPH_DATA_YT_Create
                0x0000000008003394       0x78 ../GUI/Lib\libSTemWin.a(GRAPH_DATA_YT.o)
                0x0000000008003394                GRAPH_DATA_YT_Create
 .text.GRAPH_DATA_YT_AddValue
                0x000000000800340c       0x36 ../GUI/Lib\libSTemWin.a(GRAPH_DATA_YT.o)
                0x000000000800340c                GRAPH_DATA_YT_AddValue
 .text.GRAPH_DATA_YT_SetAlign
                0x0000000008003442       0x28 ../GUI/Lib\libSTemWin.a(GRAPH_DATA_YT.o)
                0x0000000008003442                GRAPH_DATA_YT_SetAlign
 .text.GRAPH_DATA_YT_Clear
                0x000000000800346a       0x22 ../GUI/Lib\libSTemWin.a(GRAPH_DATA_YT.o)
                0x000000000800346a                GRAPH_DATA_YT_Clear
 .text._ManageScrollbars
                0x000000000800348c       0xbc ../GUI/Lib\libSTemWin.a(GRAPH.o)
 .text._OnScrollValueChanged
                0x0000000008003548       0x38 ../GUI/Lib\libSTemWin.a(GRAPH.o)
 .text.GRAPH_Callback
                0x0000000008003580      0x4f6 ../GUI/Lib\libSTemWin.a(GRAPH.o)
                0x0000000008003580                GRAPH_Callback
 .text.GRAPH__InvalidateGraph
                0x0000000008003a76       0x5e ../GUI/Lib\libSTemWin.a(GRAPH.o)
                0x0000000008003a76                GRAPH__InvalidateGraph
 .text.GRAPH__AddValue
                0x0000000008003ad4       0x5a ../GUI/Lib\libSTemWin.a(GRAPH.o)
                0x0000000008003ad4                GRAPH__AddValue
 *fill*         0x0000000008003b2e        0x2 
 .text.GRAPH_CreateUser
                0x0000000008003b30       0x74 ../GUI/Lib\libSTemWin.a(GRAPH.o)
                0x0000000008003b30                GRAPH_CreateUser
 .text.GRAPH_CreateIndirect
                0x0000000008003ba4       0x3a ../GUI/Lib\libSTemWin.a(GRAPH.o)
                0x0000000008003ba4                GRAPH_CreateIndirect
 .text.GRAPH_AttachData
                0x0000000008003bde       0x44 ../GUI/Lib\libSTemWin.a(GRAPH.o)
                0x0000000008003bde                GRAPH_AttachData
 .text.GRAPH_SetGridVis
                0x0000000008003c22       0x30 ../GUI/Lib\libSTemWin.a(GRAPH.o)
                0x0000000008003c22                GRAPH_SetGridVis
 .text.GRAPH_SetBorder
                0x0000000008003c52       0x3c ../GUI/Lib\libSTemWin.a(GRAPH.o)
                0x0000000008003c52                GRAPH_SetBorder
 .text.FRAMEWIN__GetBorderSize
                0x0000000008003c8e       0x44 ../GUI/Lib\libSTemWin.a(FRAMEWIN.o)
                0x0000000008003c8e                FRAMEWIN__GetBorderSize
 .text._SetActive
                0x0000000008003cd2       0x38 ../GUI/Lib\libSTemWin.a(FRAMEWIN.o)
 .text.FRAMEWIN__cbClient
                0x0000000008003d0a       0xe4 ../GUI/Lib\libSTemWin.a(FRAMEWIN.o)
 .text.FRAMEWIN__CalcTitleHeight
                0x0000000008003dee       0x1e ../GUI/Lib\libSTemWin.a(FRAMEWIN.o)
                0x0000000008003dee                FRAMEWIN__CalcTitleHeight
 .text.FRAMEWIN__GetTitleLimits
                0x0000000008003e0c       0x98 ../GUI/Lib\libSTemWin.a(FRAMEWIN.o)
                0x0000000008003e0c                FRAMEWIN__GetTitleLimits
 .text.FRAMEWIN__CalcPositions
                0x0000000008003ea4       0xde ../GUI/Lib\libSTemWin.a(FRAMEWIN.o)
                0x0000000008003ea4                FRAMEWIN__CalcPositions
 .text.FRAMEWIN_SetText
                0x0000000008003f82       0x3e ../GUI/Lib\libSTemWin.a(FRAMEWIN.o)
                0x0000000008003f82                FRAMEWIN_SetText
 .text.FRAMEWIN_CreateUser
                0x0000000008003fc0       0xf4 ../GUI/Lib\libSTemWin.a(FRAMEWIN.o)
                0x0000000008003fc0                FRAMEWIN_CreateUser
 .text.FRAMEWIN_CreateIndirect
                0x00000000080040b4       0x42 ../GUI/Lib\libSTemWin.a(FRAMEWIN.o)
                0x00000000080040b4                FRAMEWIN_CreateIndirect
 .text.FRAMEWIN_SetActive
                0x00000000080040f6        0x8 ../GUI/Lib\libSTemWin.a(FRAMEWIN.o)
                0x00000000080040f6                FRAMEWIN_SetActive
 .text.FRAMEWIN_Callback
                0x00000000080040fe      0x282 ../GUI/Lib\libSTemWin.a(FRAMEWIN.o)
                0x00000000080040fe                FRAMEWIN_Callback
 .text.FRAMEWIN_GetActive
                0x0000000008004380       0x24 ../GUI/Lib\libSTemWin.a(FRAMEWIN.o)
                0x0000000008004380                FRAMEWIN_GetActive
 .text.GUI_CreateDialogBox
                0x00000000080043a4       0xa4 ../GUI/Lib\libSTemWin.a(DIALOG.o)
                0x00000000080043a4                GUI_CreateDialogBox
 .text.WM__ForEachDesc
                0x0000000008004448       0x2a ../GUI/Lib\libSTemWin.a(WM__Private.o)
                0x0000000008004448                WM__ForEachDesc
 .text.WM__GetFirstSibling
                0x0000000008004472       0x12 ../GUI/Lib\libSTemWin.a(WM__Private.o)
                0x0000000008004472                WM__GetFirstSibling
 .text.WM__GetLastSibling
                0x0000000008004484       0x18 ../GUI/Lib\libSTemWin.a(WM__Private.o)
                0x0000000008004484                WM__GetLastSibling
 .text.WM__GetPrevSibling
                0x000000000800449c       0x26 ../GUI/Lib\libSTemWin.a(WM__Private.o)
                0x000000000800449c                WM__GetPrevSibling
 .text.WM__IsAncestor
                0x00000000080044c2       0x22 ../GUI/Lib\libSTemWin.a(WM__Private.o)
                0x00000000080044c2                WM__IsAncestor
 .text.WM__IsAncestorOrSelf
                0x00000000080044e4        0xc ../GUI/Lib\libSTemWin.a(WM__Private.o)
                0x00000000080044e4                WM__IsAncestorOrSelf
 .text.WM__IsChild
                0x00000000080044f0       0x28 ../GUI/Lib\libSTemWin.a(WM__Private.o)
                0x00000000080044f0                WM__IsChild
 .text.WM__GetFocusedChild
                0x0000000008004518       0x24 ../GUI/Lib\libSTemWin.a(WM__Private.o)
                0x0000000008004518                WM__GetFocusedChild
 .text.WM__Screen2Client
                0x000000000800453c       0x12 ../GUI/Lib\libSTemWin.a(WM__Private.o)
                0x000000000800453c                WM__Screen2Client
 *fill*         0x000000000800454e        0x2 
 .text.WM__SendMessage
                0x0000000008004550       0x3c ../GUI/Lib\libSTemWin.a(WM__Private.o)
                0x0000000008004550                WM__SendMessage
 .text.WM__SendMessageNoPara
                0x000000000800458c       0x28 ../GUI/Lib\libSTemWin.a(WM__Private.o)
                0x000000000800458c                WM__SendMessageNoPara
 .text.WM__UpdateChildPositions
                0x00000000080045b4       0xf4 ../GUI/Lib\libSTemWin.a(WM__Private.o)
                0x00000000080045b4                WM__UpdateChildPositions
 .text.WM__AddCriticalHandle
                0x00000000080046a8       0x10 ../GUI/Lib\libSTemWin.a(WM__Private.o)
                0x00000000080046a8                WM__AddCriticalHandle
 .text.WM__GetClientRectEx
                0x00000000080046b8       0x22 ../GUI/Lib\libSTemWin.a(WM__Private.o)
                0x00000000080046b8                WM__GetClientRectEx
 *fill*         0x00000000080046da        0x2 
 .text.WM_SetHasTrans
                0x00000000080046dc       0x40 ../GUI/Lib\libSTemWin.a(WM_SetTrans.o)
                0x00000000080046dc                WM_SetHasTrans
 .text.WM_GetHasTrans
                0x000000000800471c       0x12 ../GUI/Lib\libSTemWin.a(WM_SetTrans.o)
                0x000000000800471c                WM_GetHasTrans
 .text._SetScrollbar
                0x000000000800472e       0x52 ../GUI/Lib\libSTemWin.a(WM_SetScrollbar.o)
 .text.WM__SetScrollbarV
                0x0000000008004780        0x8 ../GUI/Lib\libSTemWin.a(WM_SetScrollbar.o)
                0x0000000008004780                WM__SetScrollbarV
 .text.WM__SetScrollbarH
                0x0000000008004788        0x8 ../GUI/Lib\libSTemWin.a(WM_SetScrollbar.o)
                0x0000000008004788                WM__SetScrollbarH
 .text.WM_SetScrollbarH
                0x0000000008004790        0x4 ../GUI/Lib\libSTemWin.a(WM_SetScrollbar.o)
                0x0000000008004790                WM_SetScrollbarH
 .text.WM_SetScrollbarV
                0x0000000008004794        0x4 ../GUI/Lib\libSTemWin.a(WM_SetScrollbar.o)
                0x0000000008004794                WM_SetScrollbarV
 .text._GetPrevChild
                0x0000000008004798       0x1e ../GUI/Lib\libSTemWin.a(WM_SetFocusOnPrevChild.o)
 .text.WM_SetFocusOnPrevChild
                0x00000000080047b6       0x38 ../GUI/Lib\libSTemWin.a(WM_SetFocusOnPrevChild.o)
                0x00000000080047b6                WM_SetFocusOnPrevChild
 .text._GetNextChild
                0x00000000080047ee       0x26 ../GUI/Lib\libSTemWin.a(WM_SetFocusOnNextChild.o)
 .text.WM_SetFocusOnNextChild
                0x0000000008004814       0x5c ../GUI/Lib\libSTemWin.a(WM_SetFocusOnNextChild.o)
                0x0000000008004814                WM_SetFocusOnNextChild
 .text.WM_SetCaptureMove
                0x0000000008004870       0x9c ../GUI/Lib\libSTemWin.a(WM_SetCaptureMove.o)
                0x0000000008004870                WM_SetCaptureMove
 .text.WM__ReleaseCapture
                0x000000000800490c       0x34 ../GUI/Lib\libSTemWin.a(WM_SetCapture.o)
 .text.WM_SetCapture
                0x0000000008004940       0x34 ../GUI/Lib\libSTemWin.a(WM_SetCapture.o)
                0x0000000008004940                WM_SetCapture
 .text._MoveDescendents
                0x0000000008004974       0x6c ../GUI/Lib\libSTemWin.a(WM_Move.o)
 .text.WM__MoveWindow
                0x00000000080049e0       0xa8 ../GUI/Lib\libSTemWin.a(WM_Move.o)
                0x00000000080049e0                WM__MoveWindow
 .text.WM_MoveWindow
                0x0000000008004a88        0x4 ../GUI/Lib\libSTemWin.a(WM_Move.o)
                0x0000000008004a88                WM_MoveWindow
 .text.WM_DisableMemdev
                0x0000000008004a8c       0x16 ../GUI/Lib\libSTemWin.a(WM_MemDev.o)
                0x0000000008004a8c                WM_DisableMemdev
 .text.WM_ForEachDesc
                0x0000000008004aa2        0x4 ../GUI/Lib\libSTemWin.a(WM_Lib.o)
                0x0000000008004aa2                WM_ForEachDesc
 .text.WM_GetClientRectEx
                0x0000000008004aa6        0x4 ../GUI/Lib\libSTemWin.a(WM_Lib.o)
                0x0000000008004aa6                WM_GetClientRectEx
 *fill*         0x0000000008004aaa        0x2 
 .text.WM_GetClientRect
                0x0000000008004aac       0x1c ../GUI/Lib\libSTemWin.a(WM_Lib.o)
                0x0000000008004aac                WM_GetClientRect
 .text.WM_GetClientWindow
                0x0000000008004ac8       0x1c ../GUI/Lib\libSTemWin.a(WM_Lib.o)
                0x0000000008004ac8                WM_GetClientWindow
 .text.WM_GetDesktopWindow
                0x0000000008004ae4       0x18 ../GUI/Lib\libSTemWin.a(WM_Lib.o)
                0x0000000008004ae4                WM_GetDesktopWindow
 .text.WM_CheckScrollBounds
                0x0000000008004afc       0x1e ../GUI/Lib\libSTemWin.a(WM_Lib.o)
                0x0000000008004afc                WM_CheckScrollBounds
 .text.WM_GetFirstChild
                0x0000000008004b1a       0x10 ../GUI/Lib\libSTemWin.a(WM_Lib.o)
                0x0000000008004b1a                WM_GetFirstChild
 .text.WM_GetFlags
                0x0000000008004b2a        0xe ../GUI/Lib\libSTemWin.a(WM_Lib.o)
                0x0000000008004b2a                WM_GetFlags
 .text.WM_GetFocusedWindow
                0x0000000008004b38       0x14 ../GUI/Lib\libSTemWin.a(WM_Lib.o)
                0x0000000008004b38                WM_GetFocusedWindow
 .text.WM_GetId
                0x0000000008004b4c       0x20 ../GUI/Lib\libSTemWin.a(WM_Lib.o)
                0x0000000008004b4c                WM_GetId
 .text._GetDialogItem
                0x0000000008004b6c       0x44 ../GUI/Lib\libSTemWin.a(WM_Lib.o)
 .text.WM_GetDialogItem
                0x0000000008004bb0       0x42 ../GUI/Lib\libSTemWin.a(WM_Lib.o)
                0x0000000008004bb0                WM_GetDialogItem
 .text.WM_GetInsideRectEx
                0x0000000008004bf2       0x18 ../GUI/Lib\libSTemWin.a(WM_Lib.o)
                0x0000000008004bf2                WM_GetInsideRectEx
 .text.WM_GetNextSibling
                0x0000000008004c0a       0x10 ../GUI/Lib\libSTemWin.a(WM_Lib.o)
                0x0000000008004c0a                WM_GetNextSibling
 .text.WM_GetWindowOrgX
                0x0000000008004c1a       0x10 ../GUI/Lib\libSTemWin.a(WM_Lib.o)
                0x0000000008004c1a                WM_GetWindowOrgX
 .text.WM_GetWindowOrgY
                0x0000000008004c2a       0x10 ../GUI/Lib\libSTemWin.a(WM_Lib.o)
                0x0000000008004c2a                WM_GetWindowOrgY
 *fill*         0x0000000008004c3a        0x2 
 .text.WM_GetOrgX
                0x0000000008004c3c       0x10 ../GUI/Lib\libSTemWin.a(WM_Lib.o)
                0x0000000008004c3c                WM_GetOrgX
 .text.WM_GetOrgY
                0x0000000008004c4c       0x10 ../GUI/Lib\libSTemWin.a(WM_Lib.o)
                0x0000000008004c4c                WM_GetOrgY
 .text.WM_GetParent
                0x0000000008004c5c       0x10 ../GUI/Lib\libSTemWin.a(WM_Lib.o)
                0x0000000008004c5c                WM_GetParent
 .text.WM_BringToBottom
                0x0000000008004c6c       0x86 ../GUI/Lib\libSTemWin.a(WM_Lib.o)
                0x0000000008004c6c                WM_BringToBottom
 .text.WM_GetScrollbarH
                0x0000000008004cf2        0xa ../GUI/Lib\libSTemWin.a(WM_Lib.o)
                0x0000000008004cf2                WM_GetScrollbarH
 .text.WM_GetScrollbarV
                0x0000000008004cfc        0xa ../GUI/Lib\libSTemWin.a(WM_Lib.o)
                0x0000000008004cfc                WM_GetScrollbarV
 .text.WM_GetScrollPartner
                0x0000000008004d06       0x28 ../GUI/Lib\libSTemWin.a(WM_Lib.o)
                0x0000000008004d06                WM_GetScrollPartner
 .text.WM_GetWindowRectEx
                0x0000000008004d2e       0x16 ../GUI/Lib\libSTemWin.a(WM_Lib.o)
                0x0000000008004d2e                WM_GetWindowRectEx
 .text.WM_GetInsideRectExScrollbar
                0x0000000008004d44       0xa8 ../GUI/Lib\libSTemWin.a(WM_Lib.o)
                0x0000000008004d44                WM_GetInsideRectExScrollbar
 .text.WM_HasCaptured
                0x0000000008004dec       0x1c ../GUI/Lib\libSTemWin.a(WM_Lib.o)
                0x0000000008004dec                WM_HasCaptured
 .text.WM_HasFocus
                0x0000000008004e08       0x1c ../GUI/Lib\libSTemWin.a(WM_Lib.o)
                0x0000000008004e08                WM_HasFocus
 .text.WM_IsFocusable
                0x0000000008004e24       0x32 ../GUI/Lib\libSTemWin.a(WM_Lib.o)
                0x0000000008004e24                WM_IsFocusable
 .text.WM_IsWindow
                0x0000000008004e56        0x4 ../GUI/Lib\libSTemWin.a(WM_Lib.o)
                0x0000000008004e56                WM_IsWindow
 *fill*         0x0000000008004e5a        0x2 
 .text.WM_OnKey
                0x0000000008004e5c       0x34 ../GUI/Lib\libSTemWin.a(WM_Lib.o)
                0x0000000008004e5c                WM_OnKey
 .text.WM_ResizeWindow
                0x0000000008004e90       0xf6 ../GUI/Lib\libSTemWin.a(WM_Lib.o)
                0x0000000008004e90                WM_ResizeWindow
 .text.WM_SendMessageNoPara
                0x0000000008004f86        0x4 ../GUI/Lib\libSTemWin.a(WM_Lib.o)
                0x0000000008004f86                WM_SendMessageNoPara
 .text.WM_SendToParent
                0x0000000008004f8a       0x1c ../GUI/Lib\libSTemWin.a(WM_Lib.o)
                0x0000000008004f8a                WM_SendToParent
 .text.WM_NotifyParent
                0x0000000008004fa6       0x14 ../GUI/Lib\libSTemWin.a(WM_Lib.o)
                0x0000000008004fa6                WM_NotifyParent
 *fill*         0x0000000008004fba        0x2 
 .text.WM_SetFocus
                0x0000000008004fbc       0x9c ../GUI/Lib\libSTemWin.a(WM_Lib.o)
                0x0000000008004fbc                WM_SetFocus
 .text.WM_SetScrollState
                0x0000000008005058       0x18 ../GUI/Lib\libSTemWin.a(WM_Lib.o)
                0x0000000008005058                WM_SetScrollState
 .text.WM_SetSize
                0x0000000008005070       0x48 ../GUI/Lib\libSTemWin.a(WM_Lib.o)
                0x0000000008005070                WM_SetSize
 .text.WM_SetUserClipRect
                0x00000000080050b8       0x18 ../GUI/Lib\libSTemWin.a(WM_Lib.o)
                0x00000000080050b8                WM_SetUserClipRect
 .text.WM_InvalidateWindowAndDescs
                0x00000000080050d0       0x26 ../GUI/Lib\libSTemWin.a(WM_Lib.o)
                0x00000000080050d0                WM_InvalidateWindowAndDescs
 .text.WM_ShowWindow
                0x00000000080050f6       0x28 ../GUI/Lib\libSTemWin.a(WM_Lib.o)
                0x00000000080050f6                WM_ShowWindow
 *fill*         0x000000000800511e        0x2 
 .text.WM_ValidateWindow
                0x0000000008005120       0x30 ../GUI/Lib\libSTemWin.a(WM_Lib.o)
                0x0000000008005120                WM_ValidateWindow
 .text.WM_HideWindow
                0x0000000008005150       0x2c ../GUI/Lib\libSTemWin.a(WM_Hide.o)
                0x0000000008005150                WM_HideWindow
 .text.WM__GetWindowSizeX
                0x000000000800517c        0xe ../GUI/Lib\libSTemWin.a(WM_GetWindowSize.o)
                0x000000000800517c                WM__GetWindowSizeX
 .text.WM__GetWindowSizeY
                0x000000000800518a        0xe ../GUI/Lib\libSTemWin.a(WM_GetWindowSize.o)
                0x000000000800518a                WM__GetWindowSizeY
 .text.WM_GetWindowSizeX
                0x0000000008005198       0x2a ../GUI/Lib\libSTemWin.a(WM_GetWindowSize.o)
                0x0000000008005198                WM_GetWindowSizeX
 .text.WM_GetWindowSizeY
                0x00000000080051c2       0x2a ../GUI/Lib\libSTemWin.a(WM_GetWindowSize.o)
                0x00000000080051c2                WM_GetWindowSizeY
 .text._cbInvalidateOne
                0x00000000080051ec        0x4 ../GUI/Lib\libSTemWin.a(WM_BringToTop.o)
 .text.WM_BringToTop
                0x00000000080051f0       0x78 ../GUI/Lib\libSTemWin.a(WM_BringToTop.o)
                0x00000000080051f0                WM_BringToTop
 .text._OnExit  0x0000000008005268       0xac ../GUI/Lib\libSTemWin.a(WM.o)
 .text._Paint1  0x0000000008005314       0x24 ../GUI/Lib\libSTemWin.a(WM.o)
 .text._Findy1  0x0000000008005338       0xac ../GUI/Lib\libSTemWin.a(WM.o)
 .text._Findx0  0x00000000080053e4       0x88 ../GUI/Lib\libSTemWin.a(WM.o)
 .text._Findx1  0x000000000800546c       0x76 ../GUI/Lib\libSTemWin.a(WM.o)
 *fill*         0x00000000080054e2        0x2 
 .text._Paint1Trans
                0x00000000080054e4       0x94 ../GUI/Lib\libSTemWin.a(WM.o)
 .text._PaintTransChildren
                0x0000000008005578       0xb6 ../GUI/Lib\libSTemWin.a(WM.o)
 *fill*         0x000000000800562e        0x2 
 .text.WM__PaintWinAndOverlays
                0x0000000008005630       0x78 ../GUI/Lib\libSTemWin.a(WM.o)
 .text._cbPaintMemDev
                0x00000000080056a8       0x68 ../GUI/Lib\libSTemWin.a(WM.o)
 .text.WM__ClipAtParentBorders
                0x0000000008005710       0x5c ../GUI/Lib\libSTemWin.a(WM.o)
                0x0000000008005710                WM__ClipAtParentBorders
 .text.WM__InsertWindowIntoList
                0x000000000800576c       0xa4 ../GUI/Lib\libSTemWin.a(WM.o)
                0x000000000800576c                WM__InsertWindowIntoList
 .text.WM__RemoveWindowFromList
                0x0000000008005810       0x3c ../GUI/Lib\libSTemWin.a(WM.o)
                0x0000000008005810                WM__RemoveWindowFromList
 .text.WM__Client2Screen
                0x000000000800584c       0x10 ../GUI/Lib\libSTemWin.a(WM.o)
                0x000000000800584c                WM__Client2Screen
 .text._SetClipRectUserIntersect
                0x000000000800585c       0x50 ../GUI/Lib\libSTemWin.a(WM.o)
 .text.WM__ActivateClipRect
                0x00000000080058ac       0x48 ../GUI/Lib\libSTemWin.a(WM.o)
                0x00000000080058ac                WM__ActivateClipRect
 .text.WM__IsWindow
                0x00000000080058f4       0x20 ../GUI/Lib\libSTemWin.a(WM.o)
                0x00000000080058f4                WM__IsWindow
 .text.WM__InvalidateDrawAndDescs
                0x0000000008005914       0x50 ../GUI/Lib\libSTemWin.a(WM.o)
                0x0000000008005914                WM__InvalidateDrawAndDescs
 .text.WM__RectIsNZ
                0x0000000008005964       0x22 ../GUI/Lib\libSTemWin.a(WM.o)
                0x0000000008005964                WM__RectIsNZ
 .text.WM_SendMessage
                0x0000000008005986        0x8 ../GUI/Lib\libSTemWin.a(WM.o)
                0x0000000008005986                WM_SendMessage
 .text.WM__SendMsgNoData
                0x000000000800598e       0x16 ../GUI/Lib\libSTemWin.a(WM.o)
                0x000000000800598e                WM__SendMsgNoData
 .text.WM__GetClientRectWin
                0x00000000080059a4       0x18 ../GUI/Lib\libSTemWin.a(WM.o)
                0x00000000080059a4                WM__GetClientRectWin
 .text.WM__GetTopLevelLayer
                0x00000000080059bc       0x28 ../GUI/Lib\libSTemWin.a(WM.o)
                0x00000000080059bc                WM__GetTopLevelLayer
 .text._Invalidate1Abs
                0x00000000080059e4       0xa0 ../GUI/Lib\libSTemWin.a(WM.o)
 .text.WM__Invalidate1Abs
                0x0000000008005a84        0x6 ../GUI/Lib\libSTemWin.a(WM.o)
                0x0000000008005a84                WM__Invalidate1Abs
 .text.WM_InvalidateWindowAndDescsEx
                0x0000000008005a8a       0x64 ../GUI/Lib\libSTemWin.a(WM.o)
                0x0000000008005a8a                WM_InvalidateWindowAndDescsEx
 .text.WM__InvalidateRect
                0x0000000008005aee       0x78 ../GUI/Lib\libSTemWin.a(WM.o)
                0x0000000008005aee                WM__InvalidateRect
 .text.WM__InvalidateParent
                0x0000000008005b66       0x2a ../GUI/Lib\libSTemWin.a(WM.o)
                0x0000000008005b66                WM__InvalidateParent
 .text.WM__InvalidateRectEx
                0x0000000008005b90        0x6 ../GUI/Lib\libSTemWin.a(WM.o)
                0x0000000008005b90                WM__InvalidateRectEx
 .text.WM__DetachWindow
                0x0000000008005b96       0x2a ../GUI/Lib\libSTemWin.a(WM.o)
                0x0000000008005b96                WM__DetachWindow
 .text.WM_InvalidateRect
                0x0000000008005bc0       0x78 ../GUI/Lib\libSTemWin.a(WM.o)
                0x0000000008005bc0                WM_InvalidateRect
 .text.WM_InvalidateWindow
                0x0000000008005c38        0x6 ../GUI/Lib\libSTemWin.a(WM.o)
                0x0000000008005c38                WM_InvalidateWindow
 .text.WM__SelectTopLevelLayer
                0x0000000008005c3e       0x14 ../GUI/Lib\libSTemWin.a(WM.o)
                0x0000000008005c3e                WM__SelectTopLevelLayer
 *fill*         0x0000000008005c52        0x2 
 .text.WM_SelectWindow
                0x0000000008005c54       0x40 ../GUI/Lib\libSTemWin.a(WM.o)
                0x0000000008005c54                WM_SelectWindow
 .text.WM_CreateWindowAsChild
                0x0000000008005c94      0x154 ../GUI/Lib\libSTemWin.a(WM.o)
                0x0000000008005c94                WM_CreateWindowAsChild
 .text.WM_DeleteWindow
                0x0000000008005de8      0x114 ../GUI/Lib\libSTemWin.a(WM.o)
                0x0000000008005de8                WM_DeleteWindow
 .text._Exec1Input
                0x0000000008005efc       0x84 ../GUI/Lib\libSTemWin.a(WM.o)
 .text.WM_GetActiveWindow
                0x0000000008005f80        0xc ../GUI/Lib\libSTemWin.a(WM.o)
                0x0000000008005f80                WM_GetActiveWindow
 .text.WM__GetNextIVR
                0x0000000008005f8c      0x184 ../GUI/Lib\libSTemWin.a(WM.o)
                0x0000000008005f8c                WM__GetNextIVR
 .text.WM__InitIVRSearch
                0x0000000008006110       0xfc ../GUI/Lib\libSTemWin.a(WM.o)
                0x0000000008006110                WM__InitIVRSearch
 .text.WM_SetDefault
                0x000000000800620c       0x14 ../GUI/Lib\libSTemWin.a(WM.o)
                0x000000000800620c                WM_SetDefault
 .text.WM__Paint1
                0x0000000008006220       0x90 ../GUI/Lib\libSTemWin.a(WM.o)
                0x0000000008006220                WM__Paint1
 .text.WM__Paint
                0x00000000080062b0       0xac ../GUI/Lib\libSTemWin.a(WM.o)
                0x00000000080062b0                WM__Paint
 .text._Exec1Draw
                0x000000000800635c       0x80 ../GUI/Lib\libSTemWin.a(WM.o)
 .text.WM__DeleteSecure
                0x00000000080063dc       0x1c ../GUI/Lib\libSTemWin.a(WM.o)
                0x00000000080063dc                WM__DeleteSecure
 .text.WM_Exec  0x00000000080063f8       0x78 ../GUI/Lib\libSTemWin.a(WM.o)
                0x00000000080063f8                WM_Exec
 .text.WM_Activate
                0x0000000008006470       0x10 ../GUI/Lib\libSTemWin.a(WM.o)
                0x0000000008006470                WM_Activate
 .text.WM_Deactivate
                0x0000000008006480       0x14 ../GUI/Lib\libSTemWin.a(WM.o)
                0x0000000008006480                WM_Deactivate
 .text.WM_DefaultProc
                0x0000000008006494       0x48 ../GUI/Lib\libSTemWin.a(WM.o)
                0x0000000008006494                WM_DefaultProc
 .text._cbBackWin
                0x00000000080064dc       0x68 ../GUI/Lib\libSTemWin.a(WM.o)
 .text.WM_Init  0x0000000008006544       0xf4 ../GUI/Lib\libSTemWin.a(WM.o)
                0x0000000008006544                WM_Init
 .text._CreateStaticDevice
                0x0000000008006638      0x174 ../GUI/Lib\libSTemWin.a(GUIDEV_StaticDevices.o)
 .text.GUI_MEMDEV_Paint1Static
                0x00000000080067ac       0x1c ../GUI/Lib\libSTemWin.a(GUIDEV_StaticDevices.o)
                0x00000000080067ac                GUI_MEMDEV_Paint1Static
 .text.GUI_MEMDEV_SetOrg
                0x00000000080067c8       0x54 ../GUI/Lib\libSTemWin.a(GUIDEV_SetOrg.o)
                0x00000000080067c8                GUI_MEMDEV_SetOrg
 .text.GUI_MEMDEV_GetYSize
                0x000000000800681c       0x2c ../GUI/Lib\libSTemWin.a(GUIDEV_GetYSize.o)
                0x000000000800681c                GUI_MEMDEV_GetYSize
 .text.GUI_MEMDEV_GetDataPtr
                0x0000000008006848       0x1e ../GUI/Lib\libSTemWin.a(GUIDEV_GetDataPtr.o)
                0x0000000008006848                GUI_MEMDEV_GetDataPtr
 *fill*         0x0000000008006866        0x2 
 .text.GUI_MEMDEV_Draw
                0x0000000008006868      0x150 ../GUI/Lib\libSTemWin.a(GUIDEV_Banding.o)
                0x0000000008006868                GUI_MEMDEV_Draw
 .text._GetDevData
                0x00000000080069b8       0x10 ../GUI/Lib\libSTemWin.a(GUIDEV_32.o)
 .text._GetDevFunc
                0x00000000080069c8       0x10 ../GUI/Lib\libSTemWin.a(GUIDEV_32.o)
 .text._GetDevProp
                0x00000000080069d8        0xa ../GUI/Lib\libSTemWin.a(GUIDEV_32.o)
 .text._SetOrg  0x00000000080069e2        0xc ../GUI/Lib\libSTemWin.a(GUIDEV_32.o)
 .text._GetRect
                0x00000000080069ee       0x32 ../GUI/Lib\libSTemWin.a(GUIDEV_32.o)
 .text._XY2PTR  0x0000000008006a20       0x40 ../GUI/Lib\libSTemWin.a(GUIDEV_32.o)
 .text._GetPixelIndex
                0x0000000008006a60        0xe ../GUI/Lib\libSTemWin.a(GUIDEV_32.o)
 *fill*         0x0000000008006a6e        0x2 
 .text._XorPixel
                0x0000000008006a70       0x5c ../GUI/Lib\libSTemWin.a(GUIDEV_32.o)
 .text._SetPixelIndex
                0x0000000008006acc       0x4c ../GUI/Lib\libSTemWin.a(GUIDEV_32.o)
 .text._DrawVLine
                0x0000000008006b18       0xbc ../GUI/Lib\libSTemWin.a(GUIDEV_32.o)
 .text._FillRect
                0x0000000008006bd4       0xb8 ../GUI/Lib\libSTemWin.a(GUIDEV_32.o)
 .text._DrawHLine
                0x0000000008006c8c        0xe ../GUI/Lib\libSTemWin.a(GUIDEV_32.o)
 *fill*         0x0000000008006c9a        0x2 
 .text._DrawBitmap
                0x0000000008006c9c      0x740 ../GUI/Lib\libSTemWin.a(GUIDEV_32.o)
 .text.GUI_MEMDEV__WriteToActiveAt
                0x00000000080073dc       0x38 ../GUI/Lib\libSTemWin.a(GUIDEV.o)
                0x00000000080073dc                GUI_MEMDEV__WriteToActiveAt
 .text.GUI_MEMDEV__CreateFixed
                0x0000000008007414      0x104 ../GUI/Lib\libSTemWin.a(GUIDEV.o)
                0x0000000008007414                GUI_MEMDEV__CreateFixed
 .text.GUI_MEMDEV_GetBitsPerPixel
                0x0000000008007518       0x2a ../GUI/Lib\libSTemWin.a(GUIDEV.o)
                0x0000000008007518                GUI_MEMDEV_GetBitsPerPixel
 *fill*         0x0000000008007542        0x2 
 .text.GUI_MEMDEV_Delete
                0x0000000008007544       0x44 ../GUI/Lib\libSTemWin.a(GUIDEV.o)
                0x0000000008007544                GUI_MEMDEV_Delete
 .text.GUI_MEMDEV_CreateEx
                0x0000000008007588       0x78 ../GUI/Lib\libSTemWin.a(GUIDEV.o)
                0x0000000008007588                GUI_MEMDEV_CreateEx
 .text.GUI_MEMDEV_Select
                0x0000000008007600       0x4c ../GUI/Lib\libSTemWin.a(GUIDEV.o)
                0x0000000008007600                GUI_MEMDEV_Select
 .text.GUI_MEMDEV_CopyToLCDAt
                0x000000000800764c       0xa4 ../GUI/Lib\libSTemWin.a(GUIDEV.o)
                0x000000000800764c                GUI_MEMDEV_CopyToLCDAt
 .text.GUI_MEMDEV_CopyToLCD
                0x00000000080076f0        0xc ../GUI/Lib\libSTemWin.a(GUIDEV.o)
                0x00000000080076f0                GUI_MEMDEV_CopyToLCD
 .text._SetPhysRAMAddr
                0x00000000080076fc       0xa2 ../GUI/Lib\libSTemWin.a(GUIDRV_FlexColor_Func66709.o)
 .text._SetRect
                0x000000000800779e       0xa6 ../GUI/Lib\libSTemWin.a(GUIDRV_FlexColor_Func66709.o)
 .text._SetOrientation
                0x0000000008007844       0x3c ../GUI/Lib\libSTemWin.a(GUIDRV_FlexColor_Func66709.o)
 .text._ReadPixel_16bpp_B8
                0x0000000008007880       0x38 ../GUI/Lib\libSTemWin.a(GUIDRV_FlexColor_Func66709.o)
 .text._ReadPixel_16bpp_B16_I
                0x00000000080078b8       0x3e ../GUI/Lib\libSTemWin.a(GUIDRV_FlexColor_Func66709.o)
 .text._SetReg_B8
                0x00000000080078f6       0x18 ../GUI/Lib\libSTemWin.a(GUIDRV_FlexColor_Func66709.o)
 .text._SetReg_B16
                0x000000000800790e        0xc ../GUI/Lib\libSTemWin.a(GUIDRV_FlexColor_Func66709.o)
 .text._WritePara_B8
                0x000000000800791a        0xc ../GUI/Lib\libSTemWin.a(GUIDRV_FlexColor_Func66709.o)
 .text._WritePara_B16
                0x0000000008007926        0xc ../GUI/Lib\libSTemWin.a(GUIDRV_FlexColor_Func66709.o)
 *fill*         0x0000000008007932        0x2 
 .text._SetInterface
                0x0000000008007934       0x34 ../GUI/Lib\libSTemWin.a(GUIDRV_FlexColor_Func66709.o)
 .text._ReadRect_16bpp_B8
                0x0000000008007968       0x60 ../GUI/Lib\libSTemWin.a(GUIDRV_FlexColor_Func66709.o)
 .text._ReadRect_16bpp_B16_I
                0x00000000080079c8       0x62 ../GUI/Lib\libSTemWin.a(GUIDRV_FlexColor_Func66709.o)
 *fill*         0x0000000008007a2a        0x2 
 .text.GUIDRV_FlexColor_SetFunc66709
                0x0000000008007a2c       0x74 ../GUI/Lib\libSTemWin.a(GUIDRV_FlexColor_Func66709.o)
                0x0000000008007a2c                GUIDRV_FlexColor_SetFunc66709
 .text._WriteU16_A1
                0x0000000008007aa0       0x18 ../GUI/Lib\libSTemWin.a(GUIDRV_FlexColor_16bpp_C0B8.o)
 .text._WriteDataMP
                0x0000000008007ab8       0x46 ../GUI/Lib\libSTemWin.a(GUIDRV_FlexColor_16bpp_C0B8.o)
 .text._ReadData
                0x0000000008007afe        0xa ../GUI/Lib\libSTemWin.a(GUIDRV_FlexColor_16bpp_C0B8.o)
 .text._WriteData
                0x0000000008007b08        0x6 ../GUI/Lib\libSTemWin.a(GUIDRV_FlexColor_16bpp_C0B8.o)
 *fill*         0x0000000008007b0e        0x2 
 .text._FillRect
                0x0000000008007b10      0x10c ../GUI/Lib\libSTemWin.a(GUIDRV_FlexColor_16bpp_C0B8.o)
 .text._DrawBitmap
                0x0000000008007c1c      0x514 ../GUI/Lib\libSTemWin.a(GUIDRV_FlexColor_16bpp_C0B8.o)
 .text.GUIDRV_FlexColor_SetMode16bppC0B8
                0x0000000008008130       0x68 ../GUI/Lib\libSTemWin.a(GUIDRV_FlexColor_16bpp_C0B8.o)
                0x0000000008008130                GUIDRV_FlexColor_SetMode16bppC0B8
 .text._Log2PhysX_X0Y0S0
                0x0000000008008198        0x4 ../GUI/Lib\libSTemWin.a(GUIDRV_FlexColor.o)
 .text._Log2PhysX_X1Y0S0
                0x000000000800819c        0x8 ../GUI/Lib\libSTemWin.a(GUIDRV_FlexColor.o)
 .text._Log2PhysX_X0Y1S0
                0x00000000080081a4        0x4 ../GUI/Lib\libSTemWin.a(GUIDRV_FlexColor.o)
 .text._Log2PhysX_X1Y1S0
                0x00000000080081a8        0x8 ../GUI/Lib\libSTemWin.a(GUIDRV_FlexColor.o)
 .text._Log2PhysX_X0Y0S1
                0x00000000080081b0        0x4 ../GUI/Lib\libSTemWin.a(GUIDRV_FlexColor.o)
 .text._Log2PhysX_X1Y0S1
                0x00000000080081b4        0x8 ../GUI/Lib\libSTemWin.a(GUIDRV_FlexColor.o)
 .text._Log2PhysX_X0Y1S1
                0x00000000080081bc        0x4 ../GUI/Lib\libSTemWin.a(GUIDRV_FlexColor.o)
 .text._Log2PhysX_X1Y1S1
                0x00000000080081c0        0x8 ../GUI/Lib\libSTemWin.a(GUIDRV_FlexColor.o)
 .text._Log2PhysY_X0Y0S0
                0x00000000080081c8        0x4 ../GUI/Lib\libSTemWin.a(GUIDRV_FlexColor.o)
 .text._Log2PhysY_X1Y0S0
                0x00000000080081cc        0x4 ../GUI/Lib\libSTemWin.a(GUIDRV_FlexColor.o)
 .text._Log2PhysY_X0Y1S0
                0x00000000080081d0        0x8 ../GUI/Lib\libSTemWin.a(GUIDRV_FlexColor.o)
 .text._Log2PhysY_X1Y1S0
                0x00000000080081d8        0x8 ../GUI/Lib\libSTemWin.a(GUIDRV_FlexColor.o)
 .text._Log2PhysY_X0Y0S1
                0x00000000080081e0        0x4 ../GUI/Lib\libSTemWin.a(GUIDRV_FlexColor.o)
 .text._Log2PhysY_X1Y0S1
                0x00000000080081e4        0x4 ../GUI/Lib\libSTemWin.a(GUIDRV_FlexColor.o)
 .text._Log2PhysY_X0Y1S1
                0x00000000080081e8        0x8 ../GUI/Lib\libSTemWin.a(GUIDRV_FlexColor.o)
 .text._Log2PhysY_X1Y1S1
                0x00000000080081f0        0x8 ../GUI/Lib\libSTemWin.a(GUIDRV_FlexColor.o)
 .text._SetPixelIndex
                0x00000000080081f8        0xc ../GUI/Lib\libSTemWin.a(GUIDRV_FlexColor.o)
 .text._GetPixelIndex
                0x0000000008008204        0xc ../GUI/Lib\libSTemWin.a(GUIDRV_FlexColor.o)
 .text._XorPixel
                0x0000000008008210       0x28 ../GUI/Lib\libSTemWin.a(GUIDRV_FlexColor.o)
 .text._DrawHLine
                0x0000000008008238       0x10 ../GUI/Lib\libSTemWin.a(GUIDRV_FlexColor.o)
 .text._DrawVLine
                0x0000000008008248       0x12 ../GUI/Lib\libSTemWin.a(GUIDRV_FlexColor.o)
 .text._FillRect
                0x000000000800825a       0x12 ../GUI/Lib\libSTemWin.a(GUIDRV_FlexColor.o)
 .text._DrawBitmap
                0x000000000800826c       0x28 ../GUI/Lib\libSTemWin.a(GUIDRV_FlexColor.o)
 .text._GetDevFunc_SetRect
                0x0000000008008294        0x2 ../GUI/Lib\libSTemWin.a(GUIDRV_FlexColor.o)
 *fill*         0x0000000008008296        0x2 
 .text._GetDevFunc_SetRectOutside
                0x0000000008008298       0x40 ../GUI/Lib\libSTemWin.a(GUIDRV_FlexColor.o)
 .text._ReadPixelCust_16bpp
                0x00000000080082d8        0xe ../GUI/Lib\libSTemWin.a(GUIDRV_FlexColor.o)
 .text._ReadPixelCust_18bpp
                0x00000000080082e6        0xe ../GUI/Lib\libSTemWin.a(GUIDRV_FlexColor.o)
 .text._ReadRectCust_16bpp
                0x00000000080082f4       0x36 ../GUI/Lib\libSTemWin.a(GUIDRV_FlexColor.o)
 .text._ReadRectCust_18bpp
                0x000000000800832a       0x36 ../GUI/Lib\libSTemWin.a(GUIDRV_FlexColor.o)
 .text._GetDevFunc
                0x0000000008008360       0x7c ../GUI/Lib\libSTemWin.a(GUIDRV_FlexColor.o)
 .text._GetDevProp
                0x00000000080083dc       0x5a ../GUI/Lib\libSTemWin.a(GUIDRV_FlexColor.o)
 .text._GetDevData
                0x0000000008008436        0xc ../GUI/Lib\libSTemWin.a(GUIDRV_FlexColor.o)
 .text._GetRect
                0x0000000008008442       0x16 ../GUI/Lib\libSTemWin.a(GUIDRV_FlexColor.o)
 .text.GUIDRV_FlexColor__SetLog2Phys
                0x0000000008008458       0x48 ../GUI/Lib\libSTemWin.a(GUIDRV_FlexColor.o)
                0x0000000008008458                GUIDRV_FlexColor__SetLog2Phys
 .text._SetOrg  0x00000000080084a0       0x16 ../GUI/Lib\libSTemWin.a(GUIDRV_FlexColor.o)
 .text.GUIDRV_FlexColor__SetPixelIndexNoCache
                0x00000000080084b6       0x90 ../GUI/Lib\libSTemWin.a(GUIDRV_FlexColor.o)
                0x00000000080084b6                GUIDRV_FlexColor__SetPixelIndexNoCache
 .text.GUIDRV_FlexColor__GetPixelIndexNoCache
                0x0000000008008546       0xb2 ../GUI/Lib\libSTemWin.a(GUIDRV_FlexColor.o)
                0x0000000008008546                GUIDRV_FlexColor__GetPixelIndexNoCache
 .text.GUIDRV_FlexColor__InitOnce
                0x00000000080085f8       0x3c ../GUI/Lib\libSTemWin.a(GUIDRV_FlexColor.o)
                0x00000000080085f8                GUIDRV_FlexColor__InitOnce
 .text._SetDevFunc
                0x0000000008008634       0x9c ../GUI/Lib\libSTemWin.a(GUIDRV_FlexColor.o)
 .text._GetDevFunc_Init
                0x00000000080086d0       0x4a ../GUI/Lib\libSTemWin.a(GUIDRV_FlexColor.o)
 .text._GetDevFunc_SetSize
                0x000000000800871a       0x14 ../GUI/Lib\libSTemWin.a(GUIDRV_FlexColor.o)
 .text._GetDevFunc_SetVSize
                0x000000000800872e       0x14 ../GUI/Lib\libSTemWin.a(GUIDRV_FlexColor.o)
 .text._GetDevFunc_Off
                0x0000000008008742       0x16 ../GUI/Lib\libSTemWin.a(GUIDRV_FlexColor.o)
 .text._GetDevFunc_On
                0x0000000008008758       0x16 ../GUI/Lib\libSTemWin.a(GUIDRV_FlexColor.o)
 .text.GUIDRV_FlexColor_Config
                0x000000000800876e       0x3c ../GUI/Lib\libSTemWin.a(GUIDRV_FlexColor.o)
                0x000000000800876e                GUIDRV_FlexColor_Config
 .text.GUIDRV_FlexColor_SetFunc
                0x00000000080087aa       0x32 ../GUI/Lib\libSTemWin.a(GUIDRV_FlexColor.o)
                0x00000000080087aa                GUIDRV_FlexColor_SetFunc
 .text.LCD_UpdateColorIndices
                0x00000000080087dc       0x24 ../GUI/Lib\libSTemWin.a(LCD_UpdateColorIndices.o)
                0x00000000080087dc                LCD_UpdateColorIndices
 .text.LCD_SetClipRectEx
                0x0000000008008800       0x30 ../GUI/Lib\libSTemWin.a(LCD_SetClipRectEx.o)
                0x0000000008008800                LCD_SetClipRectEx
 .text.LCD_SetVSizeEx
                0x0000000008008830       0x30 ../GUI/Lib\libSTemWin.a(LCD_Set.o)
                0x0000000008008830                LCD_SetVSizeEx
 .text.LCD_SetSizeEx
                0x0000000008008860       0x30 ../GUI/Lib\libSTemWin.a(LCD_Set.o)
                0x0000000008008860                LCD_SetSizeEx
 .text.LCD_SetLUTEntryEx
                0x0000000008008890       0x30 ../GUI/Lib\libSTemWin.a(LCD_Set.o)
                0x0000000008008890                LCD_SetLUTEntryEx
 .text._GetDevProp
                0x00000000080088c0       0x1e ../GUI/Lib\libSTemWin.a(LCD_GetEx.o)
 .text._GetMaxValue
                0x00000000080088de       0x22 ../GUI/Lib\libSTemWin.a(LCD_GetEx.o)
 .text.LCD_GetXSizeEx
                0x0000000008008900        0x6 ../GUI/Lib\libSTemWin.a(LCD_GetEx.o)
                0x0000000008008900                LCD_GetXSizeEx
 .text.LCD_GetYSizeEx
                0x0000000008008906        0x6 ../GUI/Lib\libSTemWin.a(LCD_GetEx.o)
                0x0000000008008906                LCD_GetYSizeEx
 .text.LCD_GetVXSizeEx
                0x000000000800890c        0x6 ../GUI/Lib\libSTemWin.a(LCD_GetEx.o)
                0x000000000800890c                LCD_GetVXSizeEx
 .text.LCD_GetVYSizeEx
                0x0000000008008912        0x6 ../GUI/Lib\libSTemWin.a(LCD_GetEx.o)
                0x0000000008008912                LCD_GetVYSizeEx
 .text.LCD_GetBitsPerPixelEx
                0x0000000008008918        0x6 ../GUI/Lib\libSTemWin.a(LCD_GetEx.o)
                0x0000000008008918                LCD_GetBitsPerPixelEx
 .text.LCD_GetNumColorsEx
                0x000000000800891e        0x6 ../GUI/Lib\libSTemWin.a(LCD_GetEx.o)
                0x000000000800891e                LCD_GetNumColorsEx
 .text.LCD_GetXSize
                0x0000000008008924       0x10 ../GUI/Lib\libSTemWin.a(LCD_GetEx.o)
                0x0000000008008924                LCD_GetXSize
 .text.LCD_GetYSize
                0x0000000008008934       0x10 ../GUI/Lib\libSTemWin.a(LCD_GetEx.o)
                0x0000000008008934                LCD_GetYSize
 .text.LCD_GetNumColors
                0x0000000008008944       0x10 ../GUI/Lib\libSTemWin.a(LCD_GetEx.o)
                0x0000000008008944                LCD_GetNumColors
 .text.GUI_GetBitsPerPixelEx
                0x0000000008008954       0x18 ../GUI/Lib\libSTemWin.a(LCD_GetEx.o)
                0x0000000008008954                GUI_GetBitsPerPixelEx
 .text.LCD_GetPaletteEx
                0x000000000800896c       0x14 ../GUI/Lib\libSTemWin.a(LCD_GetEx.o)
                0x000000000800896c                LCD_GetPaletteEx
 .text.LCD_GetPalette
                0x0000000008008980       0x10 ../GUI/Lib\libSTemWin.a(LCD_GetEx.o)
                0x0000000008008980                LCD_GetPalette
 .text.GUI_GetpfIndex2ColorEx
                0x0000000008008990       0x10 ../GUI/Lib\libSTemWin.a(LCD_GetEx.o)
                0x0000000008008990                GUI_GetpfIndex2ColorEx
 .text.GUI_GetpfColor2IndexEx
                0x00000000080089a0       0x10 ../GUI/Lib\libSTemWin.a(LCD_GetEx.o)
                0x00000000080089a0                GUI_GetpfColor2IndexEx
 .text.LCD_GetXSizeMax
                0x00000000080089b0        0x6 ../GUI/Lib\libSTemWin.a(LCD_GetEx.o)
                0x00000000080089b0                LCD_GetXSizeMax
 .text.LCD_GetYSizeMax
                0x00000000080089b6        0x6 ../GUI/Lib\libSTemWin.a(LCD_GetEx.o)
                0x00000000080089b6                LCD_GetYSizeMax
 .text.LCD_GetVXSizeMax
                0x00000000080089bc        0x6 ../GUI/Lib\libSTemWin.a(LCD_GetEx.o)
                0x00000000080089bc                LCD_GetVXSizeMax
 *fill*         0x00000000080089c2        0x2 
 .text.LCD_SetDisplaySize
                0x00000000080089c4       0x14 ../GUI/Lib\libSTemWin.a(LCD_GetEx.o)
                0x00000000080089c4                LCD_SetDisplaySize
 .text.LCD_GetXSizeDisplay
                0x00000000080089d8        0xc ../GUI/Lib\libSTemWin.a(LCD_GetEx.o)
                0x00000000080089d8                LCD_GetXSizeDisplay
 .text.LCD_GetYSizeDisplay
                0x00000000080089e4        0xc ../GUI/Lib\libSTemWin.a(LCD_GetEx.o)
                0x00000000080089e4                LCD_GetYSizeDisplay
 .text.LCD__GetBPP
                0x00000000080089f0       0x7e ../GUI/Lib\libSTemWin.a(LCD_GetEx.o)
                0x00000000080089f0                LCD__GetBPP
 .text.LCD__GetBPPDevice
                0x0000000008008a6e       0x2c ../GUI/Lib\libSTemWin.a(LCD_GetEx.o)
                0x0000000008008a6e                LCD__GetBPPDevice
 *fill*         0x0000000008008a9a        0x2 
 .text._SetDrawMode
                0x0000000008008a9c       0x28 ../GUI/Lib\libSTemWin.a(LCD.o)
 .text.LCD_SetDrawMode
                0x0000000008008ac4       0x10 ../GUI/Lib\libSTemWin.a(LCD.o)
                0x0000000008008ac4                LCD_SetDrawMode
 .text.LCD_DrawPixel
                0x0000000008008ad4       0x5c ../GUI/Lib\libSTemWin.a(LCD.o)
                0x0000000008008ad4                LCD_DrawPixel
 .text.LCD_DrawHLine
                0x0000000008008b30       0x4c ../GUI/Lib\libSTemWin.a(LCD.o)
                0x0000000008008b30                LCD_DrawHLine
 .text.LCD_DrawVLine
                0x0000000008008b7c       0x4c ../GUI/Lib\libSTemWin.a(LCD.o)
                0x0000000008008b7c                LCD_DrawVLine
 .text.LCD_FillRect
                0x0000000008008bc8       0x58 ../GUI/Lib\libSTemWin.a(LCD.o)
                0x0000000008008bc8                LCD_FillRect
 .text.LCD__DrawBitmap_1bpp
                0x0000000008008c20      0x1b8 ../GUI/Lib\libSTemWin.a(LCD.o)
                0x0000000008008c20                LCD__DrawBitmap_1bpp
 .text.LCD_DrawBitmap
                0x0000000008008dd8      0x218 ../GUI/Lib\libSTemWin.a(LCD.o)
                0x0000000008008dd8                LCD_DrawBitmap
 .text.LCD_SetClipRectMax
                0x0000000008008ff0       0x20 ../GUI/Lib\libSTemWin.a(LCD.o)
                0x0000000008008ff0                LCD_SetClipRectMax
 .text.emWin_LCD_Init
                0x0000000008009010       0xa8 ../GUI/Lib\libSTemWin.a(LCD.o)
                0x0000000008009010                emWin_LCD_Init
 .text.LCD_Color2Index
                0x00000000080090b8       0x20 ../GUI/Lib\libSTemWin.a(LCD.o)
                0x00000000080090b8                LCD_Color2Index
 .text.LCD_Index2Color
                0x00000000080090d8       0x20 ../GUI/Lib\libSTemWin.a(LCD.o)
                0x00000000080090d8                LCD_Index2Color
 .text.LCD_SetColorIndex
                0x00000000080090f8       0x18 ../GUI/Lib\libSTemWin.a(LCD.o)
                0x00000000080090f8                LCD_SetColorIndex
 .text._SetColor
                0x0000000008009110       0x20 ../GUI/Lib\libSTemWin.a(LCD.o)
 .text.LCD_SetBkColorIndex
                0x0000000008009130       0x18 ../GUI/Lib\libSTemWin.a(LCD.o)
                0x0000000008009130                LCD_SetBkColorIndex
 .text._SetBkColor
                0x0000000008009148       0x20 ../GUI/Lib\libSTemWin.a(LCD.o)
 .text.LCD_SetBkColor
                0x0000000008009168       0x10 ../GUI/Lib\libSTemWin.a(LCD.o)
                0x0000000008009168                LCD_SetBkColor
 .text.LCD_SetColor
                0x0000000008009178       0x10 ../GUI/Lib\libSTemWin.a(LCD.o)
                0x0000000008009178                LCD_SetColor
 .text.GUI__DivideRound32
                0x0000000008009188       0x1a ../GUI/Lib\libSTemWin.a(GUI__Private.o)
                0x0000000008009188                GUI__DivideRound32
 .text.GUI__HandleEOLine
                0x00000000080091a2       0x28 ../GUI/Lib\libSTemWin.a(GUI__Private.o)
                0x00000000080091a2                GUI__HandleEOLine
 .text.GUI__IntersectRect
                0x00000000080091ca       0x3c ../GUI/Lib\libSTemWin.a(GUI__Private.o)
                0x00000000080091ca                GUI__IntersectRect
 .text.GUI__IntersectRects
                0x0000000008009206       0x64 ../GUI/Lib\libSTemWin.a(GUI__Private.o)
                0x0000000008009206                GUI__IntersectRects
 .text.GUI__memset16
                0x000000000800926a       0x5c ../GUI/Lib\libSTemWin.a(GUI__Private.o)
                0x000000000800926a                GUI__memset16
 .text.GUI__ReduceRect
                0x00000000080092c6       0x1c ../GUI/Lib\libSTemWin.a(GUI__Private.o)
                0x00000000080092c6                GUI__ReduceRect
 .text.GUI__sqrt32
                0x00000000080092e2       0x26 ../GUI/Lib\libSTemWin.a(GUI__Private.o)
                0x00000000080092e2                GUI__sqrt32
 .text.GUI__strcmp
                0x0000000008009308       0x2c ../GUI/Lib\libSTemWin.a(GUI__Private.o)
                0x0000000008009308                GUI__strcmp
 .text.GUI__strcmp_hp
                0x0000000008009334       0x28 ../GUI/Lib\libSTemWin.a(GUI__Private.o)
                0x0000000008009334                GUI__strcmp_hp
 .text.GUI__strlen
                0x000000000800935c       0x12 ../GUI/Lib\libSTemWin.a(GUI__Private.o)
                0x000000000800935c                GUI__strlen
 *fill*         0x000000000800936e        0x2 
 .text.GUI__SetText
                0x0000000008009370       0x7c ../GUI/Lib\libSTemWin.a(GUI__Private.o)
                0x0000000008009370                GUI__SetText
 .text.GUI__ManageCacheEx
                0x00000000080093ec       0xe8 ../GUI/Lib\libSTemWin.a(GUI__ManageCache.o)
                0x00000000080093ec                GUI__ManageCacheEx
 .text.GUI__ManageCache
                0x00000000080094d4       0x10 ../GUI/Lib\libSTemWin.a(GUI__ManageCache.o)
                0x00000000080094d4                GUI__ManageCache
 .text.GUI__MixColors
                0x00000000080094e4       0x5a ../GUI/Lib\libSTemWin.a(GUI__Alpha.o)
                0x00000000080094e4                GUI__MixColors
 *fill*         0x000000000800953e        0x2 
 .text._OnExit  0x0000000008009540       0x40 ../GUI/Lib\libSTemWin.a(GUI__Alpha.o)
 .text.GUI__GetAlphaBuffer
                0x0000000008009580       0xc8 ../GUI/Lib\libSTemWin.a(GUI__Alpha.o)
                0x0000000008009580                GUI__GetAlphaBuffer
 .text.GUI__DoAlphaBlending
                0x0000000008009648      0x1d4 ../GUI/Lib\libSTemWin.a(GUI__Alpha.o)
                0x0000000008009648                GUI__DoAlphaBlending
 .text.GUI__AllocAlphaBuffer
                0x000000000800981c       0x1a ../GUI/Lib\libSTemWin.a(GUI__Alpha.o)
                0x000000000800981c                GUI__AllocAlphaBuffer
 *fill*         0x0000000008009836        0x2 
 .text.GUI_SignalEvent
                0x0000000008009838       0x10 ../GUI/Lib\libSTemWin.a(GUI_WaitEvent.o)
                0x0000000008009838                GUI_SignalEvent
 .text.GUI_AddDecMin
                0x0000000008009848       0x1a ../GUI/Lib\libSTemWin.a(GUI_Val.o)
                0x0000000008009848                GUI_AddDecMin
 *fill*         0x0000000008009862        0x2 
 .text.GUI_UC__GetCharCodeInc
                0x0000000008009864       0x28 ../GUI/Lib\libSTemWin.a(GUI_UC.o)
                0x0000000008009864                GUI_UC__GetCharCodeInc
 .text.GUI_UC__NumChars2NumBytes
                0x000000000800988c       0x24 ../GUI/Lib\libSTemWin.a(GUI_UC.o)
                0x000000000800988c                GUI_UC__NumChars2NumBytes
 .text.GUI__GetNumChars
                0x00000000080098b0       0x1c ../GUI/Lib\libSTemWin.a(GUI_UC.o)
                0x00000000080098b0                GUI__GetNumChars
 .text._OnExit  0x00000000080098cc       0x1c ../GUI/Lib\libSTemWin.a(GUI_Timer.o)
 .text.GUI_TIMER_Exec
                0x00000000080098e8       0x70 ../GUI/Lib\libSTemWin.a(GUI_Timer.o)
                0x00000000080098e8                GUI_TIMER_Exec
 .text._Link    0x0000000008009958       0x9c ../GUI/Lib\libSTemWin.a(GUI_Timer.o)
 .text._Unlink  0x00000000080099f4       0x4c ../GUI/Lib\libSTemWin.a(GUI_Timer.o)
 .text.GUI_TIMER__GetFirstTimer
                0x0000000008009a40       0x30 ../GUI/Lib\libSTemWin.a(GUI_Timer.o)
                0x0000000008009a40                GUI_TIMER__GetFirstTimer
 .text.GUI_TIMER__GetNextTimerLin
                0x0000000008009a70       0x38 ../GUI/Lib\libSTemWin.a(GUI_Timer.o)
                0x0000000008009a70                GUI_TIMER__GetNextTimerLin
 .text.GUI_TIMER_Create
                0x0000000008009aa8       0x9c ../GUI/Lib\libSTemWin.a(GUI_Timer.o)
                0x0000000008009aa8                GUI_TIMER_Create
 .text.GUI_TIMER_Delete
                0x0000000008009b44       0x68 ../GUI/Lib\libSTemWin.a(GUI_Timer.o)
                0x0000000008009b44                GUI_TIMER_Delete
 .text.GUI_TIMER_SetPeriod
                0x0000000008009bac       0x1c ../GUI/Lib\libSTemWin.a(GUI_Timer.o)
                0x0000000008009bac                GUI_TIMER_SetPeriod
 .text.GUI_TIMER_Restart
                0x0000000008009bc8       0x32 ../GUI/Lib\libSTemWin.a(GUI_Timer.o)
                0x0000000008009bc8                GUI_TIMER_Restart
 .text.GUI_TIMER_GetFlag
                0x0000000008009bfa       0x2a ../GUI/Lib\libSTemWin.a(GUI_Timer.o)
                0x0000000008009bfa                GUI_TIMER_GetFlag
 .text.GUI_GetTime
                0x0000000008009c24        0x4 ../GUI/Lib\libSTemWin.a(GUI_Time.o)
                0x0000000008009c24                GUI_GetTime
 .text.GUI__AlphaPreserveTrans
                0x0000000008009c28       0x24 ../GUI/Lib\libSTemWin.a(GUI_SetAlpha.o)
                0x0000000008009c28                GUI__AlphaPreserveTrans
 .text.GUI_SelectLayer
                0x0000000008009c4c       0x2c ../GUI/Lib\libSTemWin.a(GUI_SelectLayer.o)
                0x0000000008009c4c                GUI_SelectLayer
 .text.GUI_StoreKey
                0x0000000008009c78       0x10 ../GUI/Lib\libSTemWin.a(GUI_OnKey.o)
                0x0000000008009c78                GUI_StoreKey
 .text.GUI_PollKeyMsg
                0x0000000008009c88       0x38 ../GUI/Lib\libSTemWin.a(GUI_OnKey.o)
                0x0000000008009c88                GUI_PollKeyMsg
 .text._SetLineColor
                0x0000000008009cc0       0x88 ../GUI/Lib\libSTemWin.a(GUI_DrawLine.o)
 .text.GUI_sin  0x0000000008009d48       0x58 ../GUI/Lib\libSTemWin.a(GUI_DrawLine.o)
                0x0000000008009d48                GUI_sin
 .text.GUI_cos  0x0000000008009da0        0x8 ../GUI/Lib\libSTemWin.a(GUI_DrawLine.o)
                0x0000000008009da0                GUI_cos
 .text.GL_DrawLine1Ex
                0x0000000008009da8      0x1c4 ../GUI/Lib\libSTemWin.a(GUI_DrawLine.o)
                0x0000000008009da8                GL_DrawLine1Ex
 .text.GL_DrawLineEx
                0x0000000008009f6c      0x1ac ../GUI/Lib\libSTemWin.a(GUI_DrawLine.o)
                0x0000000008009f6c                GL_DrawLineEx
 .text.GL_DrawLine
                0x000000000800a118       0x16 ../GUI/Lib\libSTemWin.a(GUI_DrawLine.o)
                0x000000000800a118                GL_DrawLine
 *fill*         0x000000000800a12e        0x2 
 .text.GUI_DrawLine
                0x000000000800a130       0x3c ../GUI/Lib\libSTemWin.a(GUI_DrawLine.o)
                0x000000000800a130                GUI_DrawLine
 .text.GUI_DrawHLine
                0x000000000800a16c       0x48 ../GUI/Lib\libSTemWin.a(GUI_DrawLib.o)
                0x000000000800a16c                GUI_DrawHLine
 .text.GUI_DrawPixel
                0x000000000800a1b4       0x44 ../GUI/Lib\libSTemWin.a(GUI_DrawLib.o)
                0x000000000800a1b4                GUI_DrawPixel
 .text.GL_DrawPoint
                0x000000000800a1f8       0x28 ../GUI/Lib\libSTemWin.a(GUI_DrawLib.o)
                0x000000000800a1f8                GL_DrawPoint
 .text.GUI_DrawVLine
                0x000000000800a220       0x44 ../GUI/Lib\libSTemWin.a(GUI_DrawLib.o)
                0x000000000800a220                GUI_DrawVLine
 .text.GUI_FillRect
                0x000000000800a264       0x44 ../GUI/Lib\libSTemWin.a(GUI_DrawLib.o)
                0x000000000800a264                GUI_FillRect
 .text.GUI_FillRectEx
                0x000000000800a2a8       0x16 ../GUI/Lib\libSTemWin.a(GUI_DrawLib.o)
                0x000000000800a2a8                GUI_FillRectEx
 *fill*         0x000000000800a2be        0x2 
 .text.GUI_DrawGraphEx
                0x000000000800a2c0      0x210 ../GUI/Lib\libSTemWin.a(GUI_DrawGraphEx.o)
                0x000000000800a2c0                GUI_DrawGraphEx
 .text.GUI_DispString
                0x000000000800a4d0      0x108 ../GUI/Lib\libSTemWin.a(GUI_DispString.o)
                0x000000000800a4d0                GUI_DispString
 .text.GUI_DispStringAt
                0x000000000800a5d8       0x10 ../GUI/Lib\libSTemWin.a(GUI_DispString.o)
                0x000000000800a5d8                GUI_DispStringAt
 .text.GUI__DispStringInRect
                0x000000000800a5e8      0x14c ../GUI/Lib\libSTemWin.a(GUI_DispString.o)
                0x000000000800a5e8                GUI__DispStringInRect
 .text.GUI_DispStringInRectMax
                0x000000000800a734       0x46 ../GUI/Lib\libSTemWin.a(GUI_DispString.o)
                0x000000000800a734                GUI_DispStringInRectMax
 .text.GUI_DispStringInRect
                0x000000000800a77a        0x8 ../GUI/Lib\libSTemWin.a(GUI_DispString.o)
                0x000000000800a77a                GUI_DispStringInRect
 .text.GUI_WrapGetNumLines
                0x000000000800a782       0x20 ../GUI/Lib\libSTemWin.a(GUI_DispString.o)
                0x000000000800a782                GUI_WrapGetNumLines
 .text.GUI_DispStringInRectWrap
                0x000000000800a7a2      0x13e ../GUI/Lib\libSTemWin.a(GUI_DispString.o)
                0x000000000800a7a2                GUI_DispStringInRectWrap
 .text.GUI_GetStringDistX
                0x000000000800a8e0       0x14 ../GUI/Lib\libSTemWin.a(GUI_DispString.o)
                0x000000000800a8e0                GUI_GetStringDistX
 .text.GUI_DEVICE__GetpDriver
                0x000000000800a8f4       0x20 ../GUI/Lib\libSTemWin.a(GUI_Device.o)
                0x000000000800a8f4                GUI_DEVICE__GetpDriver
 .text.GUI_DEVICE_Delete
                0x000000000800a914        0x4 ../GUI/Lib\libSTemWin.a(GUI_Device.o)
                0x000000000800a914                GUI_DEVICE_Delete
 .text.GUI_DEVICE_Create
                0x000000000800a918       0x4c ../GUI/Lib\libSTemWin.a(GUI_Device.o)
                0x000000000800a918                GUI_DEVICE_Create
 .text.GUI_DEVICE_Unlink
                0x000000000800a964       0x34 ../GUI/Lib\libSTemWin.a(GUI_Device.o)
                0x000000000800a964                GUI_DEVICE_Unlink
 .text.GUI_DEVICE_Link
                0x000000000800a998       0x84 ../GUI/Lib\libSTemWin.a(GUI_Device.o)
                0x000000000800a998                GUI_DEVICE_Link
 .text.GUI_DEVICE_CreateAndLink
                0x000000000800aa1c       0x28 ../GUI/Lib\libSTemWin.a(GUI_Device.o)
                0x000000000800aa1c                GUI_DEVICE_CreateAndLink
 .text._OnExit  0x000000000800aa44       0x4c ../GUI/Lib\libSTemWin.a(GUI_Core.o)
 .text._InitContext
                0x000000000800aa90       0x88 ../GUI/Lib\libSTemWin.a(GUI_Core.o)
 .text.GUI_SetDefaultFont
                0x000000000800ab18        0xc ../GUI/Lib\libSTemWin.a(GUI_Core.o)
                0x000000000800ab18                GUI_SetDefaultFont
 .text.GUI_ClearRect
                0x000000000800ab24       0x64 ../GUI/Lib\libSTemWin.a(GUI_Core.o)
                0x000000000800ab24                GUI_ClearRect
 .text.GUI_Clear
                0x000000000800ab88       0x20 ../GUI/Lib\libSTemWin.a(GUI_Core.o)
                0x000000000800ab88                GUI_Clear
 .text.GUI__RegisterExit
                0x000000000800aba8       0x24 ../GUI/Lib\libSTemWin.a(GUI_Core.o)
                0x000000000800aba8                GUI__RegisterExit
 .text.GUI__Config
                0x000000000800abcc       0x30 ../GUI/Lib\libSTemWin.a(GUI_Core.o)
                0x000000000800abcc                GUI__Config
 .text.GUI_Init
                0x000000000800abfc       0xc4 ../GUI/Lib\libSTemWin.a(GUI_Core.o)
                0x000000000800abfc                GUI_Init
 .text.GUI__GetFontSizeY
                0x000000000800acc0       0x14 ../GUI/Lib\libSTemWin.a(GUI_Common.o)
                0x000000000800acc0                GUI__GetFontSizeY
 .text.GUI_Long2Len
                0x000000000800acd4       0x30 ../GUI/Lib\libSTemWin.a(GUI_Common.o)
                0x000000000800acd4                GUI_Long2Len
 .text.GUI_AddDecShift
                0x000000000800ad04       0x9c ../GUI/Lib\libSTemWin.a(GUI_Common.o)
                0x000000000800ad04                GUI_AddDecShift
 .text.GUI_CalcColorDist
                0x000000000800ada0       0x50 ../GUI/Lib\libSTemWin.a(GUI_Common.o)
                0x000000000800ada0                GUI_CalcColorDist
 .text.GUI_GetClientRect
                0x000000000800adf0        0x8 ../GUI/Lib\libSTemWin.a(GUI_Common.o)
                0x000000000800adf0                GUI_GetClientRect
 .text.GUI_GetBkColor
                0x000000000800adf8        0xe ../GUI/Lib\libSTemWin.a(GUI_Common.o)
                0x000000000800adf8                GUI_GetBkColor
 .text.GUI_GetColor
                0x000000000800ae06        0xe ../GUI/Lib\libSTemWin.a(GUI_Common.o)
                0x000000000800ae06                GUI_GetColor
 .text.GUI_GetFontSizeY
                0x000000000800ae14        0x4 ../GUI/Lib\libSTemWin.a(GUI_Common.o)
                0x000000000800ae14                GUI_GetFontSizeY
 .text.GUI_GetLineStyle
                0x000000000800ae18        0xc ../GUI/Lib\libSTemWin.a(GUI_Common.o)
                0x000000000800ae18                GUI_GetLineStyle
 .text.GUI_GetOrg
                0x000000000800ae24       0x1c ../GUI/Lib\libSTemWin.a(GUI_Common.o)
                0x000000000800ae24                GUI_GetOrg
 .text.GUI_GetYSizeOfFont
                0x000000000800ae40        0x8 ../GUI/Lib\libSTemWin.a(GUI_Common.o)
                0x000000000800ae40                GUI_GetYSizeOfFont
 .text.GUI_MergeRect
                0x000000000800ae48       0x56 ../GUI/Lib\libSTemWin.a(GUI_Common.o)
                0x000000000800ae48                GUI_MergeRect
 .text.GUI_MoveRect
                0x000000000800ae9e       0x20 ../GUI/Lib\libSTemWin.a(GUI_Common.o)
                0x000000000800ae9e                GUI_MoveRect
 *fill*         0x000000000800aebe        0x2 
 .text.GUI_Exec1
                0x000000000800aec0       0x40 ../GUI/Lib\libSTemWin.a(GUI_Common.o)
                0x000000000800aec0                GUI_Exec1
 .text.GUI_Exec
                0x000000000800af00       0x12 ../GUI/Lib\libSTemWin.a(GUI_Common.o)
                0x000000000800af00                GUI_Exec
 *fill*         0x000000000800af12        0x2 
 .text.GUI_GotoXY
                0x000000000800af14       0x10 ../GUI/Lib\libSTemWin.a(GUI_Common.o)
                0x000000000800af14                GUI_GotoXY
 .text.GUI_SetPenSize
                0x000000000800af24       0x10 ../GUI/Lib\libSTemWin.a(GUI_Common.o)
                0x000000000800af24                GUI_SetPenSize
 .text.GUI_RectsIntersect
                0x000000000800af34       0x3a ../GUI/Lib\libSTemWin.a(GUI_Common.o)
                0x000000000800af34                GUI_RectsIntersect
 *fill*         0x000000000800af6e        0x2 
 .text.GUI_SaveContext_W
                0x000000000800af70       0x14 ../GUI/Lib\libSTemWin.a(GUI_Common.o)
                0x000000000800af70                GUI_SaveContext_W
 .text.GUI_RestoreContext
                0x000000000800af84       0x14 ../GUI/Lib\libSTemWin.a(GUI_Common.o)
                0x000000000800af84                GUI_RestoreContext
 .text.GUI_SelectLCD
                0x000000000800af98       0x12 ../GUI/Lib\libSTemWin.a(GUI_Common.o)
                0x000000000800af98                GUI_SelectLCD
 .text.GUI_SetBkColor
                0x000000000800afaa        0x4 ../GUI/Lib\libSTemWin.a(GUI_Common.o)
                0x000000000800afaa                GUI_SetBkColor
 .text.GUI_SetColor
                0x000000000800afae        0x4 ../GUI/Lib\libSTemWin.a(GUI_Common.o)
                0x000000000800afae                GUI_SetColor
 .text.GUI_SetDrawMode
                0x000000000800afb2        0x4 ../GUI/Lib\libSTemWin.a(GUI_Common.o)
                0x000000000800afb2                GUI_SetDrawMode
 *fill*         0x000000000800afb6        0x2 
 .text.GUI_SetFont
                0x000000000800afb8       0x14 ../GUI/Lib\libSTemWin.a(GUI_Common.o)
                0x000000000800afb8                GUI_SetFont
 .text.GUI_SetLineStyle
                0x000000000800afcc       0x10 ../GUI/Lib\libSTemWin.a(GUI_Common.o)
                0x000000000800afcc                GUI_SetLineStyle
 .text.GUI_SetOrg
                0x000000000800afdc       0x34 ../GUI/Lib\libSTemWin.a(GUI_Common.o)
                0x000000000800afdc                GUI_SetOrg
 .text.GUI_SetTextAlign
                0x000000000800b010       0x14 ../GUI/Lib\libSTemWin.a(GUI_Common.o)
                0x000000000800b010                GUI_SetTextAlign
 .text.GUI_SetTextMode
                0x000000000800b024       0x14 ../GUI/Lib\libSTemWin.a(GUI_Common.o)
                0x000000000800b024                GUI_SetTextMode
 .text.GL_SetDefault
                0x000000000800b038       0x48 ../GUI/Lib\libSTemWin.a(GUI_Common.o)
                0x000000000800b038                GL_SetDefault
 .text.GL_FillCircle
                0x000000000800b080       0xc4 ../GUI/Lib\libSTemWin.a(GUI_Circ.o)
                0x000000000800b080                GL_FillCircle
 .text.GUIPROP__FindChar
                0x000000000800b144       0x14 ../GUI/Lib\libSTemWin.a(GUI_CharP.o)
                0x000000000800b144                GUIPROP__FindChar
 .text.GUIPROP_DispChar
                0x000000000800b158       0xec ../GUI/Lib\libSTemWin.a(GUI_CharP.o)
                0x000000000800b158                GUIPROP_DispChar
 .text.GUIPROP_GetCharDistX
                0x000000000800b244       0x3c ../GUI/Lib\libSTemWin.a(GUI_CharP.o)
                0x000000000800b244                GUIPROP_GetCharDistX
 .text.GUIPROP_GetFontInfo
                0x000000000800b280        0x6 ../GUI/Lib\libSTemWin.a(GUI_CharP.o)
                0x000000000800b280                GUIPROP_GetFontInfo
 .text.GUIPROP_IsInFont
                0x000000000800b286       0x10 ../GUI/Lib\libSTemWin.a(GUI_CharP.o)
                0x000000000800b286                GUIPROP_IsInFont
 *fill*         0x000000000800b296        0x2 
 .text.GUIMONO_DispChar
                0x000000000800b298      0x150 ../GUI/Lib\libSTemWin.a(GUI_CharM.o)
                0x000000000800b298                GUIMONO_DispChar
 .text.GUIMONO_GetCharDistX
                0x000000000800b3e8       0x18 ../GUI/Lib\libSTemWin.a(GUI_CharM.o)
                0x000000000800b3e8                GUIMONO_GetCharDistX
 .text.GUIMONO_GetFontInfo
                0x000000000800b400        0x6 ../GUI/Lib\libSTemWin.a(GUI_CharM.o)
                0x000000000800b400                GUIMONO_GetFontInfo
 .text.GUIMONO_IsInFont
                0x000000000800b406       0x36 ../GUI/Lib\libSTemWin.a(GUI_CharM.o)
                0x000000000800b406                GUIMONO_IsInFont
 .text._Log2VisBuffered
                0x000000000800b43c        0x2 ../GUI/Lib\libSTemWin.a(GUI_CharLine.o)
 *fill*         0x000000000800b43e        0x2 
 .text._DispLine
                0x000000000800b440       0x9c ../GUI/Lib\libSTemWin.a(GUI_CharLine.o)
 .text.GUI__GetLineNumChars
                0x000000000800b4dc       0x3c ../GUI/Lib\libSTemWin.a(GUI_CharLine.o)
                0x000000000800b4dc                GUI__GetLineNumChars
 .text.GUI__GetOverlap
                0x000000000800b518       0x1e ../GUI/Lib\libSTemWin.a(GUI_CharLine.o)
                0x000000000800b518                GUI__GetOverlap
 *fill*         0x000000000800b536        0x2 