../Core/Src/stm32f4xx_hal_msp.c:64:6:HAL_MspInit	16	static
../Core/Src/stm32f4xx_hal_msp.c:86:6:HAL_ADC_MspInit	48	static
../Core/Src/stm32f4xx_hal_msp.c:119:6:HAL_ADC_MspDeInit	16	static
../Core/Src/stm32f4xx_hal_msp.c:147:6:HAL_CRC_MspInit	24	static
../Core/Src/stm32f4xx_hal_msp.c:169:6:HAL_CRC_MspDeInit	16	static
../Core/Src/stm32f4xx_hal_msp.c:187:13:HAL_FSMC_MspInit	32	static
../Core/Src/stm32f4xx_hal_msp.c:245:6:HAL_SRAM_MspInit	16	static
../Core/Src/stm32f4xx_hal_msp.c:257:13:HAL_FSMC_MspDeInit	8	static
../Core/Src/stm32f4xx_hal_msp.c:303:6:HAL_SRAM_MspDeInit	16	static
