../Core/Inc/dwt_stm32_delay.h:25:22:DWT_Delay_us	24	static
../Core/Src/main.c:97:5:pid_control	24	static
../Core/Src/main.c:143:10:Read_HCSR04	16	static
../Core/Src/main.c:168:6:Servo1_Angle	16	static
../Core/Src/main.c:180:6:Servo2_Angle	16	static
../Core/Src/main.c:192:6:Servo3_Angle	16	static
../Core/Src/main.c:204:6:Servo4_Angle	16	static
../Core/Src/main.c:225:5:main	8	static
../Core/Src/main.c:357:6:SystemClock_Config	88	static
../Core/Src/main.c:404:13:MX_TIM1_Init	80	static
../Core/Src/main.c:481:13:MX_TIM2_Init	32	static
../Core/Src/main.c:527:13:MX_GPIO_Init	40	static
../Core/Src/main.c:565:6:Error_Handler	4	static,ignoring_inline_asm
