../Core/Inc/dwt_stm32_delay.h:25:22:DWT_Delay_us	24	static
../Core/Src/main.c:91:10:Read_HCSR04	16	static
../Core/Src/main.c:116:6:Servo1_Angle	16	static
../Core/Src/main.c:128:6:Servo2_Angle	16	static
../Core/Src/main.c:140:6:Servo3_Angle	16	static
../Core/Src/main.c:152:6:Servo4_Angle	16	static
../Core/Src/main.c:173:5:main	8	static
../Core/Src/main.c:284:6:SystemClock_Config	88	static
../Core/Src/main.c:331:13:MX_TIM1_Init	80	static
../Core/Src/main.c:408:13:MX_TIM2_Init	32	static
../Core/Src/main.c:454:13:MX_GPIO_Init	40	static
../Core/Src/main.c:492:6:Error_Handler	4	static,ignoring_inline_asm
