Archive member included to satisfy reference by file (symbol)

../GUI/Lib\libSTemWin.a(TEXT.o)
                              Core/Src/PersonelGecisDLG.o (TEXT_CreateIndirect)
../GUI/Lib\libSTemWin.a(FRAMEWIN.o)
                              Core/Src/PersonelGecisDLG.o (FRAMEWIN_CreateIndirect)
../GUI/Lib\libSTemWin.a(DIALOG.o)
                              Core/Src/PersonelGecisDLG.o (GUI_CreateDialogBox)
../GUI/Lib\libSTemWin.a(WM__Private.o)
                              ../GUI/Lib\libSTemWin.a(FRAMEWIN.o) (WM__IsAncestor)
../GUI/Lib\libSTemWin.a(WM_UserData.o)
                              ../GUI/Lib\libSTemWin.a(TEXT.o) (WM__GetUserDataEx)
../GUI/Lib\libSTemWin.a(WM_SetTrans.o)
                              ../GUI/Lib\libSTemWin.a(TEXT.o) (WM_SetHasTrans)
../GUI/Lib\libSTemWin.a(WM_SetFocusOnPrevChild.o)
                              ../GUI/Lib\libSTemWin.a(FRAMEWIN.o) (WM_SetFocusOnPrevChild)
../GUI/Lib\libSTemWin.a(WM_SetFocusOnNextChild.o)
                              ../GUI/Lib\libSTemWin.a(FRAMEWIN.o) (WM_SetFocusOnNextChild)
../GUI/Lib\libSTemWin.a(WM_SetCaptureMove.o)
                              ../GUI/Lib\libSTemWin.a(FRAMEWIN.o) (WM_SetCaptureMove)
../GUI/Lib\libSTemWin.a(WM_SetCapture.o)
                              ../GUI/Lib\libSTemWin.a(WM_SetCaptureMove.o) (WM_SetCapture)
../GUI/Lib\libSTemWin.a(WM_Move.o)
                              ../GUI/Lib\libSTemWin.a(FRAMEWIN.o) (WM_MoveWindow)
../GUI/Lib\libSTemWin.a(WM_MemDev.o)
                              ../GUI/Lib\libSTemWin.a(FRAMEWIN.o) (WM_DisableMemdev)
../GUI/Lib\libSTemWin.a(WM_Lib.o)
                              ../GUI/Lib\libSTemWin.a(TEXT.o) (WM_GetClientRectEx)
../GUI/Lib\libSTemWin.a(WM_Hide.o)
                              ../GUI/Lib\libSTemWin.a(FRAMEWIN.o) (WM_HideWindow)
../GUI/Lib\libSTemWin.a(WM_GetWindowSize.o)
                              ../GUI/Lib\libSTemWin.a(FRAMEWIN.o) (WM__GetWindowSizeX)
../GUI/Lib\libSTemWin.a(WM_BringToTop.o)
                              ../GUI/Lib\libSTemWin.a(FRAMEWIN.o) (WM_BringToTop)
../GUI/Lib\libSTemWin.a(WM.o)
                              ../GUI/Lib\libSTemWin.a(WM__Private.o) (WM__ahWinFocus)
../GUI/Lib\libSTemWin.a(GUIDEV_StaticDevices.o)
                              ../GUI/Lib\libSTemWin.a(WM.o) (GUI_MEMDEV_Paint1Static)
../GUI/Lib\libSTemWin.a(GUIDEV_SetOrg.o)
                              ../GUI/Lib\libSTemWin.a(GUIDEV_StaticDevices.o) (GUI_MEMDEV_SetOrg)
../GUI/Lib\libSTemWin.a(GUIDEV_GetYSize.o)
                              ../GUI/Lib\libSTemWin.a(GUIDEV_StaticDevices.o) (GUI_MEMDEV_GetYSize)
../GUI/Lib\libSTemWin.a(GUIDEV_GetXSize.o)
                              ../GUI/Lib\libSTemWin.a(GUIDEV_StaticDevices.o) (GUI_MEMDEV_GetXSize)
../GUI/Lib\libSTemWin.a(GUIDEV_GetPos.o)
                              ../GUI/Lib\libSTemWin.a(GUIDEV_StaticDevices.o) (GUI_MEMDEV_GetXPos)
../GUI/Lib\libSTemWin.a(GUIDEV_GetDataPtr.o)
                              ../GUI/Lib\libSTemWin.a(GUIDEV_StaticDevices.o) (GUI_MEMDEV_GetDataPtr)
../GUI/Lib\libSTemWin.a(GUIDEV_CreateFixed.o)
                              ../GUI/Lib\libSTemWin.a(GUIDEV_StaticDevices.o) (GUI_MEMDEV_CreateFixed)
../GUI/Lib\libSTemWin.a(GUIDEV_Banding.o)
                              ../GUI/Lib\libSTemWin.a(WM.o) (GUI_MEMDEV_Draw)
../GUI/Lib\libSTemWin.a(GUIDEV_32.o)
                              ../GUI/Lib\libSTemWin.a(GUIDEV_StaticDevices.o) (GUI_MEMDEV_DEVICE_32)
../GUI/Lib\libSTemWin.a(GUIDEV.o)
                              ../GUI/Lib\libSTemWin.a(GUIDEV_StaticDevices.o) (GUI_MEMDEV__CreateFixed)
../GUI/Lib\libSTemWin.a(F6x8.o)
                              Core/Src/GUIConf.o (GUI_Font6x8)
../GUI/Lib\libSTemWin.a(F13_1.o)
                              ../GUI/Lib\libSTemWin.a(TEXT.o) (GUI_Font13_1)
../GUI/Lib\libSTemWin.a(GUIDRV_FlexColor_Func66709.o)
                              Core/Src/LCDConf_FlexColor.o (GUIDRV_FlexColor_SetFunc66709)
../GUI/Lib\libSTemWin.a(GUIDRV_FlexColor_16bpp_C0B8.o)
                              Core/Src/LCDConf_FlexColor.o (GUIDRV_FlexColor_SetMode16bppC0B8)
../GUI/Lib\libSTemWin.a(GUIDRV_FlexColor.o)
                              ../GUI/Lib\libSTemWin.a(GUIDRV_FlexColor_16bpp_C0B8.o) (GUIDRV_FlexColor__SetPixelIndexNoCache)
../GUI/Lib\libSTemWin.a(LCD_UpdateColorIndices.o)
                              ../GUI/Lib\libSTemWin.a(GUIDEV.o) (LCD_UpdateColorIndices)
../GUI/Lib\libSTemWin.a(LCD_SetClipRectEx.o)
                              ../GUI/Lib\libSTemWin.a(WM.o) (LCD_SetClipRectEx)
../GUI/Lib\libSTemWin.a(LCD_Set.o)
                              Core/Src/LCDConf_FlexColor.o (LCD_SetVSizeEx)
../GUI/Lib\libSTemWin.a(LCD_Mirror.o)
                              ../GUI/Lib\libSTemWin.a(GUIDEV_32.o) (LCD_aMirror)
../GUI/Lib\libSTemWin.a(LCD_GetEx.o)
                              ../GUI/Lib\libSTemWin.a(GUIDEV_Banding.o) (LCD_GetXSizeEx)
../GUI/Lib\libSTemWin.a(LCD.o)
[...]
Memory Configuration

Name             Origin             Length             Attributes
CCMRAM           0x0000000010000000 0x0000000000010000 xrw
RAM              0x0000000020000000 0x0000000000020000 xrw
FLASH            0x0000000008000000 0x0000000000100000 xr
*default*        0x0000000000000000 0xffffffffffffffff

Linker script and memory map

LOAD c:/st/stm32cubeide_1.5.0/stm32cubeide/plugins/com.st.stm32cube.ide.mcu.externaltools.gnu-tools-for-stm32.7-2018-q2-update.win32_1.5.0.202011040924/tools/bin/../lib/gcc/arm-none-eabi/7.3.1/thumb/v7e-m/fpv4-sp/hard/crti.o
LOAD c:/st/stm32cubeide_1.5.0/stm32cubeide/plugins/com.st.stm32cube.ide.mcu.externaltools.gnu-tools-for-stm32.7-2018-q2-update.win32_1.5.0.202011040924/tools/bin/../lib/gcc/arm-none-eabi/7.3.1/thumb/v7e-m/fpv4-sp/hard/crtbegin.o
LOAD c:/st/stm32cubeide_1.5.0/stm32cubeide/plugins/com.st.stm32cube.ide.mcu.externaltools.gnu-tools-for-stm32.7-2018-q2-update.win32_1.5.0.202011040924/tools/bin/../lib/gcc/arm-none-eabi/7.3.1/../../../../arm-none-eabi/lib/thumb/v7e-m/fpv4-sp/hard/crt0.o
LOAD Core/Src/GUIConf.o
LOAD Core/Src/GUI_X.o
LOAD Core/Src/LCDConf_FlexColor.o
LOAD Core/Src/PersonelGecisDLG.o
LOAD Core/Src/fatfs_sd.o
LOAD Core/Src/main.o
LOAD Core/Src/rc522.o
LOAD Core/Src/stm32f4xx_hal_msp.o
LOAD Core/Src/stm32f4xx_hal_timebase_tim.o
LOAD Core/Src/stm32f4xx_it.o
LOAD Core/Src/system_stm32f4xx.o
LOAD Core/Startup/startup_stm32f407vgtx.o
LOAD Drivers/STM32F4xx_HAL_Driver/Src/stm32f4xx_hal.o
LOAD Drivers/STM32F4xx_HAL_Driver/Src/stm32f4xx_hal_cortex.o
LOAD Drivers/STM32F4xx_HAL_Driver/Src/stm32f4xx_hal_crc.o
LOAD Drivers/STM32F4xx_HAL_Driver/Src/stm32f4xx_hal_dma.o
LOAD Drivers/STM32F4xx_HAL_Driver/Src/stm32f4xx_hal_dma_ex.o
LOAD Drivers/STM32F4xx_HAL_Driver/Src/stm32f4xx_hal_exti.o
LOAD Drivers/STM32F4xx_HAL_Driver/Src/stm32f4xx_hal_flash.o
LOAD Drivers/STM32F4xx_HAL_Driver/Src/stm32f4xx_hal_flash_ex.o
LOAD Drivers/STM32F4xx_HAL_Driver/Src/stm32f4xx_hal_flash_ramfunc.o
LOAD Drivers/STM32F4xx_HAL_Driver/Src/stm32f4xx_hal_gpio.o
LOAD Drivers/STM32F4xx_HAL_Driver/Src/stm32f4xx_hal_pwr.o
LOAD Drivers/STM32F4xx_HAL_Driver/Src/stm32f4xx_hal_pwr_ex.o
LOAD Drivers/STM32F4xx_HAL_Driver/Src/stm32f4xx_hal_rcc.o
LOAD Drivers/STM32F4xx_HAL_Driver/Src/stm32f4xx_hal_rcc_ex.o
LOAD Drivers/STM32F4xx_HAL_Driver/Src/stm32f4xx_hal_spi.o
LOAD Drivers/STM32F4xx_HAL_Driver/Src/stm32f4xx_hal_tim.o
LOAD Drivers/STM32F4xx_HAL_Driver/Src/stm32f4xx_hal_tim_ex.o
LOAD FATFS/App/fatfs.o
LOAD FATFS/Target/user_diskio.o
LOAD Middlewares/Third_Party/FatFs/src/diskio.o
LOAD Middlewares/Third_Party/FatFs/src/ff.o
LOAD Middlewares/Third_Party/FatFs/src/ff_gen_drv.o
LOAD Middlewares/Third_Party/FatFs/src/option/ccsbcs.o
LOAD Middlewares/Third_Party/FatFs/src/option/syscall.o
LOAD ../GUI/Lib\libSTemWin.a
START GROUP
LOAD c:/st/stm32cubeide_1.5.0/stm32cubeide/plugins/com.st.stm32cube.ide.mcu.externaltools.gnu-tools-for-stm32.7-2018-q2-update.win32_1.5.0.202011040924/tools/bin/../lib/gcc/arm-none-eabi/7.3.1/../../../../arm-none-eabi/lib/thumb/v7e-m/fpv4-sp/hard\libc_nano.a
LOAD c:/st/stm32cubeide_1.5.0/stm32cubeide/plugins/com.st.stm32cube.ide.mcu.externaltools.gnu-tools-for-stm32.7-2018-q2-update.win32_1.5.0.202011040924/tools/bin/../lib/gcc/arm-none-eabi/7.3.1/../../../../arm-none-eabi/lib/thumb/v7e-m/fpv4-sp/hard\libm.a
END GROUP
START GROUP
LOAD c:/st/stm32cubeide_1.5.0/stm32cubeide/plugins/com.st.stm32cube.ide.mcu.externaltools.gnu-tools-for-stm32.7-2018-q2-update.win32_1.5.0.202011040924/tools/bin/../lib/gcc/arm-none-eabi/7.3.1/thumb/v7e-m/fpv4-sp/hard\libgcc.a
LOAD c:/st/stm32cubeide_1.5.0/stm32cubeide/plugins/com.st.stm32cube.ide.mcu.externaltools.gnu-tools-for-stm32.7-2018-q2-update.win32_1.5.0.202011040924/tools/bin/../lib/gcc/arm-none-eabi/7.3.1/../../../../arm-none-eabi/lib/thumb/v7e-m/fpv4-sp/hard\libc_nano.a
END GROUP
START GROUP
LOAD c:/st/stm32cubeide_1.5.0/stm32cubeide/plugins/com.st.stm32cube.ide.mcu.externaltools.gnu-tools-for-stm32.7-2018-q2-update.win32_1.5.0.202011040924/tools/bin/../lib/gcc/arm-none-eabi/7.3.1/thumb/v7e-m/fpv4-sp/hard\libgcc.a
LOAD c:/st/stm32cubeide_1.5.0/stm32cubeide/plugins/com.st.stm32cube.ide.mcu.externaltools.gnu-tools-for-stm32.7-2018-q2-update.win32_1.5.0.202011040924/tools/bin/../lib/gcc/arm-none-eabi/7.3.1/../../../../arm-none-eabi/lib/thumb/v7e-m/fpv4-sp/hard\libc_nano.a
LOAD c:/st/stm32cubeide_1.5.0/stm32cubeide/plugins/com.st.stm32cube.ide.mcu.externaltools.gnu-tools-for-stm32.7-2018-q2-update.win32_1.5.0.202011040924/tools/bin/../lib/gcc/arm-none-eabi/7.3.1/../../../../arm-none-eabi/lib/thumb/v7e-m/fpv4-sp/hard\libnosys.a
END GROUP
START GROUP
LOAD c:/st/stm32cubeide_1.5.0/stm32cubeide/plugins/com.st.stm32cube.ide.mcu.externaltools.gnu-tools-for-stm32.7-2018-q2-update.win32_1.5.0.202011040924/tools/bin/../lib/gcc/arm-none-eabi/7.3.1/thumb/v7e-m/fpv4-sp/hard\libgcc.a
LOAD c:/st/stm32cubeide_1.5.0/stm32cubeide/plugins/com.st.stm32cube.ide.mcu.externaltools.gnu-tools-for-stm32.7-2018-q2-update.win32_1.5.0.202011040924/tools/bin/../lib/gcc/arm-none-eabi/7.3.1/../../../../arm-none-eabi/lib/thumb/v7e-m/fpv4-sp/hard\libc_nano.a
LOAD c:/st/stm32cubeide_1.5.0/stm32cubeide/plugins/com.st.stm32cube.ide.mcu.externaltools.gnu-tools-for-stm32.7-2018-q2-update.win32_1.5.0.202011040924/tools/bin/../lib/gcc/arm-none-eabi/7.3.1/../../../../arm-none-eabi/lib/thumb/v7e-m/fpv4-sp/hard\libnosys.a
END GROUP
LOAD c:/st/stm32cubeide_1.5.0/stm32cubeide/plugins/com.st.stm32cube.ide.mcu.externaltools.gnu-tools-for-stm32.7-2018-q2-update.win32_1.5.0.202011040924/tools/bin/../lib/gcc/arm-none-eabi/7.3.1/thumb/v7e-m/fpv4-sp/hard/crtend.o
LOAD c:/st/stm32cubeide_1.5.0/stm32cubeide/plugins/com.st.stm32cube.ide.mcu.externaltools.gnu-tools-for-stm32.7-2018-q2-update.win32_1.5.0.202011040924/tools/bin/../lib/gcc/arm-none-eabi/7.3.1/thumb/v7e-m/fpv4-sp/hard/crtn.o
                0x0000000020020000                _estack = (ORIGIN (RAM) + LENGTH (RAM))
                0x0000000000001000                _Min_Heap_Size = 0x1000
                0x0000000000001000                _Min_Stack_Size = 0x1000

.isr_vector     0x0000000008000000      0x188
                0x0000000008000000                . = ALIGN (0x4)
 *(.isr_vector)
 .isr_vector    0x0000000008000000      0x188 Core/Startup/startup_stm32f407vgtx.o
                0x0000000008000000                g_pfnVectors
                0x0000000008000188                . = ALIGN (0x4)

.text           0x0000000008000190    0x12988
                0x0000000008000190                . = ALIGN (0x4)
 *(.text)
 .text          0x0000000008000190       0x40 c:/st/stm32cubeide_1.5.0/stm32cubeide/plugins/com.st.stm32cube.ide.mcu.externaltools.gnu-tools-for-stm32.7-2018-q2-update.win32_1.5.0.202011040924/tools/bin/../lib/gcc/arm-none-eabi/7.3.1/thumb/v7e-m/fpv4-sp/hard/crtbegin.o
 .text          0x00000000080001d0       0x10 c:/st/stm32cubeide_1.5.0/stm32cubeide/plugins/com.st.stm32cube.ide.mcu.externaltools.gnu-tools-for-stm32.7-2018-q2-update.win32_1.5.0.202011040924/tools/bin/../lib/gcc/arm-none-eabi/7.3.1/../../../../arm-none-eabi/lib/thumb/v7e-m/fpv4-sp/hard\libc_nano.a(lib_a-strlen.o)
                0x00000000080001d0                strlen
 .text          0x00000000080001e0       0xa0 c:/st/stm32cubeide_1.5.0/stm32cubeide/plugins/com.st.stm32cube.ide.mcu.externaltools.gnu-tools-for-stm32.7-2018-q2-update.win32_1.5.0.202011040924/tools/bin/../lib/gcc/arm-none-eabi/7.3.1/../../../../arm-none-eabi/lib/thumb/v7e-m/fpv4-sp/hard\libc_nano.a(lib_a-memchr.o)
                0x00000000080001e0                memchr
 .text          0x0000000008000280       0x30 c:/st/stm32cubeide_1.5.0/stm32cubeide/plugins/com.st.stm32cube.ide.mcu.externaltools.gnu-tools-for-stm32.7-2018-q2-update.win32_1.5.0.202011040924/tools/bin/../lib/gcc/arm-none-eabi/7.3.1/thumb/v7e-m/fpv4-sp/hard\libgcc.a(_aeabi_uldivmod.o)
                0x0000000008000280                __aeabi_uldivmod
 .text          0x00000000080002b0      0x2cc c:/st/stm32cubeide_1.5.0/stm32cubeide/plugins/com.st.stm32cube.ide.mcu.externaltools.gnu-tools-for-stm32.7-2018-q2-update.win32_1.5.0.202011040924/tools/bin/../lib/gcc/arm-none-eabi/7.3.1/thumb/v7e-m/fpv4-sp/hard\libgcc.a(_udivmoddi4.o)
                0x00000000080002b0                __udivmoddi4
 .text          0x000000000800057c        0x4 c:/st/stm32cubeide_1.5.0/stm32cubeide/plugins/com.st.stm32cube.ide.mcu.externaltools.gnu-tools-for-stm32.7-2018-q2-update.win32_1.5.0.202011040924/tools/bin/../lib/gcc/arm-none-eabi/7.3.1/thumb/v7e-m/fpv4-sp/hard\libgcc.a(_dvmd_tls.o)
                0x000000000800057c                __aeabi_idiv0
                0x000000000800057c                __aeabi_ldiv0
 *(.text*)
 .text.GUI_X_Config
                0x0000000008000580       0x20 Core/Src/GUIConf.o
                0x0000000008000580                GUI_X_Config
 .text.GUI_X_Init
                0x00000000080005a0        0xe Core/Src/GUI_X.o
                0x00000000080005a0                GUI_X_Init
 *fill*         0x00000000080005ae        0x2 
 .text.LcdWriteReg
                0x00000000080005b0       0x44 Core/Src/LCDConf_FlexColor.o
 .text.LcdReadReg
                0x00000000080005f4       0x10 Core/Src/LCDConf_FlexColor.o
 .text.LcdWriteData
                0x0000000008000604       0x44 Core/Src/LCDConf_FlexColor.o
 .text.LcdWriteDataMultiple
                0x0000000008000648       0x4c Core/Src/LCDConf_FlexColor.o
 .text.LcdReadDataMultiple
                0x0000000008000694       0x22 Core/Src/LCDConf_FlexColor.o
 *fill*         0x00000000080006b6        0x2 
 .text.LcdInit  0x00000000080006b8      0x278 Core/Src/LCDConf_FlexColor.o
                0x00000000080006b8                LcdInit
 .text.LCD_X_Config
                0x0000000008000930       0xa4 Core/Src/LCDConf_FlexColor.o
                0x0000000008000930                LCD_X_Config
 .text.LCD_X_DisplayDriver
                0x00000000080009d4       0x2a Core/Src/LCDConf_FlexColor.o
                0x00000000080009d4                LCD_X_DisplayDriver
 .text._cbDialog
                0x00000000080009fe       0x18 Core/Src/PersonelGecisDLG.o
 *fill*         0x0000000008000a16        0x2 
 .text.CreatePersonelGecis
                0x0000000008000a18       0x34 Core/Src/PersonelGecisDLG.o
                0x0000000008000a18                CreatePersonelGecis
 .text.RFID_Card_Check_ID
                0x0000000008000a4c       0x40 Core/Src/PersonelGecisDLG.o
                0x0000000008000a4c                RFID_Card_Check_ID
 .text.CheckDataBase
                0x0000000008000a8c      0x168 Core/Src/PersonelGecisDLG.o
                0x0000000008000a8c                CheckDataBase
 .text._GetData
                0x0000000008000bf4       0x38 Core/Src/PersonelGecisDLG.o
 .text.RFID_Reader
                0x0000000008000c2c      0x104 Core/Src/PersonelGecisDLG.o
                0x0000000008000c2c                RFID_Reader
 .text.SELECT   0x0000000008000d30       0x20 Core/Src/fatfs_sd.o
 .text.DESELECT
                0x0000000008000d50       0x20 Core/Src/fatfs_sd.o
 .text.SPI_TxByte
                0x0000000008000d70       0x34 Core/Src/fatfs_sd.o
 .text.SPI_TxBuffer
                0x0000000008000da4       0x34 Core/Src/fatfs_sd.o
 .text.SPI_RxByte
                0x0000000008000dd8       0x38 Core/Src/fatfs_sd.o
 .text.SPI_RxBytePtr
                0x0000000008000e10       0x1c Core/Src/fatfs_sd.o
 .text.SD_ReadyWait
                0x0000000008000e2c       0x34 Core/Src/fatfs_sd.o
 .text.SD_PowerOn
                0x0000000008000e60       0x84 Core/Src/fatfs_sd.o
 .text.SD_PowerOff
                0x0000000008000ee4       0x18 Core/Src/fatfs_sd.o
 .text.SD_CheckPower
                0x0000000008000efc       0x18 Core/Src/fatfs_sd.o
 .text.SD_RxDataBlock
                0x0000000008000f14       0x5c Core/Src/fatfs_sd.o
 .text.SD_TxDataBlock
                0x0000000008000f70       0x86 Core/Src/fatfs_sd.o
 .text.SD_SendCmd
                0x0000000008000ff6       0xa8 Core/Src/fatfs_sd.o
 *fill*         0x000000000800109e        0x2 
 .text.SD_disk_initialize
                0x00000000080010a0      0x1cc Core/Src/fatfs_sd.o
                0x00000000080010a0                SD_disk_initialize
 .text.SD_disk_status
                0x000000000800126c       0x2c Core/Src/fatfs_sd.o
                0x000000000800126c                SD_disk_status
 .text.SD_disk_read
                0x0000000008001298       0xd4 Core/Src/fatfs_sd.o
                0x0000000008001298                SD_disk_read
 .text.SD_disk_write
                0x000000000800136c      0x108 Core/Src/fatfs_sd.o
                0x000000000800136c                SD_disk_write
 .text.SD_disk_ioctl
                0x0000000008001474      0x254 Core/Src/fatfs_sd.o
                0x0000000008001474                SD_disk_ioctl
 .text.main     0x00000000080016c8       0x32 Core/Src/main.o
                0x00000000080016c8                main
 *fill*         0x00000000080016fa        0x2 
 .text.SystemClock_Config
                0x00000000080016fc       0xd4 Core/Src/main.o
                0x00000000080016fc                SystemClock_Config
 .text.MX_CRC_Init
                0x00000000080017d0       0x28 Core/Src/main.o
 .text.MX_SPI1_Init
                0x00000000080017f8       0x6c Core/Src/main.o
 .text.MX_SPI2_Init
                0x0000000008001864       0x6c Core/Src/main.o
 .text.MX_SPI3_Init
                0x00000000080018d0       0x6c Core/Src/main.o
 .text.MX_GPIO_Init
                0x000000000800193c      0x134 Core/Src/main.o
 .text.HAL_TIM_PeriodElapsedCallback
                0x0000000008001a70       0x24 Core/Src/main.o
                0x0000000008001a70                HAL_TIM_PeriodElapsedCallback
 .text.Error_Handler
                0x0000000008001a94        0x8 Core/Src/main.o
                0x0000000008001a94                Error_Handler
 .text.SPI1SendByte
                0x0000000008001a9c       0x30 Core/Src/rc522.o
                0x0000000008001a9c                SPI1SendByte
 .text.SPI1_WriteReg
                0x0000000008001acc       0x40 Core/Src/rc522.o
                0x0000000008001acc                SPI1_WriteReg
 .text.SPI1_ReadReg
                0x0000000008001b0c       0x40 Core/Src/rc522.o
                0x0000000008001b0c                SPI1_ReadReg
 .text.MFRC522_WriteRegister
                0x0000000008001b4c       0x30 Core/Src/rc522.o
                0x0000000008001b4c                MFRC522_WriteRegister
 .text.MFRC522_ReadRegister
                0x0000000008001b7c       0x34 Core/Src/rc522.o
                0x0000000008001b7c                MFRC522_ReadRegister
 .text.MFRC522_Check
                0x0000000008001bb0       0x32 Core/Src/rc522.o
                0x0000000008001bb0                MFRC522_Check
 .text.MFRC522_SetBitMask
                0x0000000008001be2       0x34 Core/Src/rc522.o
                0x0000000008001be2                MFRC522_SetBitMask
 .text.MFRC522_ClearBitMask
                0x0000000008001c16       0x3c Core/Src/rc522.o
                0x0000000008001c16                MFRC522_ClearBitMask
 .text.MFRC522_Request
                0x0000000008001c52       0x4a Core/Src/rc522.o
                0x0000000008001c52                MFRC522_Request
 .text.MFRC522_ToCard
                0x0000000008001c9c      0x19e Core/Src/rc522.o
                0x0000000008001c9c                MFRC522_ToCard
 .text.MFRC522_Anticoll
                0x0000000008001e3a       0x7a Core/Src/rc522.o
                0x0000000008001e3a                MFRC522_Anticoll
 .text.MFRC522_CalculateCRC
                0x0000000008001eb4       0x92 Core/Src/rc522.o
                0x0000000008001eb4                MFRC522_CalculateCRC
 .text.MFRC522_Init
                0x0000000008001f46       0x48 Core/Src/rc522.o
                0x0000000008001f46                MFRC522_Init
 .text.MFRC522_Reset
                0x0000000008001f8e       0x10 Core/Src/rc522.o
                0x0000000008001f8e                MFRC522_Reset
 .text.MFRC522_AntennaOn
                0x0000000008001f9e       0x2a Core/Src/rc522.o
                0x0000000008001f9e                MFRC522_AntennaOn
 .text.MFRC522_Halt
                0x0000000008001fc8       0x36 Core/Src/rc522.o
                0x0000000008001fc8                MFRC522_Halt
 *fill*         0x0000000008001ffe        0x2 
 .text.HAL_MspInit
                0x0000000008002000       0x50 Core/Src/stm32f4xx_hal_msp.o
                0x0000000008002000                HAL_MspInit
 .text.HAL_CRC_MspInit
                0x0000000008002050       0x44 Core/Src/stm32f4xx_hal_msp.o
                0x0000000008002050                HAL_CRC_MspInit
 .text.HAL_SPI_MspInit
                0x0000000008002094      0x16c Core/Src/stm32f4xx_hal_msp.o
                0x0000000008002094                HAL_SPI_MspInit
 .text.HAL_InitTick
                0x0000000008002200       0xb4 Core/Src/stm32f4xx_hal_timebase_tim.o
                0x0000000008002200                HAL_InitTick
 .text.NMI_Handler
                0x00000000080022b4        0x6 Core/Src/stm32f4xx_it.o
                0x00000000080022b4                NMI_Handler
 .text.HardFault_Handler
                0x00000000080022ba        0x6 Core/Src/stm32f4xx_it.o
                0x00000000080022ba                HardFault_Handler
 .text.MemManage_Handler
                0x00000000080022c0        0x6 Core/Src/stm32f4xx_it.o
                0x00000000080022c0                MemManage_Handler
 .text.BusFault_Handler
                0x00000000080022c6        0x6 Core/Src/stm32f4xx_it.o
                0x00000000080022c6                BusFault_Handler
 .text.UsageFault_Handler
                0x00000000080022cc        0x6 Core/Src/stm32f4xx_it.o
                0x00000000080022cc                UsageFault_Handler
 .text.SVC_Handler
                0x00000000080022d2        0xe Core/Src/stm32f4xx_it.o
                0x00000000080022d2                SVC_Handler
 .text.DebugMon_Handler
                0x00000000080022e0        0xe Core/Src/stm32f4xx_it.o
                0x00000000080022e0                DebugMon_Handler
 .text.PendSV_Handler
                0x00000000080022ee        0xe Core/Src/stm32f4xx_it.o
                0x00000000080022ee                PendSV_Handler
 .text.SysTick_Handler
                0x00000000080022fc        0xe Core/Src/stm32f4xx_it.o
                0x00000000080022fc                SysTick_Handler
 *fill*         0x000000000800230a        0x2 
 .text.TIM1_UP_TIM10_IRQHandler
                0x000000000800230c       0x14 Core/Src/stm32f4xx_it.o
                0x000000000800230c                TIM1_UP_TIM10_IRQHandler
 .text.SystemInit
                0x0000000008002320       0x2c Core/Src/system_stm32f4xx.o
                0x0000000008002320                SystemInit
 .text.Reset_Handler
                0x000000000800234c       0x50 Core/Startup/startup_stm32f407vgtx.o
                0x000000000800234c                Reset_Handler
 .text.Default_Handler
                0x000000000800239c        0x2 Core/Startup/startup_stm32f407vgtx.o
                0x000000000800239c                RTC_Alarm_IRQHandler
                0x000000000800239c                HASH_RNG_IRQHandler
                0x000000000800239c                EXTI2_IRQHandler
                0x000000000800239c                TIM8_CC_IRQHandler
                0x000000000800239c                TIM1_CC_IRQHandler
                0x000000000800239c                DMA2_Stream5_IRQHandler
                0x000000000800239c                DMA1_Stream5_IRQHandler
                0x000000000800239c                PVD_IRQHandler
                0x000000000800239c                SDIO_IRQHandler
                0x000000000800239c                TAMP_STAMP_IRQHandler
                0x000000000800239c                CAN2_RX1_IRQHandler
                0x000000000800239c                EXTI3_IRQHandler
                0x000000000800239c                TIM8_TRG_COM_TIM14_IRQHandler
                0x000000000800239c                TIM8_UP_TIM13_IRQHandler
                0x000000000800239c                I2C3_ER_IRQHandler
                0x000000000800239c                EXTI0_IRQHandler
                0x000000000800239c                I2C2_EV_IRQHandler
                0x000000000800239c                DMA1_Stream2_IRQHandler
                0x000000000800239c                CAN1_RX0_IRQHandler
                0x000000000800239c                FPU_IRQHandler
                0x000000000800239c                OTG_HS_WKUP_IRQHandler
                0x000000000800239c                CAN2_SCE_IRQHandler
                0x000000000800239c                DMA2_Stream2_IRQHandler
                0x000000000800239c                SPI1_IRQHandler
                0x000000000800239c                TIM6_DAC_IRQHandler
                0x000000000800239c                TIM1_BRK_TIM9_IRQHandler
                0x000000000800239c                DCMI_IRQHandler
                0x000000000800239c                CAN2_RX0_IRQHandler
                0x000000000800239c                DMA2_Stream3_IRQHandler
                0x000000000800239c                USART6_IRQHandler
                0x000000000800239c                USART3_IRQHandler
                0x000000000800239c                CAN1_RX1_IRQHandler
                0x000000000800239c                UART5_IRQHandler
                0x000000000800239c                DMA2_Stream0_IRQHandler
                0x000000000800239c                TIM4_IRQHandler
                0x000000000800239c                I2C1_EV_IRQHandler
                0x000000000800239c                DMA1_Stream6_IRQHandler
                0x000000000800239c                DMA1_Stream1_IRQHandler
                0x000000000800239c                UART4_IRQHandler
                0x000000000800239c                TIM3_IRQHandler
                0x000000000800239c                RCC_IRQHandler
                0x000000000800239c                TIM8_BRK_TIM12_IRQHandler
                0x000000000800239c                Default_Handler
                0x000000000800239c                EXTI15_10_IRQHandler
                0x000000000800239c                ADC_IRQHandler
                0x000000000800239c                DMA1_Stream7_IRQHandler
                0x000000000800239c                TIM7_IRQHandler
                0x000000000800239c                CAN2_TX_IRQHandler
                0x000000000800239c                TIM5_IRQHandler
                0x000000000800239c                DMA2_Stream7_IRQHandler
                0x000000000800239c                I2C3_EV_IRQHandler
                0x000000000800239c                EXTI9_5_IRQHandler
                0x000000000800239c                RTC_WKUP_IRQHandler
                0x000000000800239c                ETH_WKUP_IRQHandler
                0x000000000800239c                SPI2_IRQHandler
                0x000000000800239c                OTG_HS_EP1_IN_IRQHandler
                0x000000000800239c                DMA1_Stream0_IRQHandler
                0x000000000800239c                CAN1_TX_IRQHandler
                0x000000000800239c                EXTI4_IRQHandler
                0x000000000800239c                FSMC_IRQHandler
                0x000000000800239c                ETH_IRQHandler
                0x000000000800239c                OTG_HS_EP1_OUT_IRQHandler
                0x000000000800239c                WWDG_IRQHandler
                0x000000000800239c                TIM2_IRQHandler
                0x000000000800239c                OTG_FS_WKUP_IRQHandler
                0x000000000800239c                TIM1_TRG_COM_TIM11_IRQHandler
                0x000000000800239c                OTG_HS_IRQHandler
                0x000000000800239c                EXTI1_IRQHandler
                0x000000000800239c                USART2_IRQHandler
                0x000000000800239c                I2C2_ER_IRQHandler
                0x000000000800239c                DMA2_Stream1_IRQHandler
                0x000000000800239c                CAN1_SCE_IRQHandler
                0x000000000800239c                FLASH_IRQHandler
                0x000000000800239c                DMA2_Stream4_IRQHandler
                0x000000000800239c                USART1_IRQHandler
                0x000000000800239c                OTG_FS_IRQHandler
                0x000000000800239c                SPI3_IRQHandler
                0x000000000800239c                DMA1_Stream4_IRQHandler
                0x000000000800239c                I2C1_ER_IRQHandler
                0x000000000800239c                DMA2_Stream6_IRQHandler
                0x000000000800239c                DMA1_Stream3_IRQHandler
 *fill*         0x000000000800239e        0x2 
 .text.HAL_Init
                0x00000000080023a0       0x44 Drivers/STM32F4xx_HAL_Driver/Src/stm32f4xx_hal.o
                0x00000000080023a0                HAL_Init
 .text.HAL_IncTick
                0x00000000080023e4       0x28 Drivers/STM32F4xx_HAL_Driver/Src/stm32f4xx_hal.o
                0x00000000080023e4                HAL_IncTick
 .text.HAL_GetTick
                0x000000000800240c       0x18 Drivers/STM32F4xx_HAL_Driver/Src/stm32f4xx_hal.o
                0x000000000800240c                HAL_GetTick
 .text.HAL_Delay
                0x0000000008002424       0x44 Drivers/STM32F4xx_HAL_Driver/Src/stm32f4xx_hal.o
                0x0000000008002424                HAL_Delay
 .text.__NVIC_SetPriorityGrouping
                0x0000000008002468       0x48 Drivers/STM32F4xx_HAL_Driver/Src/stm32f4xx_hal_cortex.o
 .text.__NVIC_GetPriorityGrouping
                0x00000000080024b0       0x1c Drivers/STM32F4xx_HAL_Driver/Src/stm32f4xx_hal_cortex.o
 .text.__NVIC_EnableIRQ
                0x00000000080024cc       0x3c Drivers/STM32F4xx_HAL_Driver/Src/stm32f4xx_hal_cortex.o
 .text.__NVIC_SetPriority
                0x0000000008002508       0x54 Drivers/STM32F4xx_HAL_Driver/Src/stm32f4xx_hal_cortex.o
 .text.NVIC_EncodePriority
                0x000000000800255c       0x66 Drivers/STM32F4xx_HAL_Driver/Src/stm32f4xx_hal_cortex.o
 .text.HAL_NVIC_SetPriorityGrouping
                0x00000000080025c2       0x16 Drivers/STM32F4xx_HAL_Driver/Src/stm32f4xx_hal_cortex.o
                0x00000000080025c2                HAL_NVIC_SetPriorityGrouping
 .text.HAL_NVIC_SetPriority
                0x00000000080025d8       0x38 Drivers/STM32F4xx_HAL_Driver/Src/stm32f4xx_hal_cortex.o
                0x00000000080025d8                HAL_NVIC_SetPriority
 .text.HAL_NVIC_EnableIRQ
                0x0000000008002610       0x1c Drivers/STM32F4xx_HAL_Driver/Src/stm32f4xx_hal_cortex.o
                0x0000000008002610                HAL_NVIC_EnableIRQ
 .text.HAL_CRC_Init
                0x000000000800262c       0x38 Drivers/STM32F4xx_HAL_Driver/Src/stm32f4xx_hal_crc.o
                0x000000000800262c                HAL_CRC_Init
 .text.HAL_GPIO_Init
                0x0000000008002664      0x334 Drivers/STM32F4xx_HAL_Driver/Src/stm32f4xx_hal_gpio.o
                0x0000000008002664                HAL_GPIO_Init
 .text.HAL_GPIO_WritePin
                0x0000000008002998       0x32 Drivers/STM32F4xx_HAL_Driver/Src/stm32f4xx_hal_gpio.o
                0x0000000008002998                HAL_GPIO_WritePin
 *fill*         0x00000000080029ca        0x2 
 .text.HAL_RCC_OscConfig
                0x00000000080029cc      0x4e0 Drivers/STM32F4xx_HAL_Driver/Src/stm32f4xx_hal_rcc.o
                0x00000000080029cc                HAL_RCC_OscConfig
 .text.HAL_RCC_ClockConfig
                0x0000000008002eac      0x1cc Drivers/STM32F4xx_HAL_Driver/Src/stm32f4xx_hal_rcc.o
                0x0000000008002eac                HAL_RCC_ClockConfig
 .text.HAL_RCC_GetSysClockFreq
                0x0000000008003078      0x1b0 Drivers/STM32F4xx_HAL_Driver/Src/stm32f4xx_hal_rcc.o
                0x0000000008003078                HAL_RCC_GetSysClockFreq
 .text.HAL_RCC_GetHCLKFreq
                0x0000000008003228       0x18 Drivers/STM32F4xx_HAL_Driver/Src/stm32f4xx_hal_rcc.o
                0x0000000008003228                HAL_RCC_GetHCLKFreq
 .text.HAL_RCC_GetPCLK2Freq
                0x0000000008003240       0x28 Drivers/STM32F4xx_HAL_Driver/Src/stm32f4xx_hal_rcc.o
                0x0000000008003240                HAL_RCC_GetPCLK2Freq
 .text.HAL_RCC_GetClockConfig
                0x0000000008003268       0x64 Drivers/STM32F4xx_HAL_Driver/Src/stm32f4xx_hal_rcc.o
                0x0000000008003268                HAL_RCC_GetClockConfig
 .text.HAL_SPI_Init
                0x00000000080032cc       0xc8 Drivers/STM32F4xx_HAL_Driver/Src/stm32f4xx_hal_spi.o
                0x00000000080032cc                HAL_SPI_Init
 .text.HAL_SPI_Transmit
                0x0000000008003394      0x268 Drivers/STM32F4xx_HAL_Driver/Src/stm32f4xx_hal_spi.o
                0x0000000008003394                HAL_SPI_Transmit
 .text.HAL_SPI_TransmitReceive
                0x00000000080035fc      0x344 Drivers/STM32F4xx_HAL_Driver/Src/stm32f4xx_hal_spi.o
                0x00000000080035fc                HAL_SPI_TransmitReceive
 .text.SPI_WaitFlagStateUntilTimeout
                0x0000000008003940       0xd4 Drivers/STM32F4xx_HAL_Driver/Src/stm32f4xx_hal_spi.o
 .text.SPI_EndRxTxTransaction
                0x0000000008003a14       0x84 Drivers/STM32F4xx_HAL_Driver/Src/stm32f4xx_hal_spi.o
 .text.HAL_TIM_Base_Init
                0x0000000008003a98       0x56 Drivers/STM32F4xx_HAL_Driver/Src/stm32f4xx_hal_tim.o
                0x0000000008003a98                HAL_TIM_Base_Init
 .text.HAL_TIM_Base_MspInit
                0x0000000008003aee       0x14 Drivers/STM32F4xx_HAL_Driver/Src/stm32f4xx_hal_tim.o
                0x0000000008003aee                HAL_TIM_Base_MspInit
 .text.HAL_TIM_Base_Start_IT
                0x0000000008003b02       0x48 Drivers/STM32F4xx_HAL_Driver/Src/stm32f4xx_hal_tim.o
                0x0000000008003b02                HAL_TIM_Base_Start_IT
 .text.HAL_TIM_IRQHandler
                0x0000000008003b4a      0x210 Drivers/STM32F4xx_HAL_Driver/Src/stm32f4xx_hal_tim.o
                0x0000000008003b4a                HAL_TIM_IRQHandler
 .text.HAL_TIM_OC_DelayElapsedCallback
                0x0000000008003d5a       0x14 Drivers/STM32F4xx_HAL_Driver/Src/stm32f4xx_hal_tim.o
                0x0000000008003d5a                HAL_TIM_OC_DelayElapsedCallback
 .text.HAL_TIM_IC_CaptureCallback
                0x0000000008003d6e       0x14 Drivers/STM32F4xx_HAL_Driver/Src/stm32f4xx_hal_tim.o
                0x0000000008003d6e                HAL_TIM_IC_CaptureCallback
 .text.HAL_TIM_PWM_PulseFinishedCallback
                0x0000000008003d82       0x14 Drivers/STM32F4xx_HAL_Driver/Src/stm32f4xx_hal_tim.o
                0x0000000008003d82                HAL_TIM_PWM_PulseFinishedCallback
 .text.HAL_TIM_TriggerCallback
                0x0000000008003d96       0x14 Drivers/STM32F4xx_HAL_Driver/Src/stm32f4xx_hal_tim.o
                0x0000000008003d96                HAL_TIM_TriggerCallback
 *fill*         0x0000000008003daa        0x2 
 .text.TIM_Base_SetConfig
                0x0000000008003dac      0x140 Drivers/STM32F4xx_HAL_Driver/Src/stm32f4xx_hal_tim.o
                0x0000000008003dac                TIM_Base_SetConfig
 .text.HAL_TIMEx_CommutCallback
                0x0000000008003eec       0x14 Drivers/STM32F4xx_HAL_Driver/Src/stm32f4xx_hal_tim_ex.o
                0x0000000008003eec                HAL_TIMEx_CommutCallback
 .text.HAL_TIMEx_BreakCallback
                0x0000000008003f00       0x14 Drivers/STM32F4xx_HAL_Driver/Src/stm32f4xx_hal_tim_ex.o
                0x0000000008003f00                HAL_TIMEx_BreakCallback
 .text.MX_FATFS_Init
                0x0000000008003f14       0x24 FATFS/App/fatfs.o
                0x0000000008003f14                MX_FATFS_Init
 .text.get_fattime
                0x0000000008003f38       0x10 FATFS/App/fatfs.o
                0x0000000008003f38                get_fattime
 .text.USER_initialize
                0x0000000008003f48       0x1c FATFS/Target/user_diskio.o
                0x0000000008003f48                USER_initialize
 .text.USER_status
                0x0000000008003f64       0x1c FATFS/Target/user_diskio.o
                0x0000000008003f64                USER_status
 .text.USER_read
                0x0000000008003f80       0x26 FATFS/Target/user_diskio.o
                0x0000000008003f80                USER_read
 .text.USER_write
                0x0000000008003fa6       0x26 FATFS/Target/user_diskio.o
                0x0000000008003fa6                USER_write
 .text.USER_ioctl
                0x0000000008003fcc       0x26 FATFS/Target/user_diskio.o
                0x0000000008003fcc                USER_ioctl
 *fill*         0x0000000008003ff2        0x2 
 .text.disk_status
                0x0000000008003ff4       0x34 Middlewares/Third_Party/FatFs/src/diskio.o
                0x0000000008003ff4                disk_status
 .text.disk_initialize
                0x0000000008004028       0x4c Middlewares/Third_Party/FatFs/src/diskio.o
                0x0000000008004028                disk_initialize
 .text.disk_read
                0x0000000008004074       0x40 Middlewares/Third_Party/FatFs/src/diskio.o
                0x0000000008004074                disk_read
 .text.disk_write
                0x00000000080040b4       0x40 Middlewares/Third_Party/FatFs/src/diskio.o
                0x00000000080040b4                disk_write
 .text.disk_ioctl
                0x00000000080040f4       0x3c Middlewares/Third_Party/FatFs/src/diskio.o
                0x00000000080040f4                disk_ioctl
 .text.ld_word  0x0000000008004130       0x30 Middlewares/Third_Party/FatFs/src/ff.o
 .text.ld_dword
                0x0000000008004160       0x46 Middlewares/Third_Party/FatFs/src/ff.o
 .text.st_word  0x00000000080041a6       0x36 Middlewares/Third_Party/FatFs/src/ff.o
 .text.st_dword
                0x00000000080041dc       0x58 Middlewares/Third_Party/FatFs/src/ff.o
 .text.mem_cpy  0x0000000008004234       0x42 Middlewares/Third_Party/FatFs/src/ff.o
 .text.mem_set  0x0000000008004276       0x34 Middlewares/Third_Party/FatFs/src/ff.o
 .text.mem_cmp  0x00000000080042aa       0x4e Middlewares/Third_Party/FatFs/src/ff.o
 .text.chk_chr  0x00000000080042f8       0x36 Middlewares/Third_Party/FatFs/src/ff.o
 *fill*         0x000000000800432e        0x2 
 .text.chk_lock
                0x0000000008004330       0xb8 Middlewares/Third_Party/FatFs/src/ff.o
 .text.enq_lock
                0x00000000080043e8       0x44 Middlewares/Third_Party/FatFs/src/ff.o
 .text.inc_lock
                0x000000000800442c      0x11c Middlewares/Third_Party/FatFs/src/ff.o
 .text.dec_lock
                0x0000000008004548       0x78 Middlewares/Third_Party/FatFs/src/ff.o
 .text.clear_lock
                0x00000000080045c0       0x48 Middlewares/Third_Party/FatFs/src/ff.o
 .text.sync_window
                0x0000000008004608       0x88 Middlewares/Third_Party/FatFs/src/ff.o
 .text.move_window
                0x0000000008004690       0x5a Middlewares/Third_Party/FatFs/src/ff.o
 *fill*         0x00000000080046ea        0x2 
 .text.sync_fs  0x00000000080046ec       0xe0 Middlewares/Third_Party/FatFs/src/ff.o
 .text.clust2sect
                0x00000000080047cc       0x3e Middlewares/Third_Party/FatFs/src/ff.o
 .text.get_fat  0x000000000800480a      0x1a0 Middlewares/Third_Party/FatFs/src/ff.o
 .text.put_fat  0x00000000080049aa      0x22e Middlewares/Third_Party/FatFs/src/ff.o
 .text.remove_chain
                0x0000000008004bd8       0xca Middlewares/Third_Party/FatFs/src/ff.o
 .text.create_chain
                0x0000000008004ca2      0x130 Middlewares/Third_Party/FatFs/src/ff.o
 .text.clmt_clust
                0x0000000008004dd2       0x70 Middlewares/Third_Party/FatFs/src/ff.o
 .text.dir_sdi  0x0000000008004e42      0x112 Middlewares/Third_Party/FatFs/src/ff.o
 .text.dir_next
                0x0000000008004f54      0x1ac Middlewares/Third_Party/FatFs/src/ff.o
 .text.dir_alloc
                0x0000000008005100       0x8e Middlewares/Third_Party/FatFs/src/ff.o
 .text.ld_clust
                0x000000000800518e       0x3e Middlewares/Third_Party/FatFs/src/ff.o
 .text.st_clust
                0x00000000080051cc       0x40 Middlewares/Third_Party/FatFs/src/ff.o
 .text.cmp_lfn  0x000000000800520c       0xe0 Middlewares/Third_Party/FatFs/src/ff.o
 .text.put_lfn  0x00000000080052ec       0xd0 Middlewares/Third_Party/FatFs/src/ff.o
 .text.gen_numname
                0x00000000080053bc      0x11e Middlewares/Third_Party/FatFs/src/ff.o
 .text.sum_sfn  0x00000000080054da       0x42 Middlewares/Third_Party/FatFs/src/ff.o
 .text.dir_find
                0x000000000800551c      0x180 Middlewares/Third_Party/FatFs/src/ff.o
 .text.dir_register
                0x000000000800569c      0x1f0 Middlewares/Third_Party/FatFs/src/ff.o
 .text.create_name
                0x000000000800588c      0x370 Middlewares/Third_Party/FatFs/src/ff.o
 .text.follow_path
                0x0000000008005bfc       0xec Middlewares/Third_Party/FatFs/src/ff.o
 .text.get_ldnumber
                0x0000000008005ce8       0x88 Middlewares/Third_Party/FatFs/src/ff.o
 .text.check_fs
                0x0000000008005d70       0xac Middlewares/Third_Party/FatFs/src/ff.o
 .text.find_volume
                0x0000000008005e1c      0x508 Middlewares/Third_Party/FatFs/src/ff.o
 .text.validate
                0x0000000008006324       0x6a Middlewares/Third_Party/FatFs/src/ff.o
 *fill*         0x000000000800638e        0x2 
 .text.f_mount  0x0000000008006390       0x8c Middlewares/Third_Party/FatFs/src/ff.o
                0x0000000008006390                f_mount
 .text.f_open   0x000000000800641c      0x4b6 Middlewares/Third_Party/FatFs/src/ff.o
                0x000000000800641c                f_open
 .text.f_read   0x00000000080068d2      0x2be Middlewares/Third_Party/FatFs/src/ff.o
                0x00000000080068d2                f_read
 .text.f_sync   0x0000000008006b90       0xfc Middlewares/Third_Party/FatFs/src/ff.o
                0x0000000008006b90                f_sync
 .text.f_close  0x0000000008006c8c       0x54 Middlewares/Third_Party/FatFs/src/ff.o
                0x0000000008006c8c                f_close
 .text.f_lseek  0x0000000008006ce0      0x448 Middlewares/Third_Party/FatFs/src/ff.o
                0x0000000008006ce0                f_lseek
 .text.FATFS_LinkDriverEx
                0x0000000008007128       0x98 Middlewares/Third_Party/FatFs/src/ff_gen_drv.o
                0x0000000008007128                FATFS_LinkDriverEx
 .text.FATFS_LinkDriver
                0x00000000080071c0       0x1e Middlewares/Third_Party/FatFs/src/ff_gen_drv.o
                0x00000000080071c0                FATFS_LinkDriver
 *fill*         0x00000000080071de        0x2 
 .text.ff_convert
                0x00000000080071e0       0x78 Middlewares/Third_Party/FatFs/src/option/ccsbcs.o
                0x00000000080071e0                ff_convert
 .text.ff_wtoupper
                0x0000000008007258      0x114 Middlewares/Third_Party/FatFs/src/option/ccsbcs.o
                0x0000000008007258                ff_wtoupper
 .text.TEXT_Callback
                0x000000000800736c       0xc6 ../GUI/Lib\libSTemWin.a(TEXT.o)
                0x000000000800736c                TEXT_Callback
 *fill*         0x0000000008007432        0x2 
 .text.TEXT_CreateUser
                0x0000000008007434       0x84 ../GUI/Lib\libSTemWin.a(TEXT.o)
                0x0000000008007434                TEXT_CreateUser
 .text.TEXT_CreateIndirect
                0x00000000080074b8       0x3e ../GUI/Lib\libSTemWin.a(TEXT.o)
                0x00000000080074b8                TEXT_CreateIndirect
 .text.TEXT_SetText
                0x00000000080074f6       0x52 ../GUI/Lib\libSTemWin.a(TEXT.o)
                0x00000000080074f6                TEXT_SetText
 .text.FRAMEWIN__GetBorderSize
                0x0000000008007548       0x44 ../GUI/Lib\libSTemWin.a(FRAMEWIN.o)
                0x0000000008007548                FRAMEWIN__GetBorderSize
 .text._SetActive
                0x000000000800758c       0x38 ../GUI/Lib\libSTemWin.a(FRAMEWIN.o)
 .text.FRAMEWIN__cbClient
                0x00000000080075c4       0xe4 ../GUI/Lib\libSTemWin.a(FRAMEWIN.o)
 .text.FRAMEWIN__CalcTitleHeight
                0x00000000080076a8       0x1e ../GUI/Lib\libSTemWin.a(FRAMEWIN.o)
                0x00000000080076a8                FRAMEWIN__CalcTitleHeight
 .text.FRAMEWIN__GetTitleLimits
                0x00000000080076c6       0x98 ../GUI/Lib\libSTemWin.a(FRAMEWIN.o)
                0x00000000080076c6                FRAMEWIN__GetTitleLimits
 .text.FRAMEWIN__CalcPositions
                0x000000000800775e       0xde ../GUI/Lib\libSTemWin.a(FRAMEWIN.o)
                0x000000000800775e                FRAMEWIN__CalcPositions
 .text.FRAMEWIN_SetText
                0x000000000800783c       0x3e ../GUI/Lib\libSTemWin.a(FRAMEWIN.o)
                0x000000000800783c                FRAMEWIN_SetText
 *fill*         0x000000000800787a        0x2 
 .text.FRAMEWIN_CreateUser
                0x000000000800787c       0xf4 ../GUI/Lib\libSTemWin.a(FRAMEWIN.o)
                0x000000000800787c                FRAMEWIN_CreateUser
 .text.FRAMEWIN_CreateIndirect
                0x0000000008007970       0x42 ../GUI/Lib\libSTemWin.a(FRAMEWIN.o)
                0x0000000008007970                FRAMEWIN_CreateIndirect
 .text.FRAMEWIN_SetActive
                0x00000000080079b2        0x8 ../GUI/Lib\libSTemWin.a(FRAMEWIN.o)
                0x00000000080079b2                FRAMEWIN_SetActive
 .text.FRAMEWIN_Callback
                0x00000000080079ba      0x282 ../GUI/Lib\libSTemWin.a(FRAMEWIN.o)
                0x00000000080079ba                FRAMEWIN_Callback
 .text.FRAMEWIN_GetActive
                0x0000000008007c3c       0x24 ../GUI/Lib\libSTemWin.a(FRAMEWIN.o)
                0x0000000008007c3c                FRAMEWIN_GetActive
 .text.GUI_CreateDialogBox
                0x0000000008007c60       0xa4 ../GUI/Lib\libSTemWin.a(DIALOG.o)
                0x0000000008007c60                GUI_CreateDialogBox
 .text.WM__ForEachDesc
                0x0000000008007d04       0x2a ../GUI/Lib\libSTemWin.a(WM__Private.o)
                0x0000000008007d04                WM__ForEachDesc
 .text.WM__GetFirstSibling
                0x0000000008007d2e       0x12 ../GUI/Lib\libSTemWin.a(WM__Private.o)
                0x0000000008007d2e                WM__GetFirstSibling
 .text.WM__GetLastSibling
                0x0000000008007d40       0x18 ../GUI/Lib\libSTemWin.a(WM__Private.o)
                0x0000000008007d40                WM__GetLastSibling
 .text.WM__GetPrevSibling
                0x0000000008007d58       0x26 ../GUI/Lib\libSTemWin.a(WM__Private.o)
                0x0000000008007d58                WM__GetPrevSibling
 .text.WM__IsAncestor
                0x0000000008007d7e       0x22 ../GUI/Lib\libSTemWin.a(WM__Private.o)
                0x0000000008007d7e                WM__IsAncestor
 .text.WM__IsAncestorOrSelf
                0x0000000008007da0        0xc ../GUI/Lib\libSTemWin.a(WM__Private.o)
                0x0000000008007da0                WM__IsAncestorOrSelf
 .text.WM__IsChild
                0x0000000008007dac       0x28 ../GUI/Lib\libSTemWin.a(WM__Private.o)
                0x0000000008007dac                WM__IsChild
 .text.WM__GetFocusedChild
                0x0000000008007dd4       0x24 ../GUI/Lib\libSTemWin.a(WM__Private.o)
                0x0000000008007dd4                WM__GetFocusedChild
 .text.WM__SendMessage
                0x0000000008007df8       0x3c ../GUI/Lib\libSTemWin.a(WM__Private.o)
                0x0000000008007df8                WM__SendMessage
 .text.WM__SendMessageNoPara
                0x0000000008007e34       0x28 ../GUI/Lib\libSTemWin.a(WM__Private.o)
                0x0000000008007e34                WM__SendMessageNoPara
 .text.WM__UpdateChildPositions
                0x0000000008007e5c       0xf4 ../GUI/Lib\libSTemWin.a(WM__Private.o)
                0x0000000008007e5c                WM__UpdateChildPositions
 .text.WM__AddCriticalHandle
                0x0000000008007f50       0x10 ../GUI/Lib\libSTemWin.a(WM__Private.o)
                0x0000000008007f50                WM__AddCriticalHandle
 .text.WM__GetClientRectEx
                0x0000000008007f60       0x22 ../GUI/Lib\libSTemWin.a(WM__Private.o)
                0x0000000008007f60                WM__GetClientRectEx
 *fill*         0x0000000008007f82        0x2 
 .text.WM_SetHasTrans
                0x0000000008007f84       0x40 ../GUI/Lib\libSTemWin.a(WM_SetTrans.o)
                0x0000000008007f84                WM_SetHasTrans
 .text.WM_GetHasTrans
                0x0000000008007fc4       0x12 ../GUI/Lib\libSTemWin.a(WM_SetTrans.o)
                0x0000000008007fc4                WM_GetHasTrans
 .text._GetPrevChild
                0x0000000008007fd6       0x1e ../GUI/Lib\libSTemWin.a(WM_SetFocusOnPrevChild.o)
 .text.WM_SetFocusOnPrevChild
                0x0000000008007ff4       0x38 ../GUI/Lib\libSTemWin.a(WM_SetFocusOnPrevChild.o)
                0x0000000008007ff4                WM_SetFocusOnPrevChild
 .text._GetNextChild
                0x000000000800802c       0x26 ../GUI/Lib\libSTemWin.a(WM_SetFocusOnNextChild.o)
 *fill*         0x0000000008008052        0x2 
 .text.WM_SetFocusOnNextChild
                0x0000000008008054       0x5c ../GUI/Lib\libSTemWin.a(WM_SetFocusOnNextChild.o)
                0x0000000008008054                WM_SetFocusOnNextChild
 .text.WM_SetCaptureMove
                0x00000000080080b0       0x9c ../GUI/Lib\libSTemWin.a(WM_SetCaptureMove.o)
                0x00000000080080b0                WM_SetCaptureMove
 .text.WM__ReleaseCapture
                0x000000000800814c       0x34 ../GUI/Lib\libSTemWin.a(WM_SetCapture.o)
 .text.WM_SetCapture
                0x0000000008008180       0x34 ../GUI/Lib\libSTemWin.a(WM_SetCapture.o)
                0x0000000008008180                WM_SetCapture
 .text._MoveDescendents
                0x00000000080081b4       0x6c ../GUI/Lib\libSTemWin.a(WM_Move.o)
 .text.WM__MoveWindow
                0x0000000008008220       0xa8 ../GUI/Lib\libSTemWin.a(WM_Move.o)
                0x0000000008008220                WM__MoveWindow
 .text.WM_MoveWindow
                0x00000000080082c8        0x4 ../GUI/Lib\libSTemWin.a(WM_Move.o)
                0x00000000080082c8                WM_MoveWindow
 .text.WM_DisableMemdev
                0x00000000080082cc       0x16 ../GUI/Lib\libSTemWin.a(WM_MemDev.o)
                0x00000000080082cc                WM_DisableMemdev
 .text.WM_ForEachDesc
                0x00000000080082e2        0x4 ../GUI/Lib\libSTemWin.a(WM_Lib.o)
                0x00000000080082e2                WM_ForEachDesc
 *fill*         0x00000000080082e6        0x2 
 .text.WM_GetClientRect
                0x00000000080082e8       0x1c ../GUI/Lib\libSTemWin.a(WM_Lib.o)
                0x00000000080082e8                WM_GetClientRect
 .text.WM_GetClientWindow
                0x0000000008008304       0x1c ../GUI/Lib\libSTemWin.a(WM_Lib.o)
                0x0000000008008304                WM_GetClientWindow
 .text.WM_GetDesktopWindow
                0x0000000008008320       0x18 ../GUI/Lib\libSTemWin.a(WM_Lib.o)
                0x0000000008008320                WM_GetDesktopWindow
 .text.WM_GetFirstChild
                0x0000000008008338       0x10 ../GUI/Lib\libSTemWin.a(WM_Lib.o)
                0x0000000008008338                WM_GetFirstChild
 .text.WM_GetFocusedWindow
                0x0000000008008348       0x14 ../GUI/Lib\libSTemWin.a(WM_Lib.o)
                0x0000000008008348                WM_GetFocusedWindow
 .text.WM_GetId
                0x000000000800835c       0x20 ../GUI/Lib\libSTemWin.a(WM_Lib.o)
                0x000000000800835c                WM_GetId
 .text._GetDialogItem
                0x000000000800837c       0x44 ../GUI/Lib\libSTemWin.a(WM_Lib.o)
 .text.WM_GetDialogItem
                0x00000000080083c0       0x42 ../GUI/Lib\libSTemWin.a(WM_Lib.o)
                0x00000000080083c0                WM_GetDialogItem
 .text.WM_GetNextSibling
                0x0000000008008402       0x10 ../GUI/Lib\libSTemWin.a(WM_Lib.o)
                0x0000000008008402                WM_GetNextSibling
 .text.WM_GetWindowOrgX
                0x0000000008008412       0x10 ../GUI/Lib\libSTemWin.a(WM_Lib.o)
                0x0000000008008412                WM_GetWindowOrgX
 .text.WM_GetParent
                0x0000000008008422       0x10 ../GUI/Lib\libSTemWin.a(WM_Lib.o)
                0x0000000008008422                WM_GetParent
 .text.WM_BringToBottom
                0x0000000008008432       0x86 ../GUI/Lib\libSTemWin.a(WM_Lib.o)
                0x0000000008008432                WM_BringToBottom
 .text.WM_GetWindowRectEx
                0x00000000080084b8       0x16 ../GUI/Lib\libSTemWin.a(WM_Lib.o)
                0x00000000080084b8                WM_GetWindowRectEx
 *fill*         0x00000000080084ce        0x2 
 .text.WM_HasCaptured
                0x00000000080084d0       0x1c ../GUI/Lib\libSTemWin.a(WM_Lib.o)
                0x00000000080084d0                WM_HasCaptured
 .text.WM_HasFocus
                0x00000000080084ec       0x1c ../GUI/Lib\libSTemWin.a(WM_Lib.o)
                0x00000000080084ec                WM_HasFocus
 .text.WM_IsFocusable
                0x0000000008008508       0x32 ../GUI/Lib\libSTemWin.a(WM_Lib.o)
                0x0000000008008508                WM_IsFocusable
 .text.WM_IsWindow
                0x000000000800853a        0x4 ../GUI/Lib\libSTemWin.a(WM_Lib.o)
                0x000000000800853a                WM_IsWindow
 *fill*         0x000000000800853e        0x2 
 .text.WM_OnKey
                0x0000000008008540       0x34 ../GUI/Lib\libSTemWin.a(WM_Lib.o)
                0x0000000008008540                WM_OnKey
 .text.WM_ResizeWindow
                0x0000000008008574       0xf6 ../GUI/Lib\libSTemWin.a(WM_Lib.o)
                0x0000000008008574                WM_ResizeWindow
 .text.WM_SendMessageNoPara
                0x000000000800866a        0x4 ../GUI/Lib\libSTemWin.a(WM_Lib.o)
                0x000000000800866a                WM_SendMessageNoPara
 .text.WM_SendToParent
                0x000000000800866e       0x1c ../GUI/Lib\libSTemWin.a(WM_Lib.o)
                0x000000000800866e                WM_SendToParent
 .text.WM_NotifyParent
                0x000000000800868a       0x14 ../GUI/Lib\libSTemWin.a(WM_Lib.o)
                0x000000000800868a                WM_NotifyParent
 *fill*         0x000000000800869e        0x2 
 .text.WM_SetFocus
                0x00000000080086a0       0x9c ../GUI/Lib\libSTemWin.a(WM_Lib.o)
                0x00000000080086a0                WM_SetFocus
 .text.WM_SetSize
                0x000000000800873c       0x48 ../GUI/Lib\libSTemWin.a(WM_Lib.o)
                0x000000000800873c                WM_SetSize
 .text.WM_SetUserClipRect
                0x0000000008008784       0x18 ../GUI/Lib\libSTemWin.a(WM_Lib.o)
                0x0000000008008784                WM_SetUserClipRect
 .text.WM_InvalidateWindowAndDescs
                0x000000000800879c       0x26 ../GUI/Lib\libSTemWin.a(WM_Lib.o)
                0x000000000800879c                WM_InvalidateWindowAndDescs
 .text.WM_ShowWindow
                0x00000000080087c2       0x28 ../GUI/Lib\libSTemWin.a(WM_Lib.o)
                0x00000000080087c2                WM_ShowWindow
 *fill*         0x00000000080087ea        0x2 
 .text.WM_ValidateWindow
                0x00000000080087ec       0x30 ../GUI/Lib\libSTemWin.a(WM_Lib.o)
                0x00000000080087ec                WM_ValidateWindow
 .text.WM__GetWindowSizeX
                0x000000000800881c        0xe ../GUI/Lib\libSTemWin.a(WM_GetWindowSize.o)
                0x000000000800881c                WM__GetWindowSizeX
 .text.WM__GetWindowSizeY
                0x000000000800882a        0xe ../GUI/Lib\libSTemWin.a(WM_GetWindowSize.o)
                0x000000000800882a                WM__GetWindowSizeY
 .text.WM_GetWindowSizeX
                0x0000000008008838       0x2a ../GUI/Lib\libSTemWin.a(WM_GetWindowSize.o)
                0x0000000008008838                WM_GetWindowSizeX
 .text.WM_GetWindowSizeY
                0x0000000008008862       0x2a ../GUI/Lib\libSTemWin.a(WM_GetWindowSize.o)
                0x0000000008008862                WM_GetWindowSizeY
 .text._cbInvalidateOne
                0x000000000800888c        0x4 ../GUI/Lib\libSTemWin.a(WM_BringToTop.o)
 .text.WM_BringToTop
                0x0000000008008890       0x78 ../GUI/Lib\libSTemWin.a(WM_BringToTop.o)
                0x0000000008008890                WM_BringToTop
 .text._OnExit  0x0000000008008908       0xac ../GUI/Lib\libSTemWin.a(WM.o)
 .text._Paint1  0x00000000080089b4       0x24 ../GUI/Lib\libSTemWin.a(WM.o)
 .text._Findy1  0x00000000080089d8       0xac ../GUI/Lib\libSTemWin.a(WM.o)
 .text._Findx0  0x0000000008008a84       0x88 ../GUI/Lib\libSTemWin.a(WM.o)
 .text._Findx1  0x0000000008008b0c       0x76 ../GUI/Lib\libSTemWin.a(WM.o)
 *fill*         0x0000000008008b82        0x2 
 .text._Paint1Trans
                0x0000000008008b84       0x94 ../GUI/Lib\libSTemWin.a(WM.o)
 .text._PaintTransChildren
                0x0000000008008c18       0xb6 ../GUI/Lib\libSTemWin.a(WM.o)
 *fill*         0x0000000008008cce        0x2 
 .text.WM__PaintWinAndOverlays
                0x0000000008008cd0       0x78 ../GUI/Lib\libSTemWin.a(WM.o)
 .text._cbPaintMemDev
                0x0000000008008d48       0x68 ../GUI/Lib\libSTemWin.a(WM.o)
 .text.WM__ClipAtParentBorders
                0x0000000008008db0       0x5c ../GUI/Lib\libSTemWin.a(WM.o)
                0x0000000008008db0                WM__ClipAtParentBorders
 .text.WM__InsertWindowIntoList
                0x0000000008008e0c       0xa4 ../GUI/Lib\libSTemWin.a(WM.o)
                0x0000000008008e0c                WM__InsertWindowIntoList
 .text.WM__RemoveWindowFromList
                0x0000000008008eb0       0x3c ../GUI/Lib\libSTemWin.a(WM.o)
                0x0000000008008eb0                WM__RemoveWindowFromList
 .text.WM__Client2Screen
                0x0000000008008eec       0x10 ../GUI/Lib\libSTemWin.a(WM.o)
                0x0000000008008eec                WM__Client2Screen
 .text._SetClipRectUserIntersect
                0x0000000008008efc       0x50 ../GUI/Lib\libSTemWin.a(WM.o)
 .text.WM__ActivateClipRect
                0x0000000008008f4c       0x48 ../GUI/Lib\libSTemWin.a(WM.o)
                0x0000000008008f4c                WM__ActivateClipRect
 .text.WM__IsWindow
                0x0000000008008f94       0x20 ../GUI/Lib\libSTemWin.a(WM.o)
                0x0000000008008f94                WM__IsWindow
 .text.WM__InvalidateDrawAndDescs
                0x0000000008008fb4       0x50 ../GUI/Lib\libSTemWin.a(WM.o)
                0x0000000008008fb4                WM__InvalidateDrawAndDescs
 .text.WM__RectIsNZ
                0x0000000008009004       0x22 ../GUI/Lib\libSTemWin.a(WM.o)
                0x0000000008009004                WM__RectIsNZ
 .text.WM_SendMessage
                0x0000000008009026        0x8 ../GUI/Lib\libSTemWin.a(WM.o)
                0x0000000008009026                WM_SendMessage
 .text.WM__SendMsgNoData
                0x000000000800902e       0x16 ../GUI/Lib\libSTemWin.a(WM.o)
                0x000000000800902e                WM__SendMsgNoData
 .text.WM__GetClientRectWin
                0x0000000008009044       0x18 ../GUI/Lib\libSTemWin.a(WM.o)
                0x0000000008009044                WM__GetClientRectWin
 .text.WM__GetTopLevelLayer
                0x000000000800905c       0x28 ../GUI/Lib\libSTemWin.a(WM.o)
                0x000000000800905c                WM__GetTopLevelLayer
 .text._Invalidate1Abs
                0x0000000008009084       0xa0 ../GUI/Lib\libSTemWin.a(WM.o)
 .text.WM__Invalidate1Abs
                0x0000000008009124        0x6 ../GUI/Lib\libSTemWin.a(WM.o)
                0x0000000008009124                WM__Invalidate1Abs
 .text.WM_InvalidateWindowAndDescsEx
                0x000000000800912a       0x64 ../GUI/Lib\libSTemWin.a(WM.o)
                0x000000000800912a                WM_InvalidateWindowAndDescsEx
 .text.WM__InvalidateRect
                0x000000000800918e       0x78 ../GUI/Lib\libSTemWin.a(WM.o)
                0x000000000800918e                WM__InvalidateRect
 .text.WM__InvalidateParent
                0x0000000008009206       0x2a ../GUI/Lib\libSTemWin.a(WM.o)
                0x0000000008009206                WM__InvalidateParent
 .text.WM__InvalidateRectEx
                0x0000000008009230        0x6 ../GUI/Lib\libSTemWin.a(WM.o)
                0x0000000008009230                WM__InvalidateRectEx
 .text.WM__DetachWindow
                0x0000000008009236       0x2a ../GUI/Lib\libSTemWin.a(WM.o)
                0x0000000008009236                WM__DetachWindow
 .text.WM_InvalidateRect
                0x0000000008009260       0x78 ../GUI/Lib\libSTemWin.a(WM.o)
                0x0000000008009260                WM_InvalidateRect
 .text.WM_InvalidateWindow
                0x00000000080092d8        0x6 ../GUI/Lib\libSTemWin.a(WM.o)
                0x00000000080092d8                WM_InvalidateWindow
 .text.WM__SelectTopLevelLayer
                0x00000000080092de       0x14 ../GUI/Lib\libSTemWin.a(WM.o)
                0x00000000080092de                WM__SelectTopLevelLayer
 *fill*         0x00000000080092f2        0x2 
 .text.WM_SelectWindow
                0x00000000080092f4       0x40 ../GUI/Lib\libSTemWin.a(WM.o)
                0x00000000080092f4                WM_SelectWindow
 .text.WM_CreateWindowAsChild
                0x0000000008009334      0x154 ../GUI/Lib\libSTemWin.a(WM.o)
                0x0000000008009334                WM_CreateWindowAsChild
 .text.WM_DeleteWindow
                0x0000000008009488      0x114 ../GUI/Lib\libSTemWin.a(WM.o)
                0x0000000008009488                WM_DeleteWindow
 .text._Exec1Input
                0x000000000800959c       0x84 ../GUI/Lib\libSTemWin.a(WM.o)
 .text.WM_GetActiveWindow
                0x0000000008009620        0xc ../GUI/Lib\libSTemWin.a(WM.o)
                0x0000000008009620                WM_GetActiveWindow
 .text.WM__GetNextIVR
                0x000000000800962c      0x184 ../GUI/Lib\libSTemWin.a(WM.o)
                0x000000000800962c                WM__GetNextIVR
 .text.WM__InitIVRSearch
                0x00000000080097b0       0xfc ../GUI/Lib\libSTemWin.a(WM.o)
                0x00000000080097b0                WM__InitIVRSearch
 .text.WM_SetDefault
                0x00000000080098ac       0x14 ../GUI/Lib\libSTemWin.a(WM.o)
                0x00000000080098ac                WM_SetDefault
 .text.WM__Paint1
                0x00000000080098c0       0x90 ../GUI/Lib\libSTemWin.a(WM.o)
                0x00000000080098c0                WM__Paint1
 .text.WM__Paint
                0x0000000008009950       0xac ../GUI/Lib\libSTemWin.a(WM.o)
                0x0000000008009950                WM__Paint
 .text._Exec1Draw
                0x00000000080099fc       0x80 ../GUI/Lib\libSTemWin.a(WM.o)
 .text.WM_Exec  0x0000000008009a7c       0x78 ../GUI/Lib\libSTemWin.a(WM.o)
                0x0000000008009a7c                WM_Exec
 .text.WM_Activate
                0x0000000008009af4       0x10 ../GUI/Lib\libSTemWin.a(WM.o)
                0x0000000008009af4                WM_Activate
 .text.WM_Deactivate
                0x0000000008009b04       0x14 ../GUI/Lib\libSTemWin.a(WM.o)
                0x0000000008009b04                WM_Deactivate
 .text.WM_DefaultProc
                0x0000000008009b18       0x48 ../GUI/Lib\libSTemWin.a(WM.o)
                0x0000000008009b18                WM_DefaultProc
 .text._cbBackWin
                0x0000000008009b60       0x68 ../GUI/Lib\libSTemWin.a(WM.o)
 .text.WM_Init  0x0000000008009bc8       0xf4 ../GUI/Lib\libSTemWin.a(WM.o)
                0x0000000008009bc8                WM_Init
 .text._CreateStaticDevice
                0x0000000008009cbc      0x174 ../GUI/Lib\libSTemWin.a(GUIDEV_StaticDevices.o)
 .text.GUI_MEMDEV_Paint1Static
                0x0000000008009e30       0x1c ../GUI/Lib\libSTemWin.a(GUIDEV_StaticDevices.o)
                0x0000000008009e30                GUI_MEMDEV_Paint1Static
 .text.GUI_MEMDEV_SetOrg
                0x0000000008009e4c       0x54 ../GUI/Lib\libSTemWin.a(GUIDEV_SetOrg.o)
                0x0000000008009e4c                GUI_MEMDEV_SetOrg
 .text.GUI_MEMDEV_GetYSize
                0x0000000008009ea0       0x2c ../GUI/Lib\libSTemWin.a(GUIDEV_GetYSize.o)
                0x0000000008009ea0                GUI_MEMDEV_GetYSize
 .text.GUI_MEMDEV_GetDataPtr
                0x0000000008009ecc       0x1e ../GUI/Lib\libSTemWin.a(GUIDEV_GetDataPtr.o)
                0x0000000008009ecc                GUI_MEMDEV_GetDataPtr
 *fill*         0x0000000008009eea        0x2 
 .text.GUI_MEMDEV_Draw
                0x0000000008009eec      0x150 ../GUI/Lib\libSTemWin.a(GUIDEV_Banding.o)
                0x0000000008009eec                GUI_MEMDEV_Draw
 .text._GetDevData
                0x000000000800a03c       0x10 ../GUI/Lib\libSTemWin.a(GUIDEV_32.o)
 .text._GetDevFunc
                0x000000000800a04c       0x10 ../GUI/Lib\libSTemWin.a(GUIDEV_32.o)
 .text._GetDevProp
                0x000000000800a05c        0xa ../GUI/Lib\libSTemWin.a(GUIDEV_32.o)
 .text._SetOrg  0x000000000800a066        0xc ../GUI/Lib\libSTemWin.a(GUIDEV_32.o)
 .text._GetRect
                0x000000000800a072       0x32 ../GUI/Lib\libSTemWin.a(GUIDEV_32.o)
 .text._XY2PTR  0x000000000800a0a4       0x40 ../GUI/Lib\libSTemWin.a(GUIDEV_32.o)
 .text._GetPixelIndex
                0x000000000800a0e4        0xe ../GUI/Lib\libSTemWin.a(GUIDEV_32.o)
 *fill*         0x000000000800a0f2        0x2 
 .text._XorPixel
                0x000000000800a0f4       0x5c ../GUI/Lib\libSTemWin.a(GUIDEV_32.o)
 .text._SetPixelIndex
                0x000000000800a150       0x4c ../GUI/Lib\libSTemWin.a(GUIDEV_32.o)
 .text._DrawVLine
                0x000000000800a19c       0xbc ../GUI/Lib\libSTemWin.a(GUIDEV_32.o)
 .text._FillRect
                0x000000000800a258       0xb8 ../GUI/Lib\libSTemWin.a(GUIDEV_32.o)
 .text._DrawHLine
                0x000000000800a310        0xe ../GUI/Lib\libSTemWin.a(GUIDEV_32.o)
 *fill*         0x000000000800a31e        0x2 
 .text._DrawBitmap
                0x000000000800a320      0x740 ../GUI/Lib\libSTemWin.a(GUIDEV_32.o)
 .text.GUI_MEMDEV__WriteToActiveAt
                0x000000000800aa60       0x38 ../GUI/Lib\libSTemWin.a(GUIDEV.o)
                0x000000000800aa60                GUI_MEMDEV__WriteToActiveAt
 .text.GUI_MEMDEV__CreateFixed
                0x000000000800aa98      0x104 ../GUI/Lib\libSTemWin.a(GUIDEV.o)
                0x000000000800aa98                GUI_MEMDEV__CreateFixed
 .text.GUI_MEMDEV_GetBitsPerPixel
                0x000000000800ab9c       0x2a ../GUI/Lib\libSTemWin.a(GUIDEV.o)
                0x000000000800ab9c                GUI_MEMDEV_GetBitsPerPixel
 *fill*         0x000000000800abc6        0x2 
 .text.GUI_MEMDEV_Delete
                0x000000000800abc8       0x44 ../GUI/Lib\libSTemWin.a(GUIDEV.o)
                0x000000000800abc8                GUI_MEMDEV_Delete
 .text.GUI_MEMDEV_CreateEx
                0x000000000800ac0c       0x78 ../GUI/Lib\libSTemWin.a(GUIDEV.o)
                0x000000000800ac0c                GUI_MEMDEV_CreateEx
 .text.GUI_MEMDEV_Select
                0x000000000800ac84       0x4c ../GUI/Lib\libSTemWin.a(GUIDEV.o)
                0x000000000800ac84                GUI_MEMDEV_Select
 .text.GUI_MEMDEV_CopyToLCDAt
                0x000000000800acd0       0xa4 ../GUI/Lib\libSTemWin.a(GUIDEV.o)
                0x000000000800acd0                GUI_MEMDEV_CopyToLCDAt
 .text.GUI_MEMDEV_CopyToLCD
                0x000000000800ad74        0xc ../GUI/Lib\libSTemWin.a(GUIDEV.o)
                0x000000000800ad74                GUI_MEMDEV_CopyToLCD
 .text._SetPhysRAMAddr
                0x000000000800ad80       0xa2 ../GUI/Lib\libSTemWin.a(GUIDRV_FlexColor_Func66709.o)
 .text._SetRect
                0x000000000800ae22       0xa6 ../GUI/Lib\libSTemWin.a(GUIDRV_FlexColor_Func66709.o)
 .text._SetOrientation
                0x000000000800aec8       0x3c ../GUI/Lib\libSTemWin.a(GUIDRV_FlexColor_Func66709.o)
 .text._ReadPixel_16bpp_B8
                0x000000000800af04       0x38 ../GUI/Lib\libSTemWin.a(GUIDRV_FlexColor_Func66709.o)
 .text._ReadPixel_16bpp_B16_I
                0x000000000800af3c       0x3e ../GUI/Lib\libSTemWin.a(GUIDRV_FlexColor_Func66709.o)
 .text._SetReg_B8
                0x000000000800af7a       0x18 ../GUI/Lib\libSTemWin.a(GUIDRV_FlexColor_Func66709.o)
 .text._SetReg_B16
                0x000000000800af92        0xc ../GUI/Lib\libSTemWin.a(GUIDRV_FlexColor_Func66709.o)
 .text._WritePara_B8
                0x000000000800af9e        0xc ../GUI/Lib\libSTemWin.a(GUIDRV_FlexColor_Func66709.o)
 .text._WritePara_B16
                0x000000000800afaa        0xc ../GUI/Lib\libSTemWin.a(GUIDRV_FlexColor_Func66709.o)
 *fill*         0x000000000800afb6        0x2 
 .text._SetInterface
                0x000000000800afb8       0x34 ../GUI/Lib\libSTemWin.a(GUIDRV_FlexColor_Func66709.o)
 .text._ReadRect_16bpp_B8
                0x000000000800afec       0x60 ../GUI/Lib\libSTemWin.a(GUIDRV_FlexColor_Func66709.o)
 .text._ReadRect_16bpp_B16_I
                0x000000000800b04c       0x62 ../GUI/Lib\libSTemWin.a(GUIDRV_FlexColor_Func66709.o)
 *fill*         0x000000000800b0ae        0x2 
 .text.GUIDRV_FlexColor_SetFunc66709
                0x000000000800b0b0       0x74 ../GUI/Lib\libSTemWin.a(GUIDRV_FlexColor_Func66709.o)
                0x000000000800b0b0                GUIDRV_FlexColor_SetFunc66709
 .text._WriteU16_A1
                0x000000000800b124       0x18 ../GUI/Lib\libSTemWin.a(GUIDRV_FlexColor_16bpp_C0B8.o)
 .text._WriteDataMP
                0x000000000800b13c       0x46 ../GUI/Lib\libSTemWin.a(GUIDRV_FlexColor_16bpp_C0B8.o)
 .text._ReadData
                0x000000000800b182        0xa ../GUI/Lib\libSTemWin.a(GUIDRV_FlexColor_16bpp_C0B8.o)
 .text._WriteData
                0x000000000800b18c        0x6 ../GUI/Lib\libSTemWin.a(GUIDRV_FlexColor_16bpp_C0B8.o)
 *fill*         0x000000000800b192        0x2 
 .text._FillRect
                0x000000000800b194      0x10c ../GUI/Lib\libSTemWin.a(GUIDRV_FlexColor_16bpp_C0B8.o)
 .text._DrawBitmap
                0x000000000800b2a0      0x514 ../GUI/Lib\libSTemWin.a(GUIDRV_FlexColor_16bpp_C0B8.o)
 .text.GUIDRV_FlexColor_SetMode16bppC0B8
                0x000000000800b7b4       0x68 ../GUI/Lib\libSTemWin.a(GUIDRV_FlexColor_16bpp_C0B8.o)
                0x000000000800b7b4                GUIDRV_FlexColor_SetMode16bppC0B8
 .text._Log2PhysX_X0Y0S0
                0x000000000800b81c        0x4 ../GUI/Lib\libSTemWin.a(GUIDRV_FlexColor.o)
 .text._Log2PhysX_X1Y0S0
                0x000000000800b820        0x8 ../GUI/Lib\libSTemWin.a(GUIDRV_FlexColor.o)
 .text._Log2PhysX_X0Y1S0
                0x000000000800b828        0x4 ../GUI/Lib\libSTemWin.a(GUIDRV_FlexColor.o)
 .text._Log2PhysX_X1Y1S0
                0x000000000800b82c        0x8 ../GUI/Lib\libSTemWin.a(GUIDRV_FlexColor.o)
 .text._Log2PhysX_X0Y0S1
                0x000000000800b834        0x4 ../GUI/Lib\libSTemWin.a(GUIDRV_FlexColor.o)
 .text._Log2PhysX_X1Y0S1
                0x000000000800b838        0x8 ../GUI/Lib\libSTemWin.a(GUIDRV_FlexColor.o)
 .text._Log2PhysX_X0Y1S1
                0x000000000800b840        0x4 ../GUI/Lib\libSTemWin.a(GUIDRV_FlexColor.o)
 .text._Log2PhysX_X1Y1S1
                0x000000000800b844        0x8 ../GUI/Lib\libSTemWin.a(GUIDRV_FlexColor.o)
 .text._Log2PhysY_X0Y0S0
                0x000000000800b84c        0x4 ../GUI/Lib\libSTemWin.a(GUIDRV_FlexColor.o)
 .text._Log2PhysY_X1Y0S0
                0x000000000800b850        0x4 ../GUI/Lib\libSTemWin.a(GUIDRV_FlexColor.o)
 .text._Log2PhysY_X0Y1S0
                0x000000000800b854        0x8 ../GUI/Lib\libSTemWin.a(GUIDRV_FlexColor.o)
 .text._Log2PhysY_X1Y1S0
                0x000000000800b85c        0x8 ../GUI/Lib\libSTemWin.a(GUIDRV_FlexColor.o)
 .text._Log2PhysY_X0Y0S1
                0x000000000800b864        0x4 ../GUI/Lib\libSTemWin.a(GUIDRV_FlexColor.o)
 .text._Log2PhysY_X1Y0S1
                0x000000000800b868        0x4 ../GUI/Lib\libSTemWin.a(GUIDRV_FlexColor.o)
 .text._Log2PhysY_X0Y1S1
                0x000000000800b86c        0x8 ../GUI/Lib\libSTemWin.a(GUIDRV_FlexColor.o)
 .text._Log2PhysY_X1Y1S1
                0x000000000800b874        0x8 ../GUI/Lib\libSTemWin.a(GUIDRV_FlexColor.o)
 .text._SetPixelIndex
                0x000000000800b87c        0xc ../GUI/Lib\libSTemWin.a(GUIDRV_FlexColor.o)
 .text._GetPixelIndex
                0x000000000800b888        0xc ../GUI/Lib\libSTemWin.a(GUIDRV_FlexColor.o)
 .text._XorPixel
                0x000000000800b894       0x28 ../GUI/Lib\libSTemWin.a(GUIDRV_FlexColor.o)
 .text._DrawHLine
                0x000000000800b8bc       0x10 ../GUI/Lib\libSTemWin.a(GUIDRV_FlexColor.o)
 .text._DrawVLine
                0x000000000800b8cc       0x12 ../GUI/Lib\libSTemWin.a(GUIDRV_FlexColor.o)
 .text._FillRect
                0x000000000800b8de       0x12 ../GUI/Lib\libSTemWin.a(GUIDRV_FlexColor.o)
 .text._DrawBitmap
                0x000000000800b8f0       0x28 ../GUI/Lib\libSTemWin.a(GUIDRV_FlexColor.o)
 .text._GetDevFunc_SetRect
                0x000000000800b918        0x2 ../GUI/Lib\libSTemWin.a(GUIDRV_FlexColor.o)
 *fill*         0x000000000800b91a        0x2 
 .text._GetDevFunc_SetRectOutside
                0x000000000800b91c       0x40 ../GUI/Lib\libSTemWin.a(GUIDRV_FlexColor.o)
 .text._ReadPixelCust_16bpp
                0x000000000800b95c        0xe ../GUI/Lib\libSTemWin.a(GUIDRV_FlexColor.o)
 .text._ReadPixelCust_18bpp
                0x000000000800b96a        0xe ../GUI/Lib\libSTemWin.a(GUIDRV_FlexColor.o)
 .text._ReadRectCust_16bpp
                0x000000000800b978       0x36 ../GUI/Lib\libSTemWin.a(GUIDRV_FlexColor.o)
 .text._ReadRectCust_18bpp
                0x000000000800b9ae       0x36 ../GUI/Lib\libSTemWin.a(GUIDRV_FlexColor.o)
 .text._GetDevFunc
                0x000000000800b9e4       0x7c ../GUI/Lib\libSTemWin.a(GUIDRV_FlexColor.o)
 .text._GetDevProp
                0x000000000800ba60       0x5a ../GUI/Lib\libSTemWin.a(GUIDRV_FlexColor.o)
 .text._GetDevData
                0x000000000800baba        0xc ../GUI/Lib\libSTemWin.a(GUIDRV_FlexColor.o)
 .text._GetRect
                0x000000000800bac6       0x16 ../GUI/Lib\libSTemWin.a(GUIDRV_FlexColor.o)
 .text.GUIDRV_FlexColor__SetLog2Phys
                0x000000000800badc       0x48 ../GUI/Lib\libSTemWin.a(GUIDRV_FlexColor.o)
                0x000000000800badc                GUIDRV_FlexColor__SetLog2Phys
 .text._SetOrg  0x000000000800bb24       0x16 ../GUI/Lib\libSTemWin.a(GUIDRV_FlexColor.o)
 .text.GUIDRV_FlexColor__SetPixelIndexNoCache
                0x000000000800bb3a       0x90 ../GUI/Lib\libSTemWin.a(GUIDRV_FlexColor.o)
                0x000000000800bb3a                GUIDRV_FlexColor__SetPixelIndexNoCache
 .text.GUIDRV_FlexColor__GetPixelIndexNoCache
                0x000000000800bbca       0xb2 ../GUI/Lib\libSTemWin.a(GUIDRV_FlexColor.o)
                0x000000000800bbca                GUIDRV_FlexColor__GetPixelIndexNoCache
 .text.GUIDRV_FlexColor__InitOnce
                0x000000000800bc7c       0x3c ../GUI/Lib\libSTemWin.a(GUIDRV_FlexColor.o)
                0x000000000800bc7c                GUIDRV_FlexColor__InitOnce
 .text._SetDevFunc
                0x000000000800bcb8       0x9c ../GUI/Lib\libSTemWin.a(GUIDRV_FlexColor.o)
 .text._GetDevFunc_Init
                0x000000000800bd54       0x4a ../GUI/Lib\libSTemWin.a(GUIDRV_FlexColor.o)
 .text._GetDevFunc_SetSize
                0x000000000800bd9e       0x14 ../GUI/Lib\libSTemWin.a(GUIDRV_FlexColor.o)
 .text._GetDevFunc_SetVSize
                0x000000000800bdb2       0x14 ../GUI/Lib\libSTemWin.a(GUIDRV_FlexColor.o)
 .text._GetDevFunc_Off
                0x000000000800bdc6       0x16 ../GUI/Lib\libSTemWin.a(GUIDRV_FlexColor.o)
 .text._GetDevFunc_On
                0x000000000800bddc       0x16 ../GUI/Lib\libSTemWin.a(GUIDRV_FlexColor.o)
 .text.GUIDRV_FlexColor_Config
                0x000000000800bdf2       0x3c ../GUI/Lib\libSTemWin.a(GUIDRV_FlexColor.o)
                0x000000000800bdf2                GUIDRV_FlexColor_Config
 .text.GUIDRV_FlexColor_SetFunc
                0x000000000800be2e       0x32 ../GUI/Lib\libSTemWin.a(GUIDRV_FlexColor.o)
                0x000000000800be2e                GUIDRV_FlexColor_SetFunc
 .text.LCD_UpdateColorIndices
                0x000000000800be60       0x24 ../GUI/Lib\libSTemWin.a(LCD_UpdateColorIndices.o)
                0x000000000800be60                LCD_UpdateColorIndices
 .text.LCD_SetClipRectEx
                0x000000000800be84       0x30 ../GUI/Lib\libSTemWin.a(LCD_SetClipRectEx.o)
                0x000000000800be84                LCD_SetClipRectEx
 .text.LCD_SetVSizeEx
                0x000000000800beb4       0x30 ../GUI/Lib\libSTemWin.a(LCD_Set.o)
                0x000000000800beb4                LCD_SetVSizeEx
 .text.LCD_SetSizeEx
                0x000000000800bee4       0x30 ../GUI/Lib\libSTemWin.a(LCD_Set.o)
                0x000000000800bee4                LCD_SetSizeEx
 .text.LCD_SetLUTEntryEx
                0x000000000800bf14       0x30 ../GUI/Lib\libSTemWin.a(LCD_Set.o)
                0x000000000800bf14                LCD_SetLUTEntryEx
 .text._GetDevProp
                0x000000000800bf44       0x1e ../GUI/Lib\libSTemWin.a(LCD_GetEx.o)
 .text._GetMaxValue
                0x000000000800bf62       0x22 ../GUI/Lib\libSTemWin.a(LCD_GetEx.o)
 .text.LCD_GetXSizeEx
                0x000000000800bf84        0x6 ../GUI/Lib\libSTemWin.a(LCD_GetEx.o)
                0x000000000800bf84                LCD_GetXSizeEx
 .text.LCD_GetYSizeEx
                0x000000000800bf8a        0x6 ../GUI/Lib\libSTemWin.a(LCD_GetEx.o)
                0x000000000800bf8a                LCD_GetYSizeEx
 .text.LCD_GetVXSizeEx
                0x000000000800bf90        0x6 ../GUI/Lib\libSTemWin.a(LCD_GetEx.o)
                0x000000000800bf90                LCD_GetVXSizeEx
 .text.LCD_GetVYSizeEx
                0x000000000800bf96        0x6 ../GUI/Lib\libSTemWin.a(LCD_GetEx.o)
                0x000000000800bf96                LCD_GetVYSizeEx
 .text.LCD_GetBitsPerPixelEx
                0x000000000800bf9c        0x6 ../GUI/Lib\libSTemWin.a(LCD_GetEx.o)
                0x000000000800bf9c                LCD_GetBitsPerPixelEx
 .text.LCD_GetNumColorsEx
                0x000000000800bfa2        0x6 ../GUI/Lib\libSTemWin.a(LCD_GetEx.o)
                0x000000000800bfa2                LCD_GetNumColorsEx
 .text.LCD_GetXSize
                0x000000000800bfa8       0x10 ../GUI/Lib\libSTemWin.a(LCD_GetEx.o)
                0x000000000800bfa8                LCD_GetXSize
 .text.LCD_GetYSize
                0x000000000800bfb8       0x10 ../GUI/Lib\libSTemWin.a(LCD_GetEx.o)
                0x000000000800bfb8                LCD_GetYSize
 .text.LCD_GetNumColors
                0x000000000800bfc8       0x10 ../GUI/Lib\libSTemWin.a(LCD_GetEx.o)
                0x000000000800bfc8                LCD_GetNumColors
 .text.GUI_GetBitsPerPixelEx
                0x000000000800bfd8       0x18 ../GUI/Lib\libSTemWin.a(LCD_GetEx.o)
                0x000000000800bfd8                GUI_GetBitsPerPixelEx
 .text.LCD_GetPaletteEx
                0x000000000800bff0       0x14 ../GUI/Lib\libSTemWin.a(LCD_GetEx.o)
                0x000000000800bff0                LCD_GetPaletteEx
 .text.LCD_GetPalette
                0x000000000800c004       0x10 ../GUI/Lib\libSTemWin.a(LCD_GetEx.o)
                0x000000000800c004                LCD_GetPalette
 .text.GUI_GetpfIndex2ColorEx
                0x000000000800c014       0x10 ../GUI/Lib\libSTemWin.a(LCD_GetEx.o)
                0x000000000800c014                GUI_GetpfIndex2ColorEx
 .text.LCD_GetpfColor2IndexEx
                0x000000000800c024        0xe ../GUI/Lib\libSTemWin.a(LCD_GetEx.o)
                0x000000000800c024                LCD_GetpfColor2IndexEx
 *fill*         0x000000000800c032        0x2 
 .text.GUI_GetpfColor2IndexEx
                0x000000000800c034       0x10 ../GUI/Lib\libSTemWin.a(LCD_GetEx.o)
                0x000000000800c034                GUI_GetpfColor2IndexEx
 .text.LCD_GetXSizeMax
                0x000000000800c044        0x6 ../GUI/Lib\libSTemWin.a(LCD_GetEx.o)
                0x000000000800c044                LCD_GetXSizeMax
 .text.LCD_GetYSizeMax
                0x000000000800c04a        0x6 ../GUI/Lib\libSTemWin.a(LCD_GetEx.o)
                0x000000000800c04a                LCD_GetYSizeMax
 .text.LCD_GetVXSizeMax
                0x000000000800c050        0x6 ../GUI/Lib\libSTemWin.a(LCD_GetEx.o)
                0x000000000800c050                LCD_GetVXSizeMax
 *fill*         0x000000000800c056        0x2 
 .text.LCD_SetDisplaySize
                0x000000000800c058       0x14 ../GUI/Lib\libSTemWin.a(LCD_GetEx.o)
                0x000000000800c058                LCD_SetDisplaySize
 .text.LCD_GetXSizeDisplay
                0x000000000800c06c        0xc ../GUI/Lib\libSTemWin.a(LCD_GetEx.o)
                0x000000000800c06c                LCD_GetXSizeDisplay
 .text.LCD_GetYSizeDisplay
                0x000000000800c078        0xc ../GUI/Lib\libSTemWin.a(LCD_GetEx.o)
                0x000000000800c078                LCD_GetYSizeDisplay
 .text.LCD__GetBPP
                0x000000000800c084       0x7e ../GUI/Lib\libSTemWin.a(LCD_GetEx.o)
                0x000000000800c084                LCD__GetBPP
 .text.LCD__GetBPPDevice
                0x000000000800c102       0x2c ../GUI/Lib\libSTemWin.a(LCD_GetEx.o)
                0x000000000800c102                LCD__GetBPPDevice
 *fill*         0x000000000800c12e        0x2 
 .text._SetDrawMode
                0x000000000800c130       0x28 ../GUI/Lib\libSTemWin.a(LCD.o)
 .text.LCD_SetDrawMode
                0x000000000800c158       0x10 ../GUI/Lib\libSTemWin.a(LCD.o)
                0x000000000800c158                LCD_SetDrawMode
 .text.LCD_DrawPixel
                0x000000000800c168       0x5c ../GUI/Lib\libSTemWin.a(LCD.o)
                0x000000000800c168                LCD_DrawPixel
 .text.LCD_DrawHLine
                0x000000000800c1c4       0x4c ../GUI/Lib\libSTemWin.a(LCD.o)
                0x000000000800c1c4                LCD_DrawHLine
 .text.LCD_DrawVLine
                0x000000000800c210       0x4c ../GUI/Lib\libSTemWin.a(LCD.o)
                0x000000000800c210                LCD_DrawVLine
 .text.LCD_FillRect
                0x000000000800c25c       0x58 ../GUI/Lib\libSTemWin.a(LCD.o)
                0x000000000800c25c                LCD_FillRect
 .text.LCD__DrawBitmap_1bpp
                0x000000000800c2b4      0x1b8 ../GUI/Lib\libSTemWin.a(LCD.o)
                0x000000000800c2b4                LCD__DrawBitmap_1bpp
 .text.LCD_DrawBitmap
                0x000000000800c46c      0x218 ../GUI/Lib\libSTemWin.a(LCD.o)
                0x000000000800c46c                LCD_DrawBitmap
 .text.LCD_SetClipRectMax
                0x000000000800c684       0x20 ../GUI/Lib\libSTemWin.a(LCD.o)
                0x000000000800c684                LCD_SetClipRectMax
 .text.emWin_LCD_Init
                0x000000000800c6a4       0xa8 ../GUI/Lib\libSTemWin.a(LCD.o)
                0x000000000800c6a4                emWin_LCD_Init
 .text.LCD_Color2Index
                0x000000000800c74c       0x20 ../GUI/Lib\libSTemWin.a(LCD.o)
                0x000000000800c74c                LCD_Color2Index
 .text.LCD_Index2Color
                0x000000000800c76c       0x20 ../GUI/Lib\libSTemWin.a(LCD.o)
                0x000000000800c76c                LCD_Index2Color
 .text.LCD_SetColorIndex
                0x000000000800c78c       0x18 ../GUI/Lib\libSTemWin.a(LCD.o)
                0x000000000800c78c                LCD_SetColorIndex
 .text._SetColor
                0x000000000800c7a4       0x20 ../GUI/Lib\libSTemWin.a(LCD.o)
 .text.LCD_SetBkColorIndex
                0x000000000800c7c4       0x18 ../GUI/Lib\libSTemWin.a(LCD.o)
                0x000000000800c7c4                LCD_SetBkColorIndex
 .text._SetBkColor
                0x000000000800c7dc       0x20 ../GUI/Lib\libSTemWin.a(LCD.o)
 .text.LCD_SetBkColor
                0x000000000800c7fc       0x10 ../GUI/Lib\libSTemWin.a(LCD.o)
                0x000000000800c7fc                LCD_SetBkColor
 .text.LCD_SetColor
                0x000000000800c80c       0x10 ../GUI/Lib\libSTemWin.a(LCD.o)
                0x000000000800c80c                LCD_SetColor
 .text.GUI__HandleEOLine
                0x000000000800c81c       0x28 ../GUI/Lib\libSTemWin.a(GUI__Private.o)
                0x000000000800c81c                GUI__HandleEOLine
 .text.GUI__IntersectRect
                0x000000000800c844       0x3c ../GUI/Lib\libSTemWin.a(GUI__Private.o)
                0x000000000800c844                GUI__IntersectRect
 .text.GUI__IntersectRects
                0x000000000800c880       0x64 ../GUI/Lib\libSTemWin.a(GUI__Private.o)
                0x000000000800c880                GUI__IntersectRects
 .text.GUI__memset16
                0x000000000800c8e4       0x5c ../GUI/Lib\libSTemWin.a(GUI__Private.o)
                0x000000000800c8e4                GUI__memset16
 .text.GUI__Read16
                0x000000000800c940       0x10 ../GUI/Lib\libSTemWin.a(GUI__Private.o)
                0x000000000800c940                GUI__Read16
 .text.GUI__Read32
                0x000000000800c950       0x1e ../GUI/Lib\libSTemWin.a(GUI__Private.o)
                0x000000000800c950                GUI__Read32
 .text.GUI__ReduceRect
                0x000000000800c96e       0x1c ../GUI/Lib\libSTemWin.a(GUI__Private.o)
                0x000000000800c96e                GUI__ReduceRect
 .text.GUI__sqrt32
                0x000000000800c98a       0x26 ../GUI/Lib\libSTemWin.a(GUI__Private.o)
                0x000000000800c98a                GUI__sqrt32
 .text.GUI__strcmp
                0x000000000800c9b0       0x2c ../GUI/Lib\libSTemWin.a(GUI__Private.o)
                0x000000000800c9b0                GUI__strcmp
 .text.GUI__strcmp_hp
                0x000000000800c9dc       0x28 ../GUI/Lib\libSTemWin.a(GUI__Private.o)
                0x000000000800c9dc                GUI__strcmp_hp
 .text.GUI__strlen
                0x000000000800ca04       0x12 ../GUI/Lib\libSTemWin.a(GUI__Private.o)
                0x000000000800ca04                GUI__strlen
 *fill*         0x000000000800ca16        0x2 
 .text.GUI__SetText
                0x000000000800ca18       0x7c ../GUI/Lib\libSTemWin.a(GUI__Private.o)
                0x000000000800ca18                GUI__SetText
 .text.GUI__ManageCacheEx
                0x000000000800ca94       0xe8 ../GUI/Lib\libSTemWin.a(GUI__ManageCache.o)
                0x000000000800ca94                GUI__ManageCacheEx
 .text.GUI__ManageCache
                0x000000000800cb7c       0x10 ../GUI/Lib\libSTemWin.a(GUI__ManageCache.o)
                0x000000000800cb7c                GUI__ManageCache
 .text.GUI__MixColors
                0x000000000800cb8c       0x5a ../GUI/Lib\libSTemWin.a(GUI__Alpha.o)
                0x000000000800cb8c                GUI__MixColors
 *fill*         0x000000000800cbe6        0x2 
 .text._OnExit  0x000000000800cbe8       0x40 ../GUI/Lib\libSTemWin.a(GUI__Alpha.o)
 .text.GUI__GetAlphaBuffer
                0x000000000800cc28       0xc8 ../GUI/Lib\libSTemWin.a(GUI__Alpha.o)
                0x000000000800cc28                GUI__GetAlphaBuffer
 .text.GUI__DoAlphaBlending
                0x000000000800ccf0      0x1d4 ../GUI/Lib\libSTemWin.a(GUI__Alpha.o)
                0x000000000800ccf0                GUI__DoAlphaBlending
 .text.GUI__AllocAlphaBuffer
                0x000000000800cec4       0x1a ../GUI/Lib\libSTemWin.a(GUI__Alpha.o)
                0x000000000800cec4                GUI__AllocAlphaBuffer
 *fill*         0x000000000800cede        0x2 
 .text.GUI_SignalEvent
                0x000000000800cee0       0x10 ../GUI/Lib\libSTemWin.a(GUI_WaitEvent.o)
                0x000000000800cee0                GUI_SignalEvent
 .text.GUI_UC__GetCharCodeInc
                0x000000000800cef0       0x28 ../GUI/Lib\libSTemWin.a(GUI_UC.o)
                0x000000000800cef0                GUI_UC__GetCharCodeInc
 .text.GUI_UC__NumChars2NumBytes
                0x000000000800cf18       0x24 ../GUI/Lib\libSTemWin.a(GUI_UC.o)
                0x000000000800cf18                GUI_UC__NumChars2NumBytes
 .text._Unlink  0x000000000800cf3c       0x4c ../GUI/Lib\libSTemWin.a(GUI_Timer.o)
 .text.GUI_TIMER__GetFirstTimer
                0x000000000800cf88       0x30 ../GUI/Lib\libSTemWin.a(GUI_Timer.o)
                0x000000000800cf88                GUI_TIMER__GetFirstTimer
 .text.GUI_TIMER__GetNextTimerLin
                0x000000000800cfb8       0x38 ../GUI/Lib\libSTemWin.a(GUI_Timer.o)
                0x000000000800cfb8                GUI_TIMER__GetNextTimerLin
 .text.GUI_TIMER_Delete
                0x000000000800cff0       0x68 ../GUI/Lib\libSTemWin.a(GUI_Timer.o)
                0x000000000800cff0                GUI_TIMER_Delete
 .text.GUI_TIMER_GetFlag
                0x000000000800d058       0x2a ../GUI/Lib\libSTemWin.a(GUI_Timer.o)
                0x000000000800d058                GUI_TIMER_GetFlag
 *fill*         0x000000000800d082        0x2 
 .text.GUI__AlphaPreserveTrans
                0x000000000800d084       0x24 ../GUI/Lib\libSTemWin.a(GUI_SetAlpha.o)
                0x000000000800d084                GUI__AlphaPreserveTrans
 .text.GUI_SelectLayer
                0x000000000800d0a8       0x2c ../GUI/Lib\libSTemWin.a(GUI_SelectLayer.o)
                0x000000000800d0a8                GUI_SelectLayer
 .text.GUI_StoreKey
                0x000000000800d0d4       0x10 ../GUI/Lib\libSTemWin.a(GUI_OnKey.o)
                0x000000000800d0d4                GUI_StoreKey
 .text.GUI_PollKeyMsg
                0x000000000800d0e4       0x38 ../GUI/Lib\libSTemWin.a(GUI_OnKey.o)
                0x000000000800d0e4                GUI_PollKeyMsg
 .text.GUI__DispStringInRect
                0x000000000800d11c      0x14c ../GUI/Lib\libSTemWin.a(GUI_DispString.o)
                0x000000000800d11c                GUI__DispStringInRect
 .text.GUI_DispStringInRectMax
                0x000000000800d268       0x46 ../GUI/Lib\libSTemWin.a(GUI_DispString.o)
                0x000000000800d268                GUI_DispStringInRectMax
 .text.GUI_DispStringInRect
                0x000000000800d2ae        0x8 ../GUI/Lib\libSTemWin.a(GUI_DispString.o)
                0x000000000800d2ae                GUI_DispStringInRect
 .text.GUI_WrapGetNumLines
                0x000000000800d2b6       0x20 ../GUI/Lib\libSTemWin.a(GUI_DispString.o)
                0x000000000800d2b6                GUI_WrapGetNumLines
 .text.GUI_DispStringInRectWrap
                0x000000000800d2d6      0x13e ../GUI/Lib\libSTemWin.a(GUI_DispString.o)
                0x000000000800d2d6                GUI_DispStringInRectWrap
 .text.GUI_DEVICE__GetpDriver
                0x000000000800d414       0x20 ../GUI/Lib\libSTemWin.a(GUI_Device.o)
                0x000000000800d414                GUI_DEVICE__GetpDriver
 .text.GUI_DEVICE_Delete
                0x000000000800d434        0x4 ../GUI/Lib\libSTemWin.a(GUI_Device.o)
                0x000000000800d434                GUI_DEVICE_Delete
 .text.GUI_DEVICE_Create
                0x000000000800d438       0x4c ../GUI/Lib\libSTemWin.a(GUI_Device.o)
                0x000000000800d438                GUI_DEVICE_Create
 .text.GUI_DEVICE_Unlink
                0x000000000800d484       0x34 ../GUI/Lib\libSTemWin.a(GUI_Device.o)
                0x000000000800d484                GUI_DEVICE_Unlink
 .text.GUI_DEVICE_Link
                0x000000000800d4b8       0x84 ../GUI/Lib\libSTemWin.a(GUI_Device.o)
                0x000000000800d4b8                GUI_DEVICE_Link
 .text.GUI_DEVICE_CreateAndLink
                0x000000000800d53c       0x28 ../GUI/Lib\libSTemWin.a(GUI_Device.o)
                0x000000000800d53c                GUI_DEVICE_CreateAndLink
 .text._OnExit  0x000000000800d564       0x4c ../GUI/Lib\libSTemWin.a(GUI_Core.o)
 .text._InitContext
                0x000000000800d5b0       0x88 ../GUI/Lib\libSTemWin.a(GUI_Core.o)
 .text.GUI_SetDefaultFont
                0x000000000800d638        0xc ../GUI/Lib\libSTemWin.a(GUI_Core.o)
                0x000000000800d638                GUI_SetDefaultFont
 .text.GUI_ClearRect
                0x000000000800d644       0x64 ../GUI/Lib\libSTemWin.a(GUI_Core.o)
                0x000000000800d644                GUI_ClearRect
 .text.GUI_Clear
                0x000000000800d6a8       0x20 ../GUI/Lib\libSTemWin.a(GUI_Core.o)
                0x000000000800d6a8                GUI_Clear
 .text.GUI__RegisterExit
                0x000000000800d6c8       0x24 ../GUI/Lib\libSTemWin.a(GUI_Core.o)
                0x000000000800d6c8                GUI__RegisterExit
 .text.GUI__Config
                0x000000000800d6ec       0x30 ../GUI/Lib\libSTemWin.a(GUI_Core.o)
                0x000000000800d6ec                GUI__Config
 .text.GUI_Init
                0x000000000800d71c       0xc4 ../GUI/Lib\libSTemWin.a(GUI_Core.o)
                0x000000000800d71c                GUI_Init
 .text.GUI_CalcColorDist
                0x000000000800d7e0       0x50 ../GUI/Lib\libSTemWin.a(GUI_Common.o)
                0x000000000800d7e0                GUI_CalcColorDist
 .text.GUI_GetClientRect
                0x000000000800d830        0x8 ../GUI/Lib\libSTemWin.a(GUI_Common.o)
                0x000000000800d830                GUI_GetClientRect
 .text.GUI_GetBkColor
                0x000000000800d838        0xe ../GUI/Lib\libSTemWin.a(GUI_Common.o)
                0x000000000800d838                GUI_GetBkColor
 .text.GUI_GetColor
                0x000000000800d846        0xe ../GUI/Lib\libSTemWin.a(GUI_Common.o)
                0x000000000800d846                GUI_GetColor
 .text.GUI_GetOrg
                0x000000000800d854       0x1c ../GUI/Lib\libSTemWin.a(GUI_Common.o)
                0x000000000800d854                GUI_GetOrg
 .text.GUI_GetYSizeOfFont
                0x000000000800d870        0x8 ../GUI/Lib\libSTemWin.a(GUI_Common.o)
                0x000000000800d870                GUI_GetYSizeOfFont
 .text.GUI_MergeRect
                0x000000000800d878       0x56 ../GUI/Lib\libSTemWin.a(GUI_Common.o)
                0x000000000800d878                GUI_MergeRect
 .text.GUI_MoveRect
                0x000000000800d8ce       0x20 ../GUI/Lib\libSTemWin.a(GUI_Common.o)
                0x000000000800d8ce                GUI_MoveRect
 *fill*         0x000000000800d8ee        0x2 
 .text.GUI_Exec1
                0x000000000800d8f0       0x40 ../GUI/Lib\libSTemWin.a(GUI_Common.o)
                0x000000000800d8f0                GUI_Exec1
 .text.GUI_Exec
                0x000000000800d930       0x12 ../GUI/Lib\libSTemWin.a(GUI_Common.o)
                0x000000000800d930                GUI_Exec
 *fill*         0x000000000800d942        0x2 
 .text.GUI_GotoXY
                0x000000000800d944       0x10 ../GUI/Lib\libSTemWin.a(GUI_Common.o)
                0x000000000800d944                GUI_GotoXY
 .text.GUI_SetPenSize
                0x000000000800d954       0x10 ../GUI/Lib\libSTemWin.a(GUI_Common.o)
                0x000000000800d954                GUI_SetPenSize
 .text.GUI_RectsIntersect
                0x000000000800d964       0x3a ../GUI/Lib\libSTemWin.a(GUI_Common.o)
                0x000000000800d964                GUI_RectsIntersect
 *fill*         0x000000000800d99e        0x2 
 .text.GUI_SaveContext_W
                0x000000000800d9a0       0x14 ../GUI/Lib\libSTemWin.a(GUI_Common.o)
                0x000000000800d9a0                GUI_SaveContext_W
 .text.GUI_RestoreContext
                0x000000000800d9b4       0x14 ../GUI/Lib\libSTemWin.a(GUI_Common.o)
                0x000000000800d9b4                GUI_RestoreContext
 .text.GUI_SelectLCD
                0x000000000800d9c8       0x12 ../GUI/Lib\libSTemWin.a(GUI_Common.o)
                0x000000000800d9c8                GUI_SelectLCD
 .text.GUI_SetBkColor
                0x000000000800d9da        0x4 ../GUI/Lib\libSTemWin.a(GUI_Common.o)
                0x000000000800d9da                GUI_SetBkColor
 .text.GUI_SetColor
                0x000000000800d9de        0x4 ../GUI/Lib\libSTemWin.a(GUI_Common.o)
                0x000000000800d9de                GUI_SetColor
 .text.GUI_SetDrawMode
                0x000000000800d9e2        0x4 ../GUI/Lib\libSTemWin.a(GUI_Common.o)
                0x000000000800d9e2                GUI_SetDrawMode
 *fill*         0x000000000800d9e6        0x2 
 .text.GUI_SetFont
                0x000000000800d9e8       0x14 ../GUI/Lib\libSTemWin.a(GUI_Common.o)
                0x000000000800d9e8                GUI_SetFont
 .text.GUI_SetLineStyle
                0x000000000800d9fc       0x10 ../GUI/Lib\libSTemWin.a(GUI_Common.o)
                0x000000000800d9fc                GUI_SetLineStyle
 .text.GUI_SetOrg
                0x000000000800da0c       0x34 ../GUI/Lib\libSTemWin.a(GUI_Common.o)
                0x000000000800da0c                GUI_SetOrg
 .text.GUI_SetTextAlign
                0x000000000800da40       0x14 ../GUI/Lib\libSTemWin.a(GUI_Common.o)