../Core/Src/main.c:66:6:Reset_LEDs	16	static
../Core/Src/main.c:78:6:WS2812_Moving_Effect	16	static
../Core/Src/main.c:109:6:LED_Set_Data	24	static
../Core/Src/main.c:117:6:HAL_TIM_PWM_PulseFinishedCallback	16	static
../Core/Src/main.c:123:6:WS2812_Write	24	static
../Core/Src/main.c:162:5:main	8	static
../Core/Src/main.c:218:6:SystemClock_Config	88	static
../Core/Src/main.c:262:13:MX_TIM1_Init	80	static
../Core/Src/main.c:326:13:MX_DMA_Init	16	static
../Core/Src/main.c:344:13:MX_GPIO_Init	16	static
../Core/Src/main.c:361:6:Error_Handler	4	static,ignoring_inline_asm
