22:13:19 **** Incremental Build of configuration Debug for project ROBOTIC_PID_CONTROLLER_PROJECT ****
make -j8 all 
arm-none-eabi-gcc "../Core/Src/main.c" -mcpu=cortex-m4 -std=gnu11 -g3 -DDEBUG -DUSE_HAL_DRIVER -DSTM32F446xx -c -I../Core/Inc -I../Drivers/STM32F4xx_HAL_Driver/Inc -I../Drivers/STM32F4xx_HAL_Driver/Inc/Legacy -I../Drivers/CMSIS/Device/ST/STM32F4xx/Include -I../Drivers/CMSIS/Include -O0 -ffunction-sections -fdata-sections -Wall -fstack-usage -fcyclomatic-complexity -MMD -MP -MF"Core/Src/main.d" -MT"Core/Src/main.o" --specs=nano.specs -mfpu=fpv4-sp-d16 -mfloat-abi=hard -mthumb -o "Core/Src/main.o"
arm-none-eabi-gcc -o "ROBOTIC_PID_CONTROLLER_PROJECT.elf" @"objects.list"   -mcpu=cortex-m4 -T"C:\Users\onura\STM32CubeIDE\workspace_1.11.0\ROBOTIC_PID_CONTROLLER_PROJECT\STM32F446RETX_FLASH.ld" --specs=nosys.specs -Wl,-Map="ROBOTIC_PID_CONTROLLER_PROJECT.map" -Wl,--gc-sections -static --specs=nano.specs -mfpu=fpv4-sp-d16 -mfloat-abi=hard -mthumb -Wl,--start-group -lc -lm -Wl,--end-group
Finished building target: ROBOTIC_PID_CONTROLLER_PROJECT.elf
 
arm-none-eabi-size   ROBOTIC_PID_CONTROLLER_PROJECT.elf 
arm-none-eabi-objdump -h -S  ROBOTIC_PID_CONTROLLER_PROJECT.elf  > "ROBOTIC_PID_CONTROLLER_PROJECT.list"
   text	   data	    bss	    dec	    hex	filename
  13152	     36	   1668	  14856	   3a08	ROBOTIC_PID_CONTROLLER_PROJECT.elf
Finished building: default.size.stdout
 
Finished building: ROBOTIC_PID_CONTROLLER_PROJECT.list
 
22:13:37 **** Incremental Build of configuration Debug for project ROBOTIC_PID_CONTROLLER_PROJECT ****
make -j8 all 
arm-none-eabi-size   ROBOTIC_PID_CONTROLLER_PROJECT.elf 
   text	   data	    bss	    dec	    hex	filename
  13152	     36	   1668	  14856	   3a08	ROBOTIC_PID_CONTROLLER_PROJECT.elf
Finished building: default.size.stdout
 
22:14:18 **** Incremental Build of configuration Debug for project ROBOTIC_PID_CONTROLLER_PROJECT ****
make -j8 all 
arm-none-eabi-gcc "../Core/Src/main.c" -mcpu=cortex-m4 -std=gnu11 -g3 -DDEBUG -DUSE_HAL_DRIVER -DSTM32F446xx -c -I../Core/Inc -I../Drivers/STM32F4xx_HAL_Driver/Inc -I../Drivers/STM32F4xx_HAL_Driver/Inc/Legacy -I../Drivers/CMSIS/Device/ST/STM32F4xx/Include -I../Drivers/CMSIS/Include -O0 -ffunction-sections -fdata-sections -Wall -fstack-usage -fcyclomatic-complexity -MMD -MP -MF"Core/Src/main.d" -MT"Core/Src/main.o" --specs=nano.specs -mfpu=fpv4-sp-d16 -mfloat-abi=hard -mthumb -o "Core/Src/main.o"
arm-none-eabi-gcc -o "ROBOTIC_PID_CONTROLLER_PROJECT.elf" @"objects.list"   -mcpu=cortex-m4 -T"C:\Users\onura\STM32CubeIDE\workspace_1.11.0\ROBOTIC_PID_CONTROLLER_PROJECT\STM32F446RETX_FLASH.ld" --specs=nosys.specs -Wl,-Map="ROBOTIC_PID_CONTROLLER_PROJECT.map" -Wl,--gc-sections -static --specs=nano.specs -mfpu=fpv4-sp-d16 -mfloat-abi=hard -mthumb -Wl,--start-group -lc -lm -Wl,--end-group
Finished building target: ROBOTIC_PID_CONTROLLER_PROJECT.elf
 
arm-none-eabi-size   ROBOTIC_PID_CONTROLLER_PROJECT.elf 
arm-none-eabi-objdump -h -S  ROBOTIC_PID_CONTROLLER_PROJECT.elf  > "ROBOTIC_PID_CONTROLLER_PROJECT.list"
   text	   data	    bss	    dec	    hex	filename
  13152	     36	   1668	  14856	   3a08	ROBOTIC_PID_CONTROLLER_PROJECT.elf
Finished building: default.size.stdout
 
Finished building: ROBOTIC_PID_CONTROLLER_PROJECT.list
 
22:16:09 **** Incremental Build of configuration Debug for project ROBOTIC_PID_CONTROLLER_PROJECT ****
make -j8 all 
arm-none-eabi-gcc "../Core/Src/main.c" -mcpu=cortex-m4 -std=gnu11 -g3 -DDEBUG -DUSE_HAL_DRIVER -DSTM32F446xx -c -I../Core/Inc -I../Drivers/STM32F4xx_HAL_Driver/Inc -I../Drivers/STM32F4xx_HAL_Driver/Inc/Legacy -I../Drivers/CMSIS/Device/ST/STM32F4xx/Include -I../Drivers/CMSIS/Include -O0 -ffunction-sections -fdata-sections -Wall -fstack-usage -fcyclomatic-complexity -MMD -MP -MF"Core/Src/main.d" -MT"Core/Src/main.o" --specs=nano.specs -mfpu=fpv4-sp-d16 -mfloat-abi=hard -mthumb -o "Core/Src/main.o"
arm-none-eabi-gcc -o "ROBOTIC_PID_CONTROLLER_PROJECT.elf" @"objects.list"   -mcpu=cortex-m4 -T"C:\Users\onura\STM32CubeIDE\workspace_1.11.0\ROBOTIC_PID_CONTROLLER_PROJECT\STM32F446RETX_FLASH.ld" --specs=nosys.specs -Wl,-Map="ROBOTIC_PID_CONTROLLER_PROJECT.map" -Wl,--gc-sections -static --specs=nano.specs -mfpu=fpv4-sp-d16 -mfloat-abi=hard -mthumb -Wl,--start-group -lc -lm -Wl,--end-group
Finished building target: ROBOTIC_PID_CONTROLLER_PROJECT.elf
 
arm-none-eabi-size   ROBOTIC_PID_CONTROLLER_PROJECT.elf 
arm-none-eabi-objdump -h -S  ROBOTIC_PID_CONTROLLER_PROJECT.elf  > "ROBOTIC_PID_CONTROLLER_PROJECT.list"
   text	   data	    bss	    dec	    hex	filename
  12972	     36	   1668	  14676	   3954	ROBOTIC_PID_CONTROLLER_PROJECT.elf
Finished building: default.size.stdout
 
Finished building: ROBOTIC_PID_CONTROLLER_PROJECT.list
 
22:17:01 **** Incremental Build of configuration Debug for project ROBOTIC_PID_CONTROLLER_PROJECT ****
make -j8 all 
arm-none-eabi-gcc "../Core/Src/main.c" -mcpu=cortex-m4 -std=gnu11 -g3 -DDEBUG -DUSE_HAL_DRIVER -DSTM32F446xx -c -I../Core/Inc -I../Drivers/STM32F4xx_HAL_Driver/Inc -I../Drivers/STM32F4xx_HAL_Driver/Inc/Legacy -I../Drivers/CMSIS/Device/ST/STM32F4xx/Include -I../Drivers/CMSIS/Include -O0 -ffunction-sections -fdata-sections -Wall -fstack-usage -fcyclomatic-complexity -MMD -MP -MF"Core/Src/main.d" -MT"Core/Src/main.o" --specs=nano.specs -mfpu=fpv4-sp-d16 -mfloat-abi=hard -mthumb -o "Core/Src/main.o"
arm-none-eabi-gcc -o "ROBOTIC_PID_CONTROLLER_PROJECT.elf" @"objects.list"   -mcpu=cortex-m4 -T"C:\Users\onura\STM32CubeIDE\workspace_1.11.0\ROBOTIC_PID_CONTROLLER_PROJECT\STM32F446RETX_FLASH.ld" --specs=nosys.specs -Wl,-Map="ROBOTIC_PID_CONTROLLER_PROJECT.map" -Wl,--gc-sections -static --specs=nano.specs -mfpu=fpv4-sp-d16 -mfloat-abi=hard -mthumb -Wl,--start-group -lc -lm -Wl,--end-group
Finished building target: ROBOTIC_PID_CONTROLLER_PROJECT.elf
 
arm-none-eabi-size   ROBOTIC_PID_CONTROLLER_PROJECT.elf 
arm-none-eabi-objdump -h -S  ROBOTIC_PID_CONTROLLER_PROJECT.elf  > "ROBOTIC_PID_CONTROLLER_PROJECT.list"
   text	   data	    bss	    dec	    hex	filename
  10836	     36	   1668	  12540	   30fc	ROBOTIC_PID_CONTROLLER_PROJECT.elf
Finished building: default.size.stdout
 
Finished building: ROBOTIC_PID_CONTROLLER_PROJECT.list
 
22:18:45 **** Incremental Build of configuration Debug for project ROBOTIC_PID_CONTROLLER_PROJECT ****
make -j8 all 
arm-none-eabi-gcc "../Core/Src/main.c" -mcpu=cortex-m4 -std=gnu11 -g3 -DDEBUG -DUSE_HAL_DRIVER -DSTM32F446xx -c -I../Core/Inc -I../Drivers/STM32F4xx_HAL_Driver/Inc -I../Drivers/STM32F4xx_HAL_Driver/Inc/Legacy -I../Drivers/CMSIS/Device/ST/STM32F4xx/Include -I../Drivers/CMSIS/Include -O0 -ffunction-sections -fdata-sections -Wall -fstack-usage -fcyclomatic-complexity -MMD -MP -MF"Core/Src/main.d" -MT"Core/Src/main.o" --specs=nano.specs -mfpu=fpv4-sp-d16 -mfloat-abi=hard -mthumb -o "Core/Src/main.o"
arm-none-eabi-gcc -o "ROBOTIC_PID_CONTROLLER_PROJECT.elf" @"objects.list"   -mcpu=cortex-m4 -T"C:\Users\onura\STM32CubeIDE\workspace_1.11.0\ROBOTIC_PID_CONTROLLER_PROJECT\STM32F446RETX_FLASH.ld" --specs=nosys.specs -Wl,-Map="ROBOTIC_PID_CONTROLLER_PROJECT.map" -Wl,--gc-sections -static --specs=nano.specs -mfpu=fpv4-sp-d16 -mfloat-abi=hard -mthumb -Wl,--start-group -lc -lm -Wl,--end-group
Finished building target: ROBOTIC_PID_CONTROLLER_PROJECT.elf
 
arm-none-eabi-size   ROBOTIC_PID_CONTROLLER_PROJECT.elf 
arm-none-eabi-objdump -h -S  ROBOTIC_PID_CONTROLLER_PROJECT.elf  > "ROBOTIC_PID_CONTROLLER_PROJECT.list"
   text	   data	    bss	    dec	    hex	filename
  10916	     36	   1668	  12620	   314c	ROBOTIC_PID_CONTROLLER_PROJECT.elf
Finished building: default.size.stdout
 
Finished building: ROBOTIC_PID_CONTROLLER_PROJECT.list
 
22:20:00 **** Incremental Build of configuration Debug for project ROBOTIC_PID_CONTROLLER_PROJECT ****
make -j8 all 
arm-none-eabi-gcc "../Core/Src/main.c" -mcpu=cortex-m4 -std=gnu11 -g3 -DDEBUG -DUSE_HAL_DRIVER -DSTM32F446xx -c -I../Core/Inc -I../Drivers/STM32F4xx_HAL_Driver/Inc -I../Drivers/STM32F4xx_HAL_Driver/Inc/Legacy -I../Drivers/CMSIS/Device/ST/STM32F4xx/Include -I../Drivers/CMSIS/Include -O0 -ffunction-sections -fdata-sections -Wall -fstack-usage -fcyclomatic-complexity -MMD -MP -MF"Core/Src/main.d" -MT"Core/Src/main.o" --specs=nano.specs -mfpu=fpv4-sp-d16 -mfloat-abi=hard -mthumb -o "Core/Src/main.o"
arm-none-eabi-gcc -o "ROBOTIC_PID_CONTROLLER_PROJECT.elf" @"objects.list"   -mcpu=cortex-m4 -T"C:\Users\onura\STM32CubeIDE\workspace_1.11.0\ROBOTIC_PID_CONTROLLER_PROJECT\STM32F446RETX_FLASH.ld" --specs=nosys.specs -Wl,-Map="ROBOTIC_PID_CONTROLLER_PROJECT.map" -Wl,--gc-sections -static --specs=nano.specs -mfpu=fpv4-sp-d16 -mfloat-abi=hard -mthumb -Wl,--start-group -lc -lm -Wl,--end-group
Finished building target: ROBOTIC_PID_CONTROLLER_PROJECT.elf
 
arm-none-eabi-size   ROBOTIC_PID_CONTROLLER_PROJECT.elf 
arm-none-eabi-objdump -h -S  ROBOTIC_PID_CONTROLLER_PROJECT.elf  > "ROBOTIC_PID_CONTROLLER_PROJECT.list"
   text	   data	    bss	    dec	    hex	filename
  10916	     36	   1668	  12620	   314c	ROBOTIC_PID_CONTROLLER_PROJECT.elf
Finished building: default.size.stdout
 
Finished building: ROBOTIC_PID_CONTROLLER_PROJECT.list
 
22:20:33 **** Incremental Build of configuration Debug for project ROBOTIC_PID_CONTROLLER_PROJECT ****
make -j8 all 
arm-none-eabi-gcc "../Core/Src/main.c" -mcpu=cortex-m4 -std=gnu11 -g3 -DDEBUG -DUSE_HAL_DRIVER -DSTM32F446xx -c -I../Core/Inc -I../Drivers/STM32F4xx_HAL_Driver/Inc -I../Drivers/STM32F4xx_HAL_Driver/Inc/Legacy -I../Drivers/CMSIS/Device/ST/STM32F4xx/Include -I../Drivers/CMSIS/Include -O0 -ffunction-sections -fdata-sections -Wall -fstack-usage -fcyclomatic-complexity -MMD -MP -MF"Core/Src/main.d" -MT"Core/Src/main.o" --specs=nano.specs -mfpu=fpv4-sp-d16 -mfloat-abi=hard -mthumb -o "Core/Src/main.o"
arm-none-eabi-gcc -o "ROBOTIC_PID_CONTROLLER_PROJECT.elf" @"objects.list"   -mcpu=cortex-m4 -T"C:\Users\onura\STM32CubeIDE\workspace_1.11.0\ROBOTIC_PID_CONTROLLER_PROJECT\STM32F446RETX_FLASH.ld" --specs=nosys.specs -Wl,-Map="ROBOTIC_PID_CONTROLLER_PROJECT.map" -Wl,--gc-sections -static --specs=nano.specs -mfpu=fpv4-sp-d16 -mfloat-abi=hard -mthumb -Wl,--start-group -lc -lm -Wl,--end-group
Finished building target: ROBOTIC_PID_CONTROLLER_PROJECT.elf
 
arm-none-eabi-size   ROBOTIC_PID_CONTROLLER_PROJECT.elf 
arm-none-eabi-objdump -h -S  ROBOTIC_PID_CONTROLLER_PROJECT.elf  > "ROBOTIC_PID_CONTROLLER_PROJECT.list"
   text	   data	    bss	    dec	    hex	filename
  10916	     36	   1668	  12620	   314c	ROBOTIC_PID_CONTROLLER_PROJECT.elf
Finished building: default.size.stdout
 
Finished building: ROBOTIC_PID_CONTROLLER_PROJECT.list
 
22:21:17 **** Incremental Build of configuration Debug for project ROBOTIC_PID_CONTROLLER_PROJECT ****
make -j8 all 
arm-none-eabi-gcc "../Core/Src/main.c" -mcpu=cortex-m4 -std=gnu11 -g3 -DDEBUG -DUSE_HAL_DRIVER -DSTM32F446xx -c -I../Core/Inc -I../Drivers/STM32F4xx_HAL_Driver/Inc -I../Drivers/STM32F4xx_HAL_Driver/Inc/Legacy -I../Drivers/CMSIS/Device/ST/STM32F4xx/Include -I../Drivers/CMSIS/Include -O0 -ffunction-sections -fdata-sections -Wall -fstack-usage -fcyclomatic-complexity -MMD -MP -MF"Core/Src/main.d" -MT"Core/Src/main.o" --specs=nano.specs -mfpu=fpv4-sp-d16 -mfloat-abi=hard -mthumb -o "Core/Src/main.o"
arm-none-eabi-gcc -o "ROBOTIC_PID_CONTROLLER_PROJECT.elf" @"objects.list"   -mcpu=cortex-m4 -T"C:\Users\onura\STM32CubeIDE\workspace_1.11.0\ROBOTIC_PID_CONTROLLER_PROJECT\STM32F446RETX_FLASH.ld" --specs=nosys.specs -Wl,-Map="ROBOTIC_PID_CONTROLLER_PROJECT.map" -Wl,--gc-sections -static --specs=nano.specs -mfpu=fpv4-sp-d16 -mfloat-abi=hard -mthumb -Wl,--start-group -lc -lm -Wl,--end-group
Finished building target: ROBOTIC_PID_CONTROLLER_PROJECT.elf
 
arm-none-eabi-size   ROBOTIC_PID_CONTROLLER_PROJECT.elf 
arm-none-eabi-objdump -h -S  ROBOTIC_PID_CONTROLLER_PROJECT.elf  > "ROBOTIC_PID_CONTROLLER_PROJECT.list"
   text	   data	    bss	    dec	    hex	filename
  10844	     36	   1668	  12548	   3104	ROBOTIC_PID_CONTROLLER_PROJECT.elf
Finished building: default.size.stdout
 
Finished building: ROBOTIC_PID_CONTROLLER_PROJECT.list
 
22:22:11 **** Incremental Build of configuration Debug for project ROBOTIC_PID_CONTROLLER_PROJECT ****
make -j8 all 
arm-none-eabi-size   ROBOTIC_PID_CONTROLLER_PROJECT.elf 
   text	   data	    bss	    dec	    hex	filename
  10844	     36	   1668	  12548	   3104	ROBOTIC_PID_CONTROLLER_PROJECT.elf
Finished building: default.size.stdout
 
22:23:49 **** Incremental Build of configuration Debug for project ROBOTIC_PID_CONTROLLER_PROJECT ****
make -j8 all 
arm-none-eabi-gcc "../Core/Src/main.c" -mcpu=cortex-m4 -std=gnu11 -g3 -DDEBUG -DUSE_HAL_DRIVER -DSTM32F446xx -c -I../Core/Inc -I../Drivers/STM32F4xx_HAL_Driver/Inc -I../Drivers/STM32F4xx_HAL_Driver/Inc/Legacy -I../Drivers/CMSIS/Device/ST/STM32F4xx/Include -I../Drivers/CMSIS/Include -O0 -ffunction-sections -fdata-sections -Wall -fstack-usage -fcyclomatic-complexity -MMD -MP -MF"Core/Src/main.d" -MT"Core/Src/main.o" --specs=nano.specs -mfpu=fpv4-sp-d16 -mfloat-abi=hard -mthumb -o "Core/Src/main.o"
arm-none-eabi-gcc -o "ROBOTIC_PID_CONTROLLER_PROJECT.elf" @"objects.list"   -mcpu=cortex-m4 -T"C:\Users\onura\STM32CubeIDE\workspace_1.11.0\ROBOTIC_PID_CONTROLLER_PROJECT\STM32F446RETX_FLASH.ld" --specs=nosys.specs -Wl,-Map="ROBOTIC_PID_CONTROLLER_PROJECT.map" -Wl,--gc-sections -static --specs=nano.specs -mfpu=fpv4-sp-d16 -mfloat-abi=hard -mthumb -Wl,--start-group -lc -lm -Wl,--end-group
Finished building target: ROBOTIC_PID_CONTROLLER_PROJECT.elf
 
arm-none-eabi-size   ROBOTIC_PID_CONTROLLER_PROJECT.elf 
arm-none-eabi-objdump -h -S  ROBOTIC_PID_CONTROLLER_PROJECT.elf  > "ROBOTIC_PID_CONTROLLER_PROJECT.list"
   text	   data	    bss	    dec	    hex	filename
  10844	     36	   1668	  12548	   3104	ROBOTIC_PID_CONTROLLER_PROJECT.elf
Finished building: default.size.stdout
 
Finished building: ROBOTIC_PID_CONTROLLER_PROJECT.list
 
22:24:38 **** Incremental Build of configuration Debug for project ROBOTIC_PID_CONTROLLER_PROJECT ****
make -j8 all 
arm-none-eabi-gcc "../Core/Src/main.c" -mcpu=cortex-m4 -std=gnu11 -g3 -DDEBUG -DUSE_HAL_DRIVER -DSTM32F446xx -c -I../Core/Inc -I../Drivers/STM32F4xx_HAL_Driver/Inc -I../Drivers/STM32F4xx_HAL_Driver/Inc/Legacy -I../Drivers/CMSIS/Device/ST/STM32F4xx/Include -I../Drivers/CMSIS/Include -O0 -ffunction-sections -fdata-sections -Wall -fstack-usage -fcyclomatic-complexity -MMD -MP -MF"Core/Src/main.d" -MT"Core/Src/main.o" --specs=nano.specs -mfpu=fpv4-sp-d16 -mfloat-abi=hard -mthumb -o "Core/Src/main.o"
arm-none-eabi-gcc -o "ROBOTIC_PID_CONTROLLER_PROJECT.elf" @"objects.list"   -mcpu=cortex-m4 -T"C:\Users\onura\STM32CubeIDE\workspace_1.11.0\ROBOTIC_PID_CONTROLLER_PROJECT\STM32F446RETX_FLASH.ld" --specs=nosys.specs -Wl,-Map="ROBOTIC_PID_CONTROLLER_PROJECT.map" -Wl,--gc-sections -static --specs=nano.specs -mfpu=fpv4-sp-d16 -mfloat-abi=hard -mthumb -Wl,--start-group -lc -lm -Wl,--end-group
Finished building target: ROBOTIC_PID_CONTROLLER_PROJECT.elf
 
arm-none-eabi-size   ROBOTIC_PID_CONTROLLER_PROJECT.elf 
arm-none-eabi-objdump -h -S  ROBOTIC_PID_CONTROLLER_PROJECT.elf  > "ROBOTIC_PID_CONTROLLER_PROJECT.list"
   text	   data	    bss	    dec	    hex	filename
  10844	     36	   1668	  12548	   3104	ROBOTIC_PID_CONTROLLER_PROJECT.elf
Finished building: default.size.stdout
 
Finished building: ROBOTIC_PID_CONTROLLER_PROJECT.list
 
22:25:07 **** Incremental Build of configuration Debug for project ROBOTIC_PID_CONTROLLER_PROJECT ****
make -j8 all 
arm-none-eabi-gcc "../Core/Src/main.c" -mcpu=cortex-m4 -std=gnu11 -g3 -DDEBUG -DUSE_HAL_DRIVER -DSTM32F446xx -c -I../Core/Inc -I../Drivers/STM32F4xx_HAL_Driver/Inc -I../Drivers/STM32F4xx_HAL_Driver/Inc/Legacy -I../Drivers/CMSIS/Device/ST/STM32F4xx/Include -I../Drivers/CMSIS/Include -O0 -ffunction-sections -fdata-sections -Wall -fstack-usage -fcyclomatic-complexity -MMD -MP -MF"Core/Src/main.d" -MT"Core/Src/main.o" --specs=nano.specs -mfpu=fpv4-sp-d16 -mfloat-abi=hard -mthumb -o "Core/Src/main.o"
arm-none-eabi-gcc -o "ROBOTIC_PID_CONTROLLER_PROJECT.elf" @"objects.list"   -mcpu=cortex-m4 -T"C:\Users\onura\STM32CubeIDE\workspace_1.11.0\ROBOTIC_PID_CONTROLLER_PROJECT\STM32F446RETX_FLASH.ld" --specs=nosys.specs -Wl,-Map="ROBOTIC_PID_CONTROLLER_PROJECT.map" -Wl,--gc-sections -static --specs=nano.specs -mfpu=fpv4-sp-d16 -mfloat-abi=hard -mthumb -Wl,--start-group -lc -lm -Wl,--end-group
Finished building target: ROBOTIC_PID_CONTROLLER_PROJECT.elf
 
arm-none-eabi-size   ROBOTIC_PID_CONTROLLER_PROJECT.elf 
arm-none-eabi-objdump -h -S  ROBOTIC_PID_CONTROLLER_PROJECT.elf  > "ROBOTIC_PID_CONTROLLER_PROJECT.list"
   text	   data	    bss	    dec	    hex	filename
  10844	     36	   1668	  12548	   3104	ROBOTIC_PID_CONTROLLER_PROJECT.elf
Finished building: default.size.stdout
 
Finished building: ROBOTIC_PID_CONTROLLER_PROJECT.list
 
22:26:01 **** Incremental Build of configuration Debug for project ROBOTIC_PID_CONTROLLER_PROJECT ****
make -j8 all 
arm-none-eabi-gcc "../Core/Src/main.c" -mcpu=cortex-m4 -std=gnu11 -g3 -DDEBUG -DUSE_HAL_DRIVER -DSTM32F446xx -c -I../Core/Inc -I../Drivers/STM32F4xx_HAL_Driver/Inc -I../Drivers/STM32F4xx_HAL_Driver/Inc/Legacy -I../Drivers/CMSIS/Device/ST/STM32F4xx/Include -I../Drivers/CMSIS/Include -O0 -ffunction-sections -fdata-sections -Wall -fstack-usage -fcyclomatic-complexity -MMD -MP -MF"Core/Src/main.d" -MT"Core/Src/main.o" --specs=nano.specs -mfpu=fpv4-sp-d16 -mfloat-abi=hard -mthumb -o "Core/Src/main.o"
arm-none-eabi-gcc -o "ROBOTIC_PID_CONTROLLER_PROJECT.elf" @"objects.list"   -mcpu=cortex-m4 -T"C:\Users\onura\STM32CubeIDE\workspace_1.11.0\ROBOTIC_PID_CONTROLLER_PROJECT\STM32F446RETX_FLASH.ld" --specs=nosys.specs -Wl,-Map="ROBOTIC_PID_CONTROLLER_PROJECT.map" -Wl,--gc-sections -static --specs=nano.specs -mfpu=fpv4-sp-d16 -mfloat-abi=hard -mthumb -Wl,--start-group -lc -lm -Wl,--end-group
Finished building target: ROBOTIC_PID_CONTROLLER_PROJECT.elf
 
arm-none-eabi-size   ROBOTIC_PID_CONTROLLER_PROJECT.elf 
arm-none-eabi-objdump -h -S  ROBOTIC_PID_CONTROLLER_PROJECT.elf  > "ROBOTIC_PID_CONTROLLER_PROJECT.list"
   text	   data	    bss	    dec	    hex	filename
  10844	     36	   1668	  12548	   3104	ROBOTIC_PID_CONTROLLER_PROJECT.elf
Finished building: default.size.stdout
 
Finished building: ROBOTIC_PID_CONTROLLER_PROJECT.list
 
22:26:31 **** Incremental Build of configuration Debug for project ROBOTIC_PID_CONTROLLER_PROJECT ****
make -j8 all 
arm-none-eabi-gcc "../Core/Src/main.c" -mcpu=cortex-m4 -std=gnu11 -g3 -DDEBUG -DUSE_HAL_DRIVER -DSTM32F446xx -c -I../Core/Inc -I../Drivers/STM32F4xx_HAL_Driver/Inc -I../Drivers/STM32F4xx_HAL_Driver/Inc/Legacy -I../Drivers/CMSIS/Device/ST/STM32F4xx/Include -I../Drivers/CMSIS/Include -O0 -ffunction-sections -fdata-sections -Wall -fstack-usage -fcyclomatic-complexity -MMD -MP -MF"Core/Src/main.d" -MT"Core/Src/main.o" --specs=nano.specs -mfpu=fpv4-sp-d16 -mfloat-abi=hard -mthumb -o "Core/Src/main.o"
arm-none-eabi-gcc -o "ROBOTIC_PID_CONTROLLER_PROJECT.elf" @"objects.list"   -mcpu=cortex-m4 -T"C:\Users\onura\STM32CubeIDE\workspace_1.11.0\ROBOTIC_PID_CONTROLLER_PROJECT\STM32F446RETX_FLASH.ld" --specs=nosys.specs -Wl,-Map="ROBOTIC_PID_CONTROLLER_PROJECT.map" -Wl,--gc-sections -static --specs=nano.specs -mfpu=fpv4-sp-d16 -mfloat-abi=hard -mthumb -Wl,--start-group -lc -lm -Wl,--end-group
Finished building target: ROBOTIC_PID_CONTROLLER_PROJECT.elf
 
arm-none-eabi-size   ROBOTIC_PID_CONTROLLER_PROJECT.elf 
arm-none-eabi-objdump -h -S  ROBOTIC_PID_CONTROLLER_PROJECT.elf  > "ROBOTIC_PID_CONTROLLER_PROJECT.list"
   text	   data	    bss	    dec	    hex	filename
  10844	     36	   1668	  12548	   3104	ROBOTIC_PID_CONTROLLER_PROJECT.elf
Finished building: default.size.stdout
 
Finished building: ROBOTIC_PID_CONTROLLER_PROJECT.list
 
22:26:53 **** Incremental Build of configuration Debug for project ROBOTIC_PID_CONTROLLER_PROJECT ****
make -j8 all 
arm-none-eabi-gcc "../Core/Src/main.c" -mcpu=cortex-m4 -std=gnu11 -g3 -DDEBUG -DUSE_HAL_DRIVER -DSTM32F446xx -c -I../Core/Inc -I../Drivers/STM32F4xx_HAL_Driver/Inc -I../Drivers/STM32F4xx_HAL_Driver/Inc/Legacy -I../Drivers/CMSIS/Device/ST/STM32F4xx/Include -I../Drivers/CMSIS/Include -O0 -ffunction-sections -fdata-sections -Wall -fstack-usage -fcyclomatic-complexity -MMD -MP -MF"Core/Src/main.d" -MT"Core/Src/main.o" --specs=nano.specs -mfpu=fpv4-sp-d16 -mfloat-abi=hard -mthumb -o "Core/Src/main.o"
arm-none-eabi-gcc -o "ROBOTIC_PID_CONTROLLER_PROJECT.elf" @"objects.list"   -mcpu=cortex-m4 -T"C:\Users\onura\STM32CubeIDE\workspace_1.11.0\ROBOTIC_PID_CONTROLLER_PROJECT\STM32F446RETX_FLASH.ld" --specs=nosys.specs -Wl,-Map="ROBOTIC_PID_CONTROLLER_PROJECT.map" -Wl,--gc-sections -static --specs=nano.specs -mfpu=fpv4-sp-d16 -mfloat-abi=hard -mthumb -Wl,--start-group -lc -lm -Wl,--end-group
Finished building target: ROBOTIC_PID_CONTROLLER_PROJECT.elf
 
arm-none-eabi-size   ROBOTIC_PID_CONTROLLER_PROJECT.elf 
arm-none-eabi-objdump -h -S  ROBOTIC_PID_CONTROLLER_PROJECT.elf  > "ROBOTIC_PID_CONTROLLER_PROJECT.list"
   text	   data	    bss	    dec	    hex	filename
  10844	     36	   1668	  12548	   3104	ROBOTIC_PID_CONTROLLER_PROJECT.elf
Finished building: default.size.stdout
 
Finished building: ROBOTIC_PID_CONTROLLER_PROJECT.list
 
22:27:17 **** Incremental Build of configuration Debug for project ROBOTIC_PID_CONTROLLER_PROJECT ****
make -j8 all 
arm-none-eabi-gcc "../Core/Src/main.c" -mcpu=cortex-m4 -std=gnu11 -g3 -DDEBUG -DUSE_HAL_DRIVER -DSTM32F446xx -c -I../Core/Inc -I../Drivers/STM32F4xx_HAL_Driver/Inc -I../Drivers/STM32F4xx_HAL_Driver/Inc/Legacy -I../Drivers/CMSIS/Device/ST/STM32F4xx/Include -I../Drivers/CMSIS/Include -O0 -ffunction-sections -fdata-sections -Wall -fstack-usage -fcyclomatic-complexity -MMD -MP -MF"Core/Src/main.d" -MT"Core/Src/main.o" --specs=nano.specs -mfpu=fpv4-sp-d16 -mfloat-abi=hard -mthumb -o "Core/Src/main.o"
arm-none-eabi-gcc -o "ROBOTIC_PID_CONTROLLER_PROJECT.elf" @"objects.list"   -mcpu=cortex-m4 -T"C:\Users\onura\STM32CubeIDE\workspace_1.11.0\ROBOTIC_PID_CONTROLLER_PROJECT\STM32F446RETX_FLASH.ld" --specs=nosys.specs -Wl,-Map="ROBOTIC_PID_CONTROLLER_PROJECT.map" -Wl,--gc-sections -static --specs=nano.specs -mfpu=fpv4-sp-d16 -mfloat-abi=hard -mthumb -Wl,--start-group -lc -lm -Wl,--end-group
Finished building target: ROBOTIC_PID_CONTROLLER_PROJECT.elf
 
arm-none-eabi-size   ROBOTIC_PID_CONTROLLER_PROJECT.elf 
arm-none-eabi-objdump -h -S  ROBOTIC_PID_CONTROLLER_PROJECT.elf  > "ROBOTIC_PID_CONTROLLER_PROJECT.list"
   text	   data	    bss	    dec	    hex	filename
  10844	     36	   1668	  12548	   3104	ROBOTIC_PID_CONTROLLER_PROJECT.elf
Finished building: default.size.stdout
 
Finished building: ROBOTIC_PID_CONTROLLER_PROJECT.list
 
22:27:56 **** Incremental Build of configuration Debug for project ROBOTIC_PID_CONTROLLER_PROJECT ****
make -j8 all 
arm-none-eabi-gcc "../Core/Src/main.c" -mcpu=cortex-m4 -std=gnu11 -g3 -DDEBUG -DUSE_HAL_DRIVER -DSTM32F446xx -c -I../Core/Inc -I../Drivers/STM32F4xx_HAL_Driver/Inc -I../Drivers/STM32F4xx_HAL_Driver/Inc/Legacy -I../Drivers/CMSIS/Device/ST/STM32F4xx/Include -I../Drivers/CMSIS/Include -O0 -ffunction-sections -fdata-sections -Wall -fstack-usage -fcyclomatic-complexity -MMD -MP -MF"Core/Src/main.d" -MT"Core/Src/main.o" --specs=nano.specs -mfpu=fpv4-sp-d16 -mfloat-abi=hard -mthumb -o "Core/Src/main.o"
arm-none-eabi-gcc -o "ROBOTIC_PID_CONTROLLER_PROJECT.elf" @"objects.list"   -mcpu=cortex-m4 -T"C:\Users\onura\STM32CubeIDE\workspace_1.11.0\ROBOTIC_PID_CONTROLLER_PROJECT\STM32F446RETX_FLASH.ld" --specs=nosys.specs -Wl,-Map="ROBOTIC_PID_CONTROLLER_PROJECT.map" -Wl,--gc-sections -static --specs=nano.specs -mfpu=fpv4-sp-d16 -mfloat-abi=hard -mthumb -Wl,--start-group -lc -lm -Wl,--end-group
Finished building target: ROBOTIC_PID_CONTROLLER_PROJECT.elf
 
arm-none-eabi-size   ROBOTIC_PID_CONTROLLER_PROJECT.elf 
arm-none-eabi-objdump -h -S  ROBOTIC_PID_CONTROLLER_PROJECT.elf  > "ROBOTIC_PID_CONTROLLER_PROJECT.list"
   text	   data	    bss	    dec	    hex	filename
  10844	     36	   1668	  12548	   3104	ROBOTIC_PID_CONTROLLER_PROJECT.elf
Finished building: default.size.stdout
 
Finished building: ROBOTIC_PID_CONTROLLER_PROJECT.list
 
22:28:20 **** Incremental Build of configuration Debug for project ROBOTIC_PID_CONTROLLER_PROJECT ****
make -j8 all 
arm-none-eabi-gcc "../Core/Src/main.c" -mcpu=cortex-m4 -std=gnu11 -g3 -DDEBUG -DUSE_HAL_DRIVER -DSTM32F446xx -c -I../Core/Inc -I../Drivers/STM32F4xx_HAL_Driver/Inc -I../Drivers/STM32F4xx_HAL_Driver/Inc/Legacy -I../Drivers/CMSIS/Device/ST/STM32F4xx/Include -I../Drivers/CMSIS/Include -O0 -ffunction-sections -fdata-sections -Wall -fstack-usage -fcyclomatic-complexity -MMD -MP -MF"Core/Src/main.d" -MT"Core/Src/main.o" --specs=nano.specs -mfpu=fpv4-sp-d16 -mfloat-abi=hard -mthumb -o "Core/Src/main.o"
arm-none-eabi-gcc -o "ROBOTIC_PID_CONTROLLER_PROJECT.elf" @"objects.list"   -mcpu=cortex-m4 -T"C:\Users\onura\STM32CubeIDE\workspace_1.11.0\ROBOTIC_PID_CONTROLLER_PROJECT\STM32F446RETX_FLASH.ld" --specs=nosys.specs -Wl,-Map="ROBOTIC_PID_CONTROLLER_PROJECT.map" -Wl,--gc-sections -static --specs=nano.specs -mfpu=fpv4-sp-d16 -mfloat-abi=hard -mthumb -Wl,--start-group -lc -lm -Wl,--end-group
Finished building target: ROBOTIC_PID_CONTROLLER_PROJECT.elf
 
arm-none-eabi-size   ROBOTIC_PID_CONTROLLER_PROJECT.elf 
arm-none-eabi-objdump -h -S  ROBOTIC_PID_CONTROLLER_PROJECT.elf  > "ROBOTIC_PID_CONTROLLER_PROJECT.list"
   text	   data	    bss	    dec	    hex	filename
  10844	     40	   1664	  12548	   3104	ROBOTIC_PID_CONTROLLER_PROJECT.elf
Finished building: default.size.stdout
 
Finished building: ROBOTIC_PID_CONTROLLER_PROJECT.list
 
22:28:40 **** Incremental Build of configuration Debug for project ROBOTIC_PID_CONTROLLER_PROJECT ****
make -j8 all 
arm-none-eabi-gcc "../Core/Src/main.c" -mcpu=cortex-m4 -std=gnu11 -g3 -DDEBUG -DUSE_HAL_DRIVER -DSTM32F446xx -c -I../Core/Inc -I../Drivers/STM32F4xx_HAL_Driver/Inc -I../Drivers/STM32F4xx_HAL_Driver/Inc/Legacy -I../Drivers/CMSIS/Device/ST/STM32F4xx/Include -I../Drivers/CMSIS/Include -O0 -ffunction-sections -fdata-sections -Wall -fstack-usage -fcyclomatic-complexity -MMD -MP -MF"Core/Src/main.d" -MT"Core/Src/main.o" --specs=nano.specs -mfpu=fpv4-sp-d16 -mfloat-abi=hard -mthumb -o "Core/Src/main.o"
arm-none-eabi-gcc -o "ROBOTIC_PID_CONTROLLER_PROJECT.elf" @"objects.list"   -mcpu=cortex-m4 -T"C:\Users\onura\STM32CubeIDE\workspace_1.11.0\ROBOTIC_PID_CONTROLLER_PROJECT\STM32F446RETX_FLASH.ld" --specs=nosys.specs -Wl,-Map="ROBOTIC_PID_CONTROLLER_PROJECT.map" -Wl,--gc-sections -static --specs=nano.specs -mfpu=fpv4-sp-d16 -mfloat-abi=hard -mthumb -Wl,--start-group -lc -lm -Wl,--end-group
Finished building target: ROBOTIC_PID_CONTROLLER_PROJECT.elf
 
arm-none-eabi-size   ROBOTIC_PID_CONTROLLER_PROJECT.elf 
arm-none-eabi-objdump -h -S  ROBOTIC_PID_CONTROLLER_PROJECT.elf  > "ROBOTIC_PID_CONTROLLER_PROJECT.list"
   text	   data	    bss	    dec	    hex	filename
  10844	     40	   1664	  12548	   3104	ROBOTIC_PID_CONTROLLER_PROJECT.elf
Finished building: default.size.stdout
 
Finished building: ROBOTIC_PID_CONTROLLER_PROJECT.list
 
