12:30:12 **** Incremental Build of configuration Debug for project ROBOTIC_PID_CONTROLLER_PROJECT ****
make -j8 all 
arm-none-eabi-gcc "../Core/Src/main.c" -mcpu=cortex-m4 -std=gnu11 -g3 -DDEBUG -DUSE_HAL_DRIVER -DSTM32F446xx -c -I../Core/Inc -I../Drivers/STM32F4xx_HAL_Driver/Inc -I../Drivers/STM32F4xx_HAL_Driver/Inc/Legacy -I../Drivers/CMSIS/Device/ST/STM32F4xx/Include -I../Drivers/CMSIS/Include -O0 -ffunction-sections -fdata-sections -Wall -fstack-usage -fcyclomatic-complexity -MMD -MP -MF"Core/Src/main.d" -MT"Core/Src/main.o" --specs=nano.specs -mfpu=fpv4-sp-d16 -mfloat-abi=hard -mthumb -o "Core/Src/main.o"
arm-none-eabi-gcc -o "ROBOTIC_PID_CONTROLLER_PROJECT.elf" @"objects.list"   -mcpu=cortex-m4 -T"C:\Users\onura\STM32CubeIDE\workspace_1.11.0\ROBOTIC_PID_CONTROLLER_PROJECT\STM32F446RETX_FLASH.ld" --specs=nosys.specs -Wl,-Map="ROBOTIC_PID_CONTROLLER_PROJECT.map" -Wl,--gc-sections -static --specs=nano.specs -mfpu=fpv4-sp-d16 -mfloat-abi=hard -mthumb -Wl,--start-group -lc -lm -Wl,--end-group
Finished building target: ROBOTIC_PID_CONTROLLER_PROJECT.elf
 
arm-none-eabi-size   ROBOTIC_PID_CONTROLLER_PROJECT.elf 
arm-none-eabi-objdump -h -S  ROBOTIC_PID_CONTROLLER_PROJECT.elf  > "ROBOTIC_PID_CONTROLLER_PROJECT.list"
   text	   data	    bss	    dec	    hex	filename
  14680	     52	   1768	  16500	   4074	ROBOTIC_PID_CONTROLLER_PROJECT.elf
Finished building: default.size.stdout
 
Finished building: ROBOTIC_PID_CONTROLLER_PROJECT.list
 
12:30:48 **** Incremental Build of configuration Debug for project ROBOTIC_PID_CONTROLLER_PROJECT ****
make -j8 all 
arm-none-eabi-gcc "../Core/Src/main.c" -mcpu=cortex-m4 -std=gnu11 -g3 -DDEBUG -DUSE_HAL_DRIVER -DSTM32F446xx -c -I../Core/Inc -I../Drivers/STM32F4xx_HAL_Driver/Inc -I../Drivers/STM32F4xx_HAL_Driver/Inc/Legacy -I../Drivers/CMSIS/Device/ST/STM32F4xx/Include -I../Drivers/CMSIS/Include -O0 -ffunction-sections -fdata-sections -Wall -fstack-usage -fcyclomatic-complexity -MMD -MP -MF"Core/Src/main.d" -MT"Core/Src/main.o" --specs=nano.specs -mfpu=fpv4-sp-d16 -mfloat-abi=hard -mthumb -o "Core/Src/main.o"
arm-none-eabi-gcc -o "ROBOTIC_PID_CONTROLLER_PROJECT.elf" @"objects.list"   -mcpu=cortex-m4 -T"C:\Users\onura\STM32CubeIDE\workspace_1.11.0\ROBOTIC_PID_CONTROLLER_PROJECT\STM32F446RETX_FLASH.ld" --specs=nosys.specs -Wl,-Map="ROBOTIC_PID_CONTROLLER_PROJECT.map" -Wl,--gc-sections -static --specs=nano.specs -mfpu=fpv4-sp-d16 -mfloat-abi=hard -mthumb -Wl,--start-group -lc -lm -Wl,--end-group
Finished building target: ROBOTIC_PID_CONTROLLER_PROJECT.elf
 
arm-none-eabi-size   ROBOTIC_PID_CONTROLLER_PROJECT.elf 
arm-none-eabi-objdump -h -S  ROBOTIC_PID_CONTROLLER_PROJECT.elf  > "ROBOTIC_PID_CONTROLLER_PROJECT.list"
   text	   data	    bss	    dec	    hex	filename
  14680	     52	   1768	  16500	   4074	ROBOTIC_PID_CONTROLLER_PROJECT.elf
Finished building: default.size.stdout
 
Finished building: ROBOTIC_PID_CONTROLLER_PROJECT.list
 
12:31:43 **** Incremental Build of configuration Debug for project ROBOTIC_PID_CONTROLLER_PROJECT ****
make -j8 all 
arm-none-eabi-gcc "../Core/Src/main.c" -mcpu=cortex-m4 -std=gnu11 -g3 -DDEBUG -DUSE_HAL_DRIVER -DSTM32F446xx -c -I../Core/Inc -I../Drivers/STM32F4xx_HAL_Driver/Inc -I../Drivers/STM32F4xx_HAL_Driver/Inc/Legacy -I../Drivers/CMSIS/Device/ST/STM32F4xx/Include -I../Drivers/CMSIS/Include -O0 -ffunction-sections -fdata-sections -Wall -fstack-usage -fcyclomatic-complexity -MMD -MP -MF"Core/Src/main.d" -MT"Core/Src/main.o" --specs=nano.specs -mfpu=fpv4-sp-d16 -mfloat-abi=hard -mthumb -o "Core/Src/main.o"
arm-none-eabi-gcc -o "ROBOTIC_PID_CONTROLLER_PROJECT.elf" @"objects.list"   -mcpu=cortex-m4 -T"C:\Users\onura\STM32CubeIDE\workspace_1.11.0\ROBOTIC_PID_CONTROLLER_PROJECT\STM32F446RETX_FLASH.ld" --specs=nosys.specs -Wl,-Map="ROBOTIC_PID_CONTROLLER_PROJECT.map" -Wl,--gc-sections -static --specs=nano.specs -mfpu=fpv4-sp-d16 -mfloat-abi=hard -mthumb -Wl,--start-group -lc -lm -Wl,--end-group
Finished building target: ROBOTIC_PID_CONTROLLER_PROJECT.elf
 
arm-none-eabi-size   ROBOTIC_PID_CONTROLLER_PROJECT.elf 
arm-none-eabi-objdump -h -S  ROBOTIC_PID_CONTROLLER_PROJECT.elf  > "ROBOTIC_PID_CONTROLLER_PROJECT.list"
   text	   data	    bss	    dec	    hex	filename
  14680	     52	   1768	  16500	   4074	ROBOTIC_PID_CONTROLLER_PROJECT.elf
Finished building: default.size.stdout
 
Finished building: ROBOTIC_PID_CONTROLLER_PROJECT.list
 
12:33:17 **** Incremental Build of configuration Debug for project ROBOTIC_PID_CONTROLLER_PROJECT ****
make -j8 all 
arm-none-eabi-gcc "../Core/Src/main.c" -mcpu=cortex-m4 -std=gnu11 -g3 -DDEBUG -DUSE_HAL_DRIVER -DSTM32F446xx -c -I../Core/Inc -I../Drivers/STM32F4xx_HAL_Driver/Inc -I../Drivers/STM32F4xx_HAL_Driver/Inc/Legacy -I../Drivers/CMSIS/Device/ST/STM32F4xx/Include -I../Drivers/CMSIS/Include -O0 -ffunction-sections -fdata-sections -Wall -fstack-usage -fcyclomatic-complexity -MMD -MP -MF"Core/Src/main.d" -MT"Core/Src/main.o" --specs=nano.specs -mfpu=fpv4-sp-d16 -mfloat-abi=hard -mthumb -o "Core/Src/main.o"
arm-none-eabi-gcc -o "ROBOTIC_PID_CONTROLLER_PROJECT.elf" @"objects.list"   -mcpu=cortex-m4 -T"C:\Users\onura\STM32CubeIDE\workspace_1.11.0\ROBOTIC_PID_CONTROLLER_PROJECT\STM32F446RETX_FLASH.ld" --specs=nosys.specs -Wl,-Map="ROBOTIC_PID_CONTROLLER_PROJECT.map" -Wl,--gc-sections -static --specs=nano.specs -mfpu=fpv4-sp-d16 -mfloat-abi=hard -mthumb -Wl,--start-group -lc -lm -Wl,--end-group
Finished building target: ROBOTIC_PID_CONTROLLER_PROJECT.elf
 
arm-none-eabi-size   ROBOTIC_PID_CONTROLLER_PROJECT.elf 
arm-none-eabi-objdump -h -S  ROBOTIC_PID_CONTROLLER_PROJECT.elf  > "ROBOTIC_PID_CONTROLLER_PROJECT.list"
   text	   data	    bss	    dec	    hex	filename
  14680	     52	   1768	  16500	   4074	ROBOTIC_PID_CONTROLLER_PROJECT.elf
Finished building: default.size.stdout
 
Finished building: ROBOTIC_PID_CONTROLLER_PROJECT.list
 
12:34:48 **** Incremental Build of configuration Debug for project ROBOTIC_PID_CONTROLLER_PROJECT ****
make -j8 all 
arm-none-eabi-gcc "../Core/Src/main.c" -mcpu=cortex-m4 -std=gnu11 -g3 -DDEBUG -DUSE_HAL_DRIVER -DSTM32F446xx -c -I../Core/Inc -I../Drivers/STM32F4xx_HAL_Driver/Inc -I../Drivers/STM32F4xx_HAL_Driver/Inc/Legacy -I../Drivers/CMSIS/Device/ST/STM32F4xx/Include -I../Drivers/CMSIS/Include -O0 -ffunction-sections -fdata-sections -Wall -fstack-usage -fcyclomatic-complexity -MMD -MP -MF"Core/Src/main.d" -MT"Core/Src/main.o" --specs=nano.specs -mfpu=fpv4-sp-d16 -mfloat-abi=hard -mthumb -o "Core/Src/main.o"
arm-none-eabi-gcc -o "ROBOTIC_PID_CONTROLLER_PROJECT.elf" @"objects.list"   -mcpu=cortex-m4 -T"C:\Users\onura\STM32CubeIDE\workspace_1.11.0\ROBOTIC_PID_CONTROLLER_PROJECT\STM32F446RETX_FLASH.ld" --specs=nosys.specs -Wl,-Map="ROBOTIC_PID_CONTROLLER_PROJECT.map" -Wl,--gc-sections -static --specs=nano.specs -mfpu=fpv4-sp-d16 -mfloat-abi=hard -mthumb -Wl,--start-group -lc -lm -Wl,--end-group
Finished building target: ROBOTIC_PID_CONTROLLER_PROJECT.elf
 
arm-none-eabi-size   ROBOTIC_PID_CONTROLLER_PROJECT.elf 
arm-none-eabi-objdump -h -S  ROBOTIC_PID_CONTROLLER_PROJECT.elf  > "ROBOTIC_PID_CONTROLLER_PROJECT.list"
   text	   data	    bss	    dec	    hex	filename
  14680	     52	   1768	  16500	   4074	ROBOTIC_PID_CONTROLLER_PROJECT.elf
Finished building: default.size.stdout
 
Finished building: ROBOTIC_PID_CONTROLLER_PROJECT.list
 
12:35:04 **** Incremental Build of configuration Debug for project ROBOTIC_PID_CONTROLLER_PROJECT ****
make -j8 all 
arm-none-eabi-size   ROBOTIC_PID_CONTROLLER_PROJECT.elf 
   text	   data	    bss	    dec	    hex	filename
  14680	     52	   1768	  16500	   4074	ROBOTIC_PID_CONTROLLER_PROJECT.elf
Finished building: default.size.stdout
 
12:36:12 **** Incremental Build of configuration Debug for project ROBOTIC_PID_CONTROLLER_PROJECT ****
make -j8 all 
arm-none-eabi-gcc "../Core/Src/main.c" -mcpu=cortex-m4 -std=gnu11 -g3 -DDEBUG -DUSE_HAL_DRIVER -DSTM32F446xx -c -I../Core/Inc -I../Drivers/STM32F4xx_HAL_Driver/Inc -I../Drivers/STM32F4xx_HAL_Driver/Inc/Legacy -I../Drivers/CMSIS/Device/ST/STM32F4xx/Include -I../Drivers/CMSIS/Include -O0 -ffunction-sections -fdata-sections -Wall -fstack-usage -fcyclomatic-complexity -MMD -MP -MF"Core/Src/main.d" -MT"Core/Src/main.o" --specs=nano.specs -mfpu=fpv4-sp-d16 -mfloat-abi=hard -mthumb -o "Core/Src/main.o"
arm-none-eabi-gcc -o "ROBOTIC_PID_CONTROLLER_PROJECT.elf" @"objects.list"   -mcpu=cortex-m4 -T"C:\Users\onura\STM32CubeIDE\workspace_1.11.0\ROBOTIC_PID_CONTROLLER_PROJECT\STM32F446RETX_FLASH.ld" --specs=nosys.specs -Wl,-Map="ROBOTIC_PID_CONTROLLER_PROJECT.map" -Wl,--gc-sections -static --specs=nano.specs -mfpu=fpv4-sp-d16 -mfloat-abi=hard -mthumb -Wl,--start-group -lc -lm -Wl,--end-group
Finished building target: ROBOTIC_PID_CONTROLLER_PROJECT.elf
 
arm-none-eabi-size   ROBOTIC_PID_CONTROLLER_PROJECT.elf 
arm-none-eabi-objdump -h -S  ROBOTIC_PID_CONTROLLER_PROJECT.elf  > "ROBOTIC_PID_CONTROLLER_PROJECT.list"
   text	   data	    bss	    dec	    hex	filename
  14680	     52	   1768	  16500	   4074	ROBOTIC_PID_CONTROLLER_PROJECT.elf
Finished building: default.size.stdout
 
Finished building: ROBOTIC_PID_CONTROLLER_PROJECT.list
 
12:37:10 **** Incremental Build of configuration Debug for project ROBOTIC_PID_CONTROLLER_PROJECT ****
make -j8 all 
arm-none-eabi-gcc "../Core/Src/main.c" -mcpu=cortex-m4 -std=gnu11 -g3 -DDEBUG -DUSE_HAL_DRIVER -DSTM32F446xx -c -I../Core/Inc -I../Drivers/STM32F4xx_HAL_Driver/Inc -I../Drivers/STM32F4xx_HAL_Driver/Inc/Legacy -I../Drivers/CMSIS/Device/ST/STM32F4xx/Include -I../Drivers/CMSIS/Include -O0 -ffunction-sections -fdata-sections -Wall -fstack-usage -fcyclomatic-complexity -MMD -MP -MF"Core/Src/main.d" -MT"Core/Src/main.o" --specs=nano.specs -mfpu=fpv4-sp-d16 -mfloat-abi=hard -mthumb -o "Core/Src/main.o"
arm-none-eabi-gcc -o "ROBOTIC_PID_CONTROLLER_PROJECT.elf" @"objects.list"   -mcpu=cortex-m4 -T"C:\Users\onura\STM32CubeIDE\workspace_1.11.0\ROBOTIC_PID_CONTROLLER_PROJECT\STM32F446RETX_FLASH.ld" --specs=nosys.specs -Wl,-Map="ROBOTIC_PID_CONTROLLER_PROJECT.map" -Wl,--gc-sections -static --specs=nano.specs -mfpu=fpv4-sp-d16 -mfloat-abi=hard -mthumb -Wl,--start-group -lc -lm -Wl,--end-group
Finished building target: ROBOTIC_PID_CONTROLLER_PROJECT.elf
 
arm-none-eabi-size   ROBOTIC_PID_CONTROLLER_PROJECT.elf 
arm-none-eabi-objdump -h -S  ROBOTIC_PID_CONTROLLER_PROJECT.elf  > "ROBOTIC_PID_CONTROLLER_PROJECT.list"
   text	   data	    bss	    dec	    hex	filename
  14680	     52	   1768	  16500	   4074	ROBOTIC_PID_CONTROLLER_PROJECT.elf
Finished building: default.size.stdout
 
Finished building: ROBOTIC_PID_CONTROLLER_PROJECT.list
 
12:59:47 **** Incremental Build of configuration Debug for project ROBOTIC_PID_CONTROLLER_PROJECT ****
make -j8 all 
arm-none-eabi-gcc "../Core/Src/main.c" -mcpu=cortex-m4 -std=gnu11 -g3 -DDEBUG -DUSE_HAL_DRIVER -DSTM32F446xx -c -I../Core/Inc -I../Drivers/STM32F4xx_HAL_Driver/Inc -I../Drivers/STM32F4xx_HAL_Driver/Inc/Legacy -I../Drivers/CMSIS/Device/ST/STM32F4xx/Include -I../Drivers/CMSIS/Include -O0 -ffunction-sections -fdata-sections -Wall -fstack-usage -fcyclomatic-complexity -MMD -MP -MF"Core/Src/main.d" -MT"Core/Src/main.o" --specs=nano.specs -mfpu=fpv4-sp-d16 -mfloat-abi=hard -mthumb -o "Core/Src/main.o"
arm-none-eabi-gcc -o "ROBOTIC_PID_CONTROLLER_PROJECT.elf" @"objects.list"   -mcpu=cortex-m4 -T"C:\Users\onura\STM32CubeIDE\workspace_1.11.0\ROBOTIC_PID_CONTROLLER_PROJECT\STM32F446RETX_FLASH.ld" --specs=nosys.specs -Wl,-Map="ROBOTIC_PID_CONTROLLER_PROJECT.map" -Wl,--gc-sections -static --specs=nano.specs -mfpu=fpv4-sp-d16 -mfloat-abi=hard -mthumb -Wl,--start-group -lc -lm -Wl,--end-group
Finished building target: ROBOTIC_PID_CONTROLLER_PROJECT.elf
 
arm-none-eabi-size   ROBOTIC_PID_CONTROLLER_PROJECT.elf 
arm-none-eabi-objdump -h -S  ROBOTIC_PID_CONTROLLER_PROJECT.elf  > "ROBOTIC_PID_CONTROLLER_PROJECT.list"
   text	   data	    bss	    dec	    hex	filename
  14680	     52	   1768	  16500	   4074	ROBOTIC_PID_CONTROLLER_PROJECT.elf
Finished building: default.size.stdout
 
Finished building: ROBOTIC_PID_CONTROLLER_PROJECT.list
 
13:01:19 **** Incremental Build of configuration Debug for project ROBOTIC_PID_CONTROLLER_PROJECT ****
make -j8 all 
arm-none-eabi-gcc "../Core/Src/main.c" -mcpu=cortex-m4 -std=gnu11 -g3 -DDEBUG -DUSE_HAL_DRIVER -DSTM32F446xx -c -I../Core/Inc -I../Drivers/STM32F4xx_HAL_Driver/Inc -I../Drivers/STM32F4xx_HAL_Driver/Inc/Legacy -I../Drivers/CMSIS/Device/ST/STM32F4xx/Include -I../Drivers/CMSIS/Include -O0 -ffunction-sections -fdata-sections -Wall -fstack-usage -fcyclomatic-complexity -MMD -MP -MF"Core/Src/main.d" -MT"Core/Src/main.o" --specs=nano.specs -mfpu=fpv4-sp-d16 -mfloat-abi=hard -mthumb -o "Core/Src/main.o"
arm-none-eabi-gcc -o "ROBOTIC_PID_CONTROLLER_PROJECT.elf" @"objects.list"   -mcpu=cortex-m4 -T"C:\Users\onura\STM32CubeIDE\workspace_1.11.0\ROBOTIC_PID_CONTROLLER_PROJECT\STM32F446RETX_FLASH.ld" --specs=nosys.specs -Wl,-Map="ROBOTIC_PID_CONTROLLER_PROJECT.map" -Wl,--gc-sections -static --specs=nano.specs -mfpu=fpv4-sp-d16 -mfloat-abi=hard -mthumb -Wl,--start-group -lc -lm -Wl,--end-group
Finished building target: ROBOTIC_PID_CONTROLLER_PROJECT.elf
 
arm-none-eabi-size   ROBOTIC_PID_CONTROLLER_PROJECT.elf 
arm-none-eabi-objdump -h -S  ROBOTIC_PID_CONTROLLER_PROJECT.elf  > "ROBOTIC_PID_CONTROLLER_PROJECT.list"
   text	   data	    bss	    dec	    hex	filename
  14680	     52	   1768	  16500	   4074	ROBOTIC_PID_CONTROLLER_PROJECT.elf
Finished building: default.size.stdout
 
Finished building: ROBOTIC_PID_CONTROLLER_PROJECT.list
 
13:04:10 **** Incremental Build of configuration Debug for project ROBOTIC_PID_CONTROLLER_PROJECT ****
make -j8 all 
arm-none-eabi-gcc "../Core/Src/main.c" -mcpu=cortex-m4 -std=gnu11 -g3 -DDEBUG -DUSE_HAL_DRIVER -DSTM32F446xx -c -I../Core/Inc -I../Drivers/STM32F4xx_HAL_Driver/Inc -I../Drivers/STM32F4xx_HAL_Driver/Inc/Legacy -I../Drivers/CMSIS/Device/ST/STM32F4xx/Include -I../Drivers/CMSIS/Include -O0 -ffunction-sections -fdata-sections -Wall -fstack-usage -fcyclomatic-complexity -MMD -MP -MF"Core/Src/main.d" -MT"Core/Src/main.o" --specs=nano.specs -mfpu=fpv4-sp-d16 -mfloat-abi=hard -mthumb -o "Core/Src/main.o"
arm-none-eabi-gcc -o "ROBOTIC_PID_CONTROLLER_PROJECT.elf" @"objects.list"   -mcpu=cortex-m4 -T"C:\Users\onura\STM32CubeIDE\workspace_1.11.0\ROBOTIC_PID_CONTROLLER_PROJECT\STM32F446RETX_FLASH.ld" --specs=nosys.specs -Wl,-Map="ROBOTIC_PID_CONTROLLER_PROJECT.map" -Wl,--gc-sections -static --specs=nano.specs -mfpu=fpv4-sp-d16 -mfloat-abi=hard -mthumb -Wl,--start-group -lc -lm -Wl,--end-group
Finished building target: ROBOTIC_PID_CONTROLLER_PROJECT.elf
 
arm-none-eabi-size   ROBOTIC_PID_CONTROLLER_PROJECT.elf 
arm-none-eabi-objdump -h -S  ROBOTIC_PID_CONTROLLER_PROJECT.elf  > "ROBOTIC_PID_CONTROLLER_PROJECT.list"
   text	   data	    bss	    dec	    hex	filename
  14684	     52	   1768	  16504	   4078	ROBOTIC_PID_CONTROLLER_PROJECT.elf
Finished building: default.size.stdout
 
Finished building: ROBOTIC_PID_CONTROLLER_PROJECT.list
 
13:05:15 **** Incremental Build of configuration Debug for project ROBOTIC_PID_CONTROLLER_PROJECT ****
make -j8 all 
arm-none-eabi-gcc "../Core/Src/main.c" -mcpu=cortex-m4 -std=gnu11 -g3 -DDEBUG -DUSE_HAL_DRIVER -DSTM32F446xx -c -I../Core/Inc -I../Drivers/STM32F4xx_HAL_Driver/Inc -I../Drivers/STM32F4xx_HAL_Driver/Inc/Legacy -I../Drivers/CMSIS/Device/ST/STM32F4xx/Include -I../Drivers/CMSIS/Include -O0 -ffunction-sections -fdata-sections -Wall -fstack-usage -fcyclomatic-complexity -MMD -MP -MF"Core/Src/main.d" -MT"Core/Src/main.o" --specs=nano.specs -mfpu=fpv4-sp-d16 -mfloat-abi=hard -mthumb -o "Core/Src/main.o"
arm-none-eabi-gcc -o "ROBOTIC_PID_CONTROLLER_PROJECT.elf" @"objects.list"   -mcpu=cortex-m4 -T"C:\Users\onura\STM32CubeIDE\workspace_1.11.0\ROBOTIC_PID_CONTROLLER_PROJECT\STM32F446RETX_FLASH.ld" --specs=nosys.specs -Wl,-Map="ROBOTIC_PID_CONTROLLER_PROJECT.map" -Wl,--gc-sections -static --specs=nano.specs -mfpu=fpv4-sp-d16 -mfloat-abi=hard -mthumb -Wl,--start-group -lc -lm -Wl,--end-group
Finished building target: ROBOTIC_PID_CONTROLLER_PROJECT.elf
 
arm-none-eabi-size   ROBOTIC_PID_CONTROLLER_PROJECT.elf 
arm-none-eabi-objdump -h -S  ROBOTIC_PID_CONTROLLER_PROJECT.elf  > "ROBOTIC_PID_CONTROLLER_PROJECT.list"
   text	   data	    bss	    dec	    hex	filename
  14684	     52	   1768	  16504	   4078	ROBOTIC_PID_CONTROLLER_PROJECT.elf
Finished building: default.size.stdout
 
Finished building: ROBOTIC_PID_CONTROLLER_PROJECT.list
 
13:06:25 **** Incremental Build of configuration Debug for project ROBOTIC_PID_CONTROLLER_PROJECT ****
make -j8 all 
arm-none-eabi-gcc "../Core/Src/main.c" -mcpu=cortex-m4 -std=gnu11 -g3 -DDEBUG -DUSE_HAL_DRIVER -DSTM32F446xx -c -I../Core/Inc -I../Drivers/STM32F4xx_HAL_Driver/Inc -I../Drivers/STM32F4xx_HAL_Driver/Inc/Legacy -I../Drivers/CMSIS/Device/ST/STM32F4xx/Include -I../Drivers/CMSIS/Include -O0 -ffunction-sections -fdata-sections -Wall -fstack-usage -fcyclomatic-complexity -MMD -MP -MF"Core/Src/main.d" -MT"Core/Src/main.o" --specs=nano.specs -mfpu=fpv4-sp-d16 -mfloat-abi=hard -mthumb -o "Core/Src/main.o"
arm-none-eabi-gcc -o "ROBOTIC_PID_CONTROLLER_PROJECT.elf" @"objects.list"   -mcpu=cortex-m4 -T"C:\Users\onura\STM32CubeIDE\workspace_1.11.0\ROBOTIC_PID_CONTROLLER_PROJECT\STM32F446RETX_FLASH.ld" --specs=nosys.specs -Wl,-Map="ROBOTIC_PID_CONTROLLER_PROJECT.map" -Wl,--gc-sections -static --specs=nano.specs -mfpu=fpv4-sp-d16 -mfloat-abi=hard -mthumb -Wl,--start-group -lc -lm -Wl,--end-group
Finished building target: ROBOTIC_PID_CONTROLLER_PROJECT.elf
 
arm-none-eabi-size   ROBOTIC_PID_CONTROLLER_PROJECT.elf 
arm-none-eabi-objdump -h -S  ROBOTIC_PID_CONTROLLER_PROJECT.elf  > "ROBOTIC_PID_CONTROLLER_PROJECT.list"
   text	   data	    bss	    dec	    hex	filename
  14684	     52	   1768	  16504	   4078	ROBOTIC_PID_CONTROLLER_PROJECT.elf
Finished building: default.size.stdout
 
Finished building: ROBOTIC_PID_CONTROLLER_PROJECT.list
 
13:07:16 **** Incremental Build of configuration Debug for project ROBOTIC_PID_CONTROLLER_PROJECT ****
make -j8 all 
arm-none-eabi-gcc "../Core/Src/main.c" -mcpu=cortex-m4 -std=gnu11 -g3 -DDEBUG -DUSE_HAL_DRIVER -DSTM32F446xx -c -I../Core/Inc -I../Drivers/STM32F4xx_HAL_Driver/Inc -I../Drivers/STM32F4xx_HAL_Driver/Inc/Legacy -I../Drivers/CMSIS/Device/ST/STM32F4xx/Include -I../Drivers/CMSIS/Include -O0 -ffunction-sections -fdata-sections -Wall -fstack-usage -fcyclomatic-complexity -MMD -MP -MF"Core/Src/main.d" -MT"Core/Src/main.o" --specs=nano.specs -mfpu=fpv4-sp-d16 -mfloat-abi=hard -mthumb -o "Core/Src/main.o"
arm-none-eabi-gcc -o "ROBOTIC_PID_CONTROLLER_PROJECT.elf" @"objects.list"   -mcpu=cortex-m4 -T"C:\Users\onura\STM32CubeIDE\workspace_1.11.0\ROBOTIC_PID_CONTROLLER_PROJECT\STM32F446RETX_FLASH.ld" --specs=nosys.specs -Wl,-Map="ROBOTIC_PID_CONTROLLER_PROJECT.map" -Wl,--gc-sections -static --specs=nano.specs -mfpu=fpv4-sp-d16 -mfloat-abi=hard -mthumb -Wl,--start-group -lc -lm -Wl,--end-group
Finished building target: ROBOTIC_PID_CONTROLLER_PROJECT.elf
 
arm-none-eabi-size   ROBOTIC_PID_CONTROLLER_PROJECT.elf 
arm-none-eabi-objdump -h -S  ROBOTIC_PID_CONTROLLER_PROJECT.elf  > "ROBOTIC_PID_CONTROLLER_PROJECT.list"
   text	   data	    bss	    dec	    hex	filename
  14684	     52	   1768	  16504	   4078	ROBOTIC_PID_CONTROLLER_PROJECT.elf
Finished building: default.size.stdout
 
Finished building: ROBOTIC_PID_CONTROLLER_PROJECT.list
 
13:08:23 **** Incremental Build of configuration Debug for project ROBOTIC_PID_CONTROLLER_PROJECT ****
make -j8 all 
arm-none-eabi-gcc "../Core/Src/main.c" -mcpu=cortex-m4 -std=gnu11 -g3 -DDEBUG -DUSE_HAL_DRIVER -DSTM32F446xx -c -I../Core/Inc -I../Drivers/STM32F4xx_HAL_Driver/Inc -I../Drivers/STM32F4xx_HAL_Driver/Inc/Legacy -I../Drivers/CMSIS/Device/ST/STM32F4xx/Include -I../Drivers/CMSIS/Include -O0 -ffunction-sections -fdata-sections -Wall -fstack-usage -fcyclomatic-complexity -MMD -MP -MF"Core/Src/main.d" -MT"Core/Src/main.o" --specs=nano.specs -mfpu=fpv4-sp-d16 -mfloat-abi=hard -mthumb -o "Core/Src/main.o"
arm-none-eabi-gcc -o "ROBOTIC_PID_CONTROLLER_PROJECT.elf" @"objects.list"   -mcpu=cortex-m4 -T"C:\Users\onura\STM32CubeIDE\workspace_1.11.0\ROBOTIC_PID_CONTROLLER_PROJECT\STM32F446RETX_FLASH.ld" --specs=nosys.specs -Wl,-Map="ROBOTIC_PID_CONTROLLER_PROJECT.map" -Wl,--gc-sections -static --specs=nano.specs -mfpu=fpv4-sp-d16 -mfloat-abi=hard -mthumb -Wl,--start-group -lc -lm -Wl,--end-group
Finished building target: ROBOTIC_PID_CONTROLLER_PROJECT.elf
 
arm-none-eabi-size   ROBOTIC_PID_CONTROLLER_PROJECT.elf 
arm-none-eabi-objdump -h -S  ROBOTIC_PID_CONTROLLER_PROJECT.elf  > "ROBOTIC_PID_CONTROLLER_PROJECT.list"
   text	   data	    bss	    dec	    hex	filename
  14684	     52	   1768	  16504	   4078	ROBOTIC_PID_CONTROLLER_PROJECT.elf
Finished building: default.size.stdout
 
Finished building: ROBOTIC_PID_CONTROLLER_PROJECT.list
 
13:09:30 **** Incremental Build of configuration Debug for project ROBOTIC_PID_CONTROLLER_PROJECT ****
make -j8 all 
arm-none-eabi-gcc "../Core/Src/main.c" -mcpu=cortex-m4 -std=gnu11 -g3 -DDEBUG -DUSE_HAL_DRIVER -DSTM32F446xx -c -I../Core/Inc -I../Drivers/STM32F4xx_HAL_Driver/Inc -I../Drivers/STM32F4xx_HAL_Driver/Inc/Legacy -I../Drivers/CMSIS/Device/ST/STM32F4xx/Include -I../Drivers/CMSIS/Include -O0 -ffunction-sections -fdata-sections -Wall -fstack-usage -fcyclomatic-complexity -MMD -MP -MF"Core/Src/main.d" -MT"Core/Src/main.o" --specs=nano.specs -mfpu=fpv4-sp-d16 -mfloat-abi=hard -mthumb -o "Core/Src/main.o"
arm-none-eabi-gcc -o "ROBOTIC_PID_CONTROLLER_PROJECT.elf" @"objects.list"   -mcpu=cortex-m4 -T"C:\Users\onura\STM32CubeIDE\workspace_1.11.0\ROBOTIC_PID_CONTROLLER_PROJECT\STM32F446RETX_FLASH.ld" --specs=nosys.specs -Wl,-Map="ROBOTIC_PID_CONTROLLER_PROJECT.map" -Wl,--gc-sections -static --specs=nano.specs -mfpu=fpv4-sp-d16 -mfloat-abi=hard -mthumb -Wl,--start-group -lc -lm -Wl,--end-group
Finished building target: ROBOTIC_PID_CONTROLLER_PROJECT.elf
 
arm-none-eabi-size   ROBOTIC_PID_CONTROLLER_PROJECT.elf 
arm-none-eabi-objdump -h -S  ROBOTIC_PID_CONTROLLER_PROJECT.elf  > "ROBOTIC_PID_CONTROLLER_PROJECT.list"
   text	   data	    bss	    dec	    hex	filename
  14684	     52	   1768	  16504	   4078	ROBOTIC_PID_CONTROLLER_PROJECT.elf
Finished building: default.size.stdout
 
Finished building: ROBOTIC_PID_CONTROLLER_PROJECT.list
 
13:11:01 **** Incremental Build of configuration Debug for project ROBOTIC_PID_CONTROLLER_PROJECT ****
make -j8 all 
arm-none-eabi-gcc "../Core/Src/main.c" -mcpu=cortex-m4 -std=gnu11 -g3 -DDEBUG -DUSE_HAL_DRIVER -DSTM32F446xx -c -I../Core/Inc -I../Drivers/STM32F4xx_HAL_Driver/Inc -I../Drivers/STM32F4xx_HAL_Driver/Inc/Legacy -I../Drivers/CMSIS/Device/ST/STM32F4xx/Include -I../Drivers/CMSIS/Include -O0 -ffunction-sections -fdata-sections -Wall -fstack-usage -fcyclomatic-complexity -MMD -MP -MF"Core/Src/main.d" -MT"Core/Src/main.o" --specs=nano.specs -mfpu=fpv4-sp-d16 -mfloat-abi=hard -mthumb -o "Core/Src/main.o"
arm-none-eabi-gcc -o "ROBOTIC_PID_CONTROLLER_PROJECT.elf" @"objects.list"   -mcpu=cortex-m4 -T"C:\Users\onura\STM32CubeIDE\workspace_1.11.0\ROBOTIC_PID_CONTROLLER_PROJECT\STM32F446RETX_FLASH.ld" --specs=nosys.specs -Wl,-Map="ROBOTIC_PID_CONTROLLER_PROJECT.map" -Wl,--gc-sections -static --specs=nano.specs -mfpu=fpv4-sp-d16 -mfloat-abi=hard -mthumb -Wl,--start-group -lc -lm -Wl,--end-group
Finished building target: ROBOTIC_PID_CONTROLLER_PROJECT.elf
 
arm-none-eabi-size   ROBOTIC_PID_CONTROLLER_PROJECT.elf 
arm-none-eabi-objdump -h -S  ROBOTIC_PID_CONTROLLER_PROJECT.elf  > "ROBOTIC_PID_CONTROLLER_PROJECT.list"
   text	   data	    bss	    dec	    hex	filename
  14684	     52	   1768	  16504	   4078	ROBOTIC_PID_CONTROLLER_PROJECT.elf
Finished building: default.size.stdout
 
Finished building: ROBOTIC_PID_CONTROLLER_PROJECT.list
 
13:12:51 **** Incremental Build of configuration Debug for project ROBOTIC_PID_CONTROLLER_PROJECT ****
make -j8 all 
arm-none-eabi-gcc "../Core/Src/main.c" -mcpu=cortex-m4 -std=gnu11 -g3 -DDEBUG -DUSE_HAL_DRIVER -DSTM32F446xx -c -I../Core/Inc -I../Drivers/STM32F4xx_HAL_Driver/Inc -I../Drivers/STM32F4xx_HAL_Driver/Inc/Legacy -I../Drivers/CMSIS/Device/ST/STM32F4xx/Include -I../Drivers/CMSIS/Include -O0 -ffunction-sections -fdata-sections -Wall -fstack-usage -fcyclomatic-complexity -MMD -MP -MF"Core/Src/main.d" -MT"Core/Src/main.o" --specs=nano.specs -mfpu=fpv4-sp-d16 -mfloat-abi=hard -mthumb -o "Core/Src/main.o"
arm-none-eabi-gcc -o "ROBOTIC_PID_CONTROLLER_PROJECT.elf" @"objects.list"   -mcpu=cortex-m4 -T"C:\Users\onura\STM32CubeIDE\workspace_1.11.0\ROBOTIC_PID_CONTROLLER_PROJECT\STM32F446RETX_FLASH.ld" --specs=nosys.specs -Wl,-Map="ROBOTIC_PID_CONTROLLER_PROJECT.map" -Wl,--gc-sections -static --specs=nano.specs -mfpu=fpv4-sp-d16 -mfloat-abi=hard -mthumb -Wl,--start-group -lc -lm -Wl,--end-group
Finished building target: ROBOTIC_PID_CONTROLLER_PROJECT.elf
 
arm-none-eabi-size   ROBOTIC_PID_CONTROLLER_PROJECT.elf 
arm-none-eabi-objdump -h -S  ROBOTIC_PID_CONTROLLER_PROJECT.elf  > "ROBOTIC_PID_CONTROLLER_PROJECT.list"
   text	   data	    bss	    dec	    hex	filename
  14684	     52	   1768	  16504	   4078	ROBOTIC_PID_CONTROLLER_PROJECT.elf
Finished building: default.size.stdout
 
Finished building: ROBOTIC_PID_CONTROLLER_PROJECT.list
 
13:13:44 **** Incremental Build of configuration Debug for project ROBOTIC_PID_CONTROLLER_PROJECT ****
make -j8 all 
arm-none-eabi-gcc "../Core/Src/main.c" -mcpu=cortex-m4 -std=gnu11 -g3 -DDEBUG -DUSE_HAL_DRIVER -DSTM32F446xx -c -I../Core/Inc -I../Drivers/STM32F4xx_HAL_Driver/Inc -I../Drivers/STM32F4xx_HAL_Driver/Inc/Legacy -I../Drivers/CMSIS/Device/ST/STM32F4xx/Include -I../Drivers/CMSIS/Include -O0 -ffunction-sections -fdata-sections -Wall -fstack-usage -fcyclomatic-complexity -MMD -MP -MF"Core/Src/main.d" -MT"Core/Src/main.o" --specs=nano.specs -mfpu=fpv4-sp-d16 -mfloat-abi=hard -mthumb -o "Core/Src/main.o"
arm-none-eabi-gcc -o "ROBOTIC_PID_CONTROLLER_PROJECT.elf" @"objects.list"   -mcpu=cortex-m4 -T"C:\Users\onura\STM32CubeIDE\workspace_1.11.0\ROBOTIC_PID_CONTROLLER_PROJECT\STM32F446RETX_FLASH.ld" --specs=nosys.specs -Wl,-Map="ROBOTIC_PID_CONTROLLER_PROJECT.map" -Wl,--gc-sections -static --specs=nano.specs -mfpu=fpv4-sp-d16 -mfloat-abi=hard -mthumb -Wl,--start-group -lc -lm -Wl,--end-group
Finished building target: ROBOTIC_PID_CONTROLLER_PROJECT.elf
 
arm-none-eabi-size   ROBOTIC_PID_CONTROLLER_PROJECT.elf 
arm-none-eabi-objdump -h -S  ROBOTIC_PID_CONTROLLER_PROJECT.elf  > "ROBOTIC_PID_CONTROLLER_PROJECT.list"
   text	   data	    bss	    dec	    hex	filename
  14684	     52	   1768	  16504	   4078	ROBOTIC_PID_CONTROLLER_PROJECT.elf
Finished building: default.size.stdout
 
Finished building: ROBOTIC_PID_CONTROLLER_PROJECT.list
 
13:14:37 **** Incremental Build of configuration Debug for project ROBOTIC_PID_CONTROLLER_PROJECT ****
make -j8 all 
arm-none-eabi-size   ROBOTIC_PID_CONTROLLER_PROJECT.elf 
   text	   data	    bss	    dec	    hex	filename
  14684	     52	   1768	  16504	   4078	ROBOTIC_PID_CONTROLLER_PROJECT.elf
Finished building: default.size.stdout
 
13:15:40 **** Incremental Build of configuration Debug for project ROBOTIC_PID_CONTROLLER_PROJECT ****
make -j8 all 
arm-none-eabi-gcc "../Core/Src/main.c" -mcpu=cortex-m4 -std=gnu11 -g3 -DDEBUG -DUSE_HAL_DRIVER -DSTM32F446xx -c -I../Core/Inc -I../Drivers/STM32F4xx_HAL_Driver/Inc -I../Drivers/STM32F4xx_HAL_Driver/Inc/Legacy -I../Drivers/CMSIS/Device/ST/STM32F4xx/Include -I../Drivers/CMSIS/Include -O0 -ffunction-sections -fdata-sections -Wall -fstack-usage -fcyclomatic-complexity -MMD -MP -MF"Core/Src/main.d" -MT"Core/Src/main.o" --specs=nano.specs -mfpu=fpv4-sp-d16 -mfloat-abi=hard -mthumb -o "Core/Src/main.o"
arm-none-eabi-gcc -o "ROBOTIC_PID_CONTROLLER_PROJECT.elf" @"objects.list"   -mcpu=cortex-m4 -T"C:\Users\onura\STM32CubeIDE\workspace_1.11.0\ROBOTIC_PID_CONTROLLER_PROJECT\STM32F446RETX_FLASH.ld" --specs=nosys.specs -Wl,-Map="ROBOTIC_PID_CONTROLLER_PROJECT.map" -Wl,--gc-sections -static --specs=nano.specs -mfpu=fpv4-sp-d16 -mfloat-abi=hard -mthumb -Wl,--start-group -lc -lm -Wl,--end-group
Finished building target: ROBOTIC_PID_CONTROLLER_PROJECT.elf
 
arm-none-eabi-size   ROBOTIC_PID_CONTROLLER_PROJECT.elf 
arm-none-eabi-objdump -h -S  ROBOTIC_PID_CONTROLLER_PROJECT.elf  > "ROBOTIC_PID_CONTROLLER_PROJECT.list"
   text	   data	    bss	    dec	    hex	filename
  14684	     52	   1768	  16504	   4078	ROBOTIC_PID_CONTROLLER_PROJECT.elf
Finished building: default.size.stdout
 
Finished building: ROBOTIC_PID_CONTROLLER_PROJECT.list
 
13:17:40 **** Incremental Build of configuration Debug for project ROBOTIC_PID_CONTROLLER_PROJECT ****
make -j8 all 
arm-none-eabi-gcc "../Core/Src/main.c" -mcpu=cortex-m4 -std=gnu11 -g3 -DDEBUG -DUSE_HAL_DRIVER -DSTM32F446xx -c -I../Core/Inc -I../Drivers/STM32F4xx_HAL_Driver/Inc -I../Drivers/STM32F4xx_HAL_Driver/Inc/Legacy -I../Drivers/CMSIS/Device/ST/STM32F4xx/Include -I../Drivers/CMSIS/Include -O0 -ffunction-sections -fdata-sections -Wall -fstack-usage -fcyclomatic-complexity -MMD -MP -MF"Core/Src/main.d" -MT"Core/Src/main.o" --specs=nano.specs -mfpu=fpv4-sp-d16 -mfloat-abi=hard -mthumb -o "Core/Src/main.o"
arm-none-eabi-gcc -o "ROBOTIC_PID_CONTROLLER_PROJECT.elf" @"objects.list"   -mcpu=cortex-m4 -T"C:\Users\onura\STM32CubeIDE\workspace_1.11.0\ROBOTIC_PID_CONTROLLER_PROJECT\STM32F446RETX_FLASH.ld" --specs=nosys.specs -Wl,-Map="ROBOTIC_PID_CONTROLLER_PROJECT.map" -Wl,--gc-sections -static --specs=nano.specs -mfpu=fpv4-sp-d16 -mfloat-abi=hard -mthumb -Wl,--start-group -lc -lm -Wl,--end-group
Finished building target: ROBOTIC_PID_CONTROLLER_PROJECT.elf
 
arm-none-eabi-size   ROBOTIC_PID_CONTROLLER_PROJECT.elf 
arm-none-eabi-objdump -h -S  ROBOTIC_PID_CONTROLLER_PROJECT.elf  > "ROBOTIC_PID_CONTROLLER_PROJECT.list"
   text	   data	    bss	    dec	    hex	filename
  14684	     52	   1768	  16504	   4078	ROBOTIC_PID_CONTROLLER_PROJECT.elf
Finished building: default.size.stdout
 
Finished building: ROBOTIC_PID_CONTROLLER_PROJECT.list
 
13:19:36 **** Incremental Build of configuration Debug for project ROBOTIC_PID_CONTROLLER_PROJECT ****
make -j8 all 
arm-none-eabi-gcc "../Core/Src/main.c" -mcpu=cortex-m4 -std=gnu11 -g3 -DDEBUG -DUSE_HAL_DRIVER -DSTM32F446xx -c -I../Core/Inc -I../Drivers/STM32F4xx_HAL_Driver/Inc -I../Drivers/STM32F4xx_HAL_Driver/Inc/Legacy -I../Drivers/CMSIS/Device/ST/STM32F4xx/Include -I../Drivers/CMSIS/Include -O0 -ffunction-sections -fdata-sections -Wall -fstack-usage -fcyclomatic-complexity -MMD -MP -MF"Core/Src/main.d" -MT"Core/Src/main.o" --specs=nano.specs -mfpu=fpv4-sp-d16 -mfloat-abi=hard -mthumb -o "Core/Src/main.o"
arm-none-eabi-gcc -o "ROBOTIC_PID_CONTROLLER_PROJECT.elf" @"objects.list"   -mcpu=cortex-m4 -T"C:\Users\onura\STM32CubeIDE\workspace_1.11.0\ROBOTIC_PID_CONTROLLER_PROJECT\STM32F446RETX_FLASH.ld" --specs=nosys.specs -Wl,-Map="ROBOTIC_PID_CONTROLLER_PROJECT.map" -Wl,--gc-sections -static --specs=nano.specs -mfpu=fpv4-sp-d16 -mfloat-abi=hard -mthumb -Wl,--start-group -lc -lm -Wl,--end-group
Finished building target: ROBOTIC_PID_CONTROLLER_PROJECT.elf
 
arm-none-eabi-size   ROBOTIC_PID_CONTROLLER_PROJECT.elf 
arm-none-eabi-objdump -h -S  ROBOTIC_PID_CONTROLLER_PROJECT.elf  > "ROBOTIC_PID_CONTROLLER_PROJECT.list"
   text	   data	    bss	    dec	    hex	filename
  14684	     52	   1768	  16504	   4078	ROBOTIC_PID_CONTROLLER_PROJECT.elf
Finished building: default.size.stdout
 
Finished building: ROBOTIC_PID_CONTROLLER_PROJECT.list
 
13:31:52 **** Incremental Build of configuration Debug for project ROBOTIC_PID_CONTROLLER_PROJECT ****
make -j8 all 
arm-none-eabi-gcc "../Core/Src/main.c" -mcpu=cortex-m4 -std=gnu11 -g3 -DDEBUG -DUSE_HAL_DRIVER -DSTM32F446xx -c -I../Core/Inc -I../Drivers/STM32F4xx_HAL_Driver/Inc -I../Drivers/STM32F4xx_HAL_Driver/Inc/Legacy -I../Drivers/CMSIS/Device/ST/STM32F4xx/Include -I../Drivers/CMSIS/Include -O0 -ffunction-sections -fdata-sections -Wall -fstack-usage -fcyclomatic-complexity -MMD -MP -MF"Core/Src/main.d" -MT"Core/Src/main.o" --specs=nano.specs -mfpu=fpv4-sp-d16 -mfloat-abi=hard -mthumb -o "Core/Src/main.o"
arm-none-eabi-gcc -o "ROBOTIC_PID_CONTROLLER_PROJECT.elf" @"objects.list"   -mcpu=cortex-m4 -T"C:\Users\onura\STM32CubeIDE\workspace_1.11.0\ROBOTIC_PID_CONTROLLER_PROJECT\STM32F446RETX_FLASH.ld" --specs=nosys.specs -Wl,-Map="ROBOTIC_PID_CONTROLLER_PROJECT.map" -Wl,--gc-sections -static --specs=nano.specs -mfpu=fpv4-sp-d16 -mfloat-abi=hard -mthumb -Wl,--start-group -lc -lm -Wl,--end-group
Finished building target: ROBOTIC_PID_CONTROLLER_PROJECT.elf
 
arm-none-eabi-size   ROBOTIC_PID_CONTROLLER_PROJECT.elf 
arm-none-eabi-objdump -h -S  ROBOTIC_PID_CONTROLLER_PROJECT.elf  > "ROBOTIC_PID_CONTROLLER_PROJECT.list"
   text	   data	    bss	    dec	    hex	filename
  14672	     52	   1768	  16492	   406c	ROBOTIC_PID_CONTROLLER_PROJECT.elf
Finished building: default.size.stdout
 
Finished building: ROBOTIC_PID_CONTROLLER_PROJECT.list
 
