21:09:19 **** Incremental Build of configuration Debug for project 009_2_FLASH_MEMORY_APP_2 ****
make -j8 all 
arm-none-eabi-gcc "../Core/Src/main.c" -mcpu=cortex-m4 -std=gnu11 -g3 -DDEBUG -DUSE_HAL_DRIVER -DSTM32F407xx -c -I../Core/Inc -I../Drivers/STM32F4xx_HAL_Driver/Inc -I../Drivers/STM32F4xx_HAL_Driver/Inc/Legacy -I../Drivers/CMSIS/Device/ST/STM32F4xx/Include -I../Drivers/CMSIS/Include -O0 -ffunction-sections -fdata-sections -Wall -fstack-usage -fcyclomatic-complexity -MMD -MP -MF"Core/Src/main.d" -MT"Core/Src/main.o" --specs=nano.specs -mfpu=fpv4-sp-d16 -mfloat-abi=hard -mthumb -o "Core/Src/main.o"
arm-none-eabi-gcc -o "009_2_FLASH_MEMORY_APP_2.elf" @"objects.list"   -mcpu=cortex-m4 -T"C:\Users\onura\STM32CubeIDE\workspace_1.11.0\009_2_FLASH_MEMORY_APP_2\STM32F407VGTX_FLASH.ld" --specs=nosys.specs -Wl,-Map="009_2_FLASH_MEMORY_APP_2.map" -Wl,--gc-sections -static --specs=nano.specs -mfpu=fpv4-sp-d16 -mfloat-abi=hard -mthumb -Wl,--start-group -lc -lm -Wl,--end-group
Finished building target: 009_2_FLASH_MEMORY_APP_2.elf
 
arm-none-eabi-size   009_2_FLASH_MEMORY_APP_2.elf 
arm-none-eabi-objdump -h -S  009_2_FLASH_MEMORY_APP_2.elf  > "009_2_FLASH_MEMORY_APP_2.list"
   text	   data	    bss	    dec	    hex	filename
   4880	     23	   1572	   6475	   194b	009_2_FLASH_MEMORY_APP_2.elf
Finished building: default.size.stdout
 
Finished building: 009_2_FLASH_MEMORY_APP_2.list
 
21:09:22 **** Incremental Build of configuration Debug for project 009_2_FLASH_MEMORY_APP_2 ****
make -j8 all 
arm-none-eabi-size   009_2_FLASH_MEMORY_APP_2.elf 
   text	   data	    bss	    dec	    hex	filename
   4880	     23	   1572	   6475	   194b	009_2_FLASH_MEMORY_APP_2.elf
Finished building: default.size.stdout
 
21:12:54 **** Incremental Build of configuration Debug for project 009_2_FLASH_MEMORY_APP_2 ****
make -j8 all 
arm-none-eabi-gcc "../Core/Src/main.c" -mcpu=cortex-m4 -std=gnu11 -g3 -DDEBUG -DUSE_HAL_DRIVER -DSTM32F407xx -c -I../Core/Inc -I../Drivers/STM32F4xx_HAL_Driver/Inc -I../Drivers/STM32F4xx_HAL_Driver/Inc/Legacy -I../Drivers/CMSIS/Device/ST/STM32F4xx/Include -I../Drivers/CMSIS/Include -O0 -ffunction-sections -fdata-sections -Wall -fstack-usage -fcyclomatic-complexity -MMD -MP -MF"Core/Src/main.d" -MT"Core/Src/main.o" --specs=nano.specs -mfpu=fpv4-sp-d16 -mfloat-abi=hard -mthumb -o "Core/Src/main.o"
arm-none-eabi-gcc -o "009_2_FLASH_MEMORY_APP_2.elf" @"objects.list"   -mcpu=cortex-m4 -T"C:\Users\onura\STM32CubeIDE\workspace_1.11.0\009_2_FLASH_MEMORY_APP_2\STM32F407VGTX_FLASH.ld" --specs=nosys.specs -Wl,-Map="009_2_FLASH_MEMORY_APP_2.map" -Wl,--gc-sections -static --specs=nano.specs -mfpu=fpv4-sp-d16 -mfloat-abi=hard -mthumb -Wl,--start-group -lc -lm -Wl,--end-group
Finished building target: 009_2_FLASH_MEMORY_APP_2.elf
 
arm-none-eabi-size   009_2_FLASH_MEMORY_APP_2.elf 
arm-none-eabi-objdump -h -S  009_2_FLASH_MEMORY_APP_2.elf  > "009_2_FLASH_MEMORY_APP_2.list"
   text	   data	    bss	    dec	    hex	filename
   4880	     32	   1572	   6484	   1954	009_2_FLASH_MEMORY_APP_2.elf
Finished building: default.size.stdout
 
Finished building: 009_2_FLASH_MEMORY_APP_2.list
 
