21:23:03 **** Incremental Build of configuration Debug for project ROBOTIC_PID_CONTROLLER_PROJECT ****
make -j8 all 
arm-none-eabi-gcc "../Core/Src/main.c" -mcpu=cortex-m4 -std=gnu11 -g3 -DDEBUG -DUSE_HAL_DRIVER -DSTM32F446xx -c -I../Core/Inc -I../Drivers/STM32F4xx_HAL_Driver/Inc -I../Drivers/STM32F4xx_HAL_Driver/Inc/Legacy -I../Drivers/CMSIS/Device/ST/STM32F4xx/Include -I../Drivers/CMSIS/Include -O0 -ffunction-sections -fdata-sections -Wall -fstack-usage -fcyclomatic-complexity -MMD -MP -MF"Core/Src/main.d" -MT"Core/Src/main.o" --specs=nano.specs -mfpu=fpv4-sp-d16 -mfloat-abi=hard -mthumb -o "Core/Src/main.o"
arm-none-eabi-gcc -o "ROBOTIC_PID_CONTROLLER_PROJECT.elf" @"objects.list"   -mcpu=cortex-m4 -T"C:\Users\onura\STM32CubeIDE\workspace_1.11.0\ROBOTIC_PID_CONTROLLER_PROJECT\STM32F446RETX_FLASH.ld" --specs=nosys.specs -Wl,-Map="ROBOTIC_PID_CONTROLLER_PROJECT.map" -Wl,--gc-sections -static --specs=nano.specs -mfpu=fpv4-sp-d16 -mfloat-abi=hard -mthumb -Wl,--start-group -lc -lm -Wl,--end-group
Finished building target: ROBOTIC_PID_CONTROLLER_PROJECT.elf
 
arm-none-eabi-size   ROBOTIC_PID_CONTROLLER_PROJECT.elf 
arm-none-eabi-objdump -h -S  ROBOTIC_PID_CONTROLLER_PROJECT.elf  > "ROBOTIC_PID_CONTROLLER_PROJECT.list"
   text	   data	    bss	    dec	    hex	filename
  14140	     32	   1744	  15916	   3e2c	ROBOTIC_PID_CONTROLLER_PROJECT.elf
Finished building: default.size.stdout
 
Finished building: ROBOTIC_PID_CONTROLLER_PROJECT.list
 
21:23:23 **** Incremental Build of configuration Debug for project ROBOTIC_PID_CONTROLLER_PROJECT ****
make -j8 all 
arm-none-eabi-gcc "../Core/Src/main.c" -mcpu=cortex-m4 -std=gnu11 -g3 -DDEBUG -DUSE_HAL_DRIVER -DSTM32F446xx -c -I../Core/Inc -I../Drivers/STM32F4xx_HAL_Driver/Inc -I../Drivers/STM32F4xx_HAL_Driver/Inc/Legacy -I../Drivers/CMSIS/Device/ST/STM32F4xx/Include -I../Drivers/CMSIS/Include -O0 -ffunction-sections -fdata-sections -Wall -fstack-usage -fcyclomatic-complexity -MMD -MP -MF"Core/Src/main.d" -MT"Core/Src/main.o" --specs=nano.specs -mfpu=fpv4-sp-d16 -mfloat-abi=hard -mthumb -o "Core/Src/main.o"
arm-none-eabi-gcc -o "ROBOTIC_PID_CONTROLLER_PROJECT.elf" @"objects.list"   -mcpu=cortex-m4 -T"C:\Users\onura\STM32CubeIDE\workspace_1.11.0\ROBOTIC_PID_CONTROLLER_PROJECT\STM32F446RETX_FLASH.ld" --specs=nosys.specs -Wl,-Map="ROBOTIC_PID_CONTROLLER_PROJECT.map" -Wl,--gc-sections -static --specs=nano.specs -mfpu=fpv4-sp-d16 -mfloat-abi=hard -mthumb -Wl,--start-group -lc -lm -Wl,--end-group
Finished building target: ROBOTIC_PID_CONTROLLER_PROJECT.elf
 
arm-none-eabi-size   ROBOTIC_PID_CONTROLLER_PROJECT.elf 
arm-none-eabi-objdump -h -S  ROBOTIC_PID_CONTROLLER_PROJECT.elf  > "ROBOTIC_PID_CONTROLLER_PROJECT.list"
   text	   data	    bss	    dec	    hex	filename
  14140	     32	   1744	  15916	   3e2c	ROBOTIC_PID_CONTROLLER_PROJECT.elf
Finished building: default.size.stdout
 
Finished building: ROBOTIC_PID_CONTROLLER_PROJECT.list
 
21:23:58 **** Incremental Build of configuration Debug for project ROBOTIC_PID_CONTROLLER_PROJECT ****
make -j8 all 
arm-none-eabi-gcc "../Core/Src/main.c" -mcpu=cortex-m4 -std=gnu11 -g3 -DDEBUG -DUSE_HAL_DRIVER -DSTM32F446xx -c -I../Core/Inc -I../Drivers/STM32F4xx_HAL_Driver/Inc -I../Drivers/STM32F4xx_HAL_Driver/Inc/Legacy -I../Drivers/CMSIS/Device/ST/STM32F4xx/Include -I../Drivers/CMSIS/Include -O0 -ffunction-sections -fdata-sections -Wall -fstack-usage -fcyclomatic-complexity -MMD -MP -MF"Core/Src/main.d" -MT"Core/Src/main.o" --specs=nano.specs -mfpu=fpv4-sp-d16 -mfloat-abi=hard -mthumb -o "Core/Src/main.o"
arm-none-eabi-gcc -o "ROBOTIC_PID_CONTROLLER_PROJECT.elf" @"objects.list"   -mcpu=cortex-m4 -T"C:\Users\onura\STM32CubeIDE\workspace_1.11.0\ROBOTIC_PID_CONTROLLER_PROJECT\STM32F446RETX_FLASH.ld" --specs=nosys.specs -Wl,-Map="ROBOTIC_PID_CONTROLLER_PROJECT.map" -Wl,--gc-sections -static --specs=nano.specs -mfpu=fpv4-sp-d16 -mfloat-abi=hard -mthumb -Wl,--start-group -lc -lm -Wl,--end-group
Finished building target: ROBOTIC_PID_CONTROLLER_PROJECT.elf
 
arm-none-eabi-size   ROBOTIC_PID_CONTROLLER_PROJECT.elf 
arm-none-eabi-objdump -h -S  ROBOTIC_PID_CONTROLLER_PROJECT.elf  > "ROBOTIC_PID_CONTROLLER_PROJECT.list"
   text	   data	    bss	    dec	    hex	filename
  14140	     32	   1744	  15916	   3e2c	ROBOTIC_PID_CONTROLLER_PROJECT.elf
Finished building: default.size.stdout
 
Finished building: ROBOTIC_PID_CONTROLLER_PROJECT.list
 
21:24:44 **** Incremental Build of configuration Debug for project ROBOTIC_PID_CONTROLLER_PROJECT ****
make -j8 all 
arm-none-eabi-gcc "../Core/Src/main.c" -mcpu=cortex-m4 -std=gnu11 -g3 -DDEBUG -DUSE_HAL_DRIVER -DSTM32F446xx -c -I../Core/Inc -I../Drivers/STM32F4xx_HAL_Driver/Inc -I../Drivers/STM32F4xx_HAL_Driver/Inc/Legacy -I../Drivers/CMSIS/Device/ST/STM32F4xx/Include -I../Drivers/CMSIS/Include -O0 -ffunction-sections -fdata-sections -Wall -fstack-usage -fcyclomatic-complexity -MMD -MP -MF"Core/Src/main.d" -MT"Core/Src/main.o" --specs=nano.specs -mfpu=fpv4-sp-d16 -mfloat-abi=hard -mthumb -o "Core/Src/main.o"
arm-none-eabi-gcc -o "ROBOTIC_PID_CONTROLLER_PROJECT.elf" @"objects.list"   -mcpu=cortex-m4 -T"C:\Users\onura\STM32CubeIDE\workspace_1.11.0\ROBOTIC_PID_CONTROLLER_PROJECT\STM32F446RETX_FLASH.ld" --specs=nosys.specs -Wl,-Map="ROBOTIC_PID_CONTROLLER_PROJECT.map" -Wl,--gc-sections -static --specs=nano.specs -mfpu=fpv4-sp-d16 -mfloat-abi=hard -mthumb -Wl,--start-group -lc -lm -Wl,--end-group
Finished building target: ROBOTIC_PID_CONTROLLER_PROJECT.elf
 
arm-none-eabi-size   ROBOTIC_PID_CONTROLLER_PROJECT.elf 
arm-none-eabi-objdump -h -S  ROBOTIC_PID_CONTROLLER_PROJECT.elf  > "ROBOTIC_PID_CONTROLLER_PROJECT.list"
   text	   data	    bss	    dec	    hex	filename
  14140	     32	   1744	  15916	   3e2c	ROBOTIC_PID_CONTROLLER_PROJECT.elf
Finished building: default.size.stdout
 
Finished building: ROBOTIC_PID_CONTROLLER_PROJECT.list
 
21:25:32 **** Incremental Build of configuration Debug for project ROBOTIC_PID_CONTROLLER_PROJECT ****
make -j8 all 
arm-none-eabi-gcc "../Core/Src/main.c" -mcpu=cortex-m4 -std=gnu11 -g3 -DDEBUG -DUSE_HAL_DRIVER -DSTM32F446xx -c -I../Core/Inc -I../Drivers/STM32F4xx_HAL_Driver/Inc -I../Drivers/STM32F4xx_HAL_Driver/Inc/Legacy -I../Drivers/CMSIS/Device/ST/STM32F4xx/Include -I../Drivers/CMSIS/Include -O0 -ffunction-sections -fdata-sections -Wall -fstack-usage -fcyclomatic-complexity -MMD -MP -MF"Core/Src/main.d" -MT"Core/Src/main.o" --specs=nano.specs -mfpu=fpv4-sp-d16 -mfloat-abi=hard -mthumb -o "Core/Src/main.o"
arm-none-eabi-gcc -o "ROBOTIC_PID_CONTROLLER_PROJECT.elf" @"objects.list"   -mcpu=cortex-m4 -T"C:\Users\onura\STM32CubeIDE\workspace_1.11.0\ROBOTIC_PID_CONTROLLER_PROJECT\STM32F446RETX_FLASH.ld" --specs=nosys.specs -Wl,-Map="ROBOTIC_PID_CONTROLLER_PROJECT.map" -Wl,--gc-sections -static --specs=nano.specs -mfpu=fpv4-sp-d16 -mfloat-abi=hard -mthumb -Wl,--start-group -lc -lm -Wl,--end-group
Finished building target: ROBOTIC_PID_CONTROLLER_PROJECT.elf
 
arm-none-eabi-size   ROBOTIC_PID_CONTROLLER_PROJECT.elf 
arm-none-eabi-objdump -h -S  ROBOTIC_PID_CONTROLLER_PROJECT.elf  > "ROBOTIC_PID_CONTROLLER_PROJECT.list"
   text	   data	    bss	    dec	    hex	filename
  14140	     36	   1740	  15916	   3e2c	ROBOTIC_PID_CONTROLLER_PROJECT.elf
Finished building: default.size.stdout
 
Finished building: ROBOTIC_PID_CONTROLLER_PROJECT.list
 
21:27:18 **** Incremental Build of configuration Debug for project ROBOTIC_PID_CONTROLLER_PROJECT ****
make -j8 all 
arm-none-eabi-gcc "../Core/Src/main.c" -mcpu=cortex-m4 -std=gnu11 -g3 -DDEBUG -DUSE_HAL_DRIVER -DSTM32F446xx -c -I../Core/Inc -I../Drivers/STM32F4xx_HAL_Driver/Inc -I../Drivers/STM32F4xx_HAL_Driver/Inc/Legacy -I../Drivers/CMSIS/Device/ST/STM32F4xx/Include -I../Drivers/CMSIS/Include -O0 -ffunction-sections -fdata-sections -Wall -fstack-usage -fcyclomatic-complexity -MMD -MP -MF"Core/Src/main.d" -MT"Core/Src/main.o" --specs=nano.specs -mfpu=fpv4-sp-d16 -mfloat-abi=hard -mthumb -o "Core/Src/main.o"
arm-none-eabi-gcc -o "ROBOTIC_PID_CONTROLLER_PROJECT.elf" @"objects.list"   -mcpu=cortex-m4 -T"C:\Users\onura\STM32CubeIDE\workspace_1.11.0\ROBOTIC_PID_CONTROLLER_PROJECT\STM32F446RETX_FLASH.ld" --specs=nosys.specs -Wl,-Map="ROBOTIC_PID_CONTROLLER_PROJECT.map" -Wl,--gc-sections -static --specs=nano.specs -mfpu=fpv4-sp-d16 -mfloat-abi=hard -mthumb -Wl,--start-group -lc -lm -Wl,--end-group
Finished building target: ROBOTIC_PID_CONTROLLER_PROJECT.elf
 
arm-none-eabi-size   ROBOTIC_PID_CONTROLLER_PROJECT.elf 
arm-none-eabi-objdump -h -S  ROBOTIC_PID_CONTROLLER_PROJECT.elf  > "ROBOTIC_PID_CONTROLLER_PROJECT.list"
   text	   data	    bss	    dec	    hex	filename
  14136	     36	   1740	  15912	   3e28	ROBOTIC_PID_CONTROLLER_PROJECT.elf
Finished building: default.size.stdout
 
Finished building: ROBOTIC_PID_CONTROLLER_PROJECT.list
 
21:28:33 **** Incremental Build of configuration Debug for project ROBOTIC_PID_CONTROLLER_PROJECT ****
make -j8 all 
arm-none-eabi-gcc "../Core/Src/main.c" -mcpu=cortex-m4 -std=gnu11 -g3 -DDEBUG -DUSE_HAL_DRIVER -DSTM32F446xx -c -I../Core/Inc -I../Drivers/STM32F4xx_HAL_Driver/Inc -I../Drivers/STM32F4xx_HAL_Driver/Inc/Legacy -I../Drivers/CMSIS/Device/ST/STM32F4xx/Include -I../Drivers/CMSIS/Include -O0 -ffunction-sections -fdata-sections -Wall -fstack-usage -fcyclomatic-complexity -MMD -MP -MF"Core/Src/main.d" -MT"Core/Src/main.o" --specs=nano.specs -mfpu=fpv4-sp-d16 -mfloat-abi=hard -mthumb -o "Core/Src/main.o"
arm-none-eabi-gcc -o "ROBOTIC_PID_CONTROLLER_PROJECT.elf" @"objects.list"   -mcpu=cortex-m4 -T"C:\Users\onura\STM32CubeIDE\workspace_1.11.0\ROBOTIC_PID_CONTROLLER_PROJECT\STM32F446RETX_FLASH.ld" --specs=nosys.specs -Wl,-Map="ROBOTIC_PID_CONTROLLER_PROJECT.map" -Wl,--gc-sections -static --specs=nano.specs -mfpu=fpv4-sp-d16 -mfloat-abi=hard -mthumb -Wl,--start-group -lc -lm -Wl,--end-group
Finished building target: ROBOTIC_PID_CONTROLLER_PROJECT.elf
 
arm-none-eabi-size   ROBOTIC_PID_CONTROLLER_PROJECT.elf 
arm-none-eabi-objdump -h -S  ROBOTIC_PID_CONTROLLER_PROJECT.elf  > "ROBOTIC_PID_CONTROLLER_PROJECT.list"
   text	   data	    bss	    dec	    hex	filename
  14140	     36	   1740	  15916	   3e2c	ROBOTIC_PID_CONTROLLER_PROJECT.elf
Finished building: default.size.stdout
 
Finished building: ROBOTIC_PID_CONTROLLER_PROJECT.list
 
21:29:20 **** Incremental Build of configuration Debug for project ROBOTIC_PID_CONTROLLER_PROJECT ****
make -j8 all 
arm-none-eabi-gcc "../Core/Src/main.c" -mcpu=cortex-m4 -std=gnu11 -g3 -DDEBUG -DUSE_HAL_DRIVER -DSTM32F446xx -c -I../Core/Inc -I../Drivers/STM32F4xx_HAL_Driver/Inc -I../Drivers/STM32F4xx_HAL_Driver/Inc/Legacy -I../Drivers/CMSIS/Device/ST/STM32F4xx/Include -I../Drivers/CMSIS/Include -O0 -ffunction-sections -fdata-sections -Wall -fstack-usage -fcyclomatic-complexity -MMD -MP -MF"Core/Src/main.d" -MT"Core/Src/main.o" --specs=nano.specs -mfpu=fpv4-sp-d16 -mfloat-abi=hard -mthumb -o "Core/Src/main.o"
arm-none-eabi-gcc -o "ROBOTIC_PID_CONTROLLER_PROJECT.elf" @"objects.list"   -mcpu=cortex-m4 -T"C:\Users\onura\STM32CubeIDE\workspace_1.11.0\ROBOTIC_PID_CONTROLLER_PROJECT\STM32F446RETX_FLASH.ld" --specs=nosys.specs -Wl,-Map="ROBOTIC_PID_CONTROLLER_PROJECT.map" -Wl,--gc-sections -static --specs=nano.specs -mfpu=fpv4-sp-d16 -mfloat-abi=hard -mthumb -Wl,--start-group -lc -lm -Wl,--end-group
Finished building target: ROBOTIC_PID_CONTROLLER_PROJECT.elf
 
arm-none-eabi-size   ROBOTIC_PID_CONTROLLER_PROJECT.elf 
arm-none-eabi-objdump -h -S  ROBOTIC_PID_CONTROLLER_PROJECT.elf  > "ROBOTIC_PID_CONTROLLER_PROJECT.list"
   text	   data	    bss	    dec	    hex	filename
  14140	     36	   1740	  15916	   3e2c	ROBOTIC_PID_CONTROLLER_PROJECT.elf
Finished building: default.size.stdout
 
Finished building: ROBOTIC_PID_CONTROLLER_PROJECT.list
 
21:34:33 **** Incremental Build of configuration Debug for project ROBOTIC_PID_CONTROLLER_PROJECT ****
make -j8 all 
arm-none-eabi-gcc "../Core/Src/main.c" -mcpu=cortex-m4 -std=gnu11 -g3 -DDEBUG -DUSE_HAL_DRIVER -DSTM32F446xx -c -I../Core/Inc -I../Drivers/STM32F4xx_HAL_Driver/Inc -I../Drivers/STM32F4xx_HAL_Driver/Inc/Legacy -I../Drivers/CMSIS/Device/ST/STM32F4xx/Include -I../Drivers/CMSIS/Include -O0 -ffunction-sections -fdata-sections -Wall -fstack-usage -fcyclomatic-complexity -MMD -MP -MF"Core/Src/main.d" -MT"Core/Src/main.o" --specs=nano.specs -mfpu=fpv4-sp-d16 -mfloat-abi=hard -mthumb -o "Core/Src/main.o"
arm-none-eabi-gcc -o "ROBOTIC_PID_CONTROLLER_PROJECT.elf" @"objects.list"   -mcpu=cortex-m4 -T"C:\Users\onura\STM32CubeIDE\workspace_1.11.0\ROBOTIC_PID_CONTROLLER_PROJECT\STM32F446RETX_FLASH.ld" --specs=nosys.specs -Wl,-Map="ROBOTIC_PID_CONTROLLER_PROJECT.map" -Wl,--gc-sections -static --specs=nano.specs -mfpu=fpv4-sp-d16 -mfloat-abi=hard -mthumb -Wl,--start-group -lc -lm -Wl,--end-group
Finished building target: ROBOTIC_PID_CONTROLLER_PROJECT.elf
 
arm-none-eabi-size   ROBOTIC_PID_CONTROLLER_PROJECT.elf 
arm-none-eabi-objdump -h -S  ROBOTIC_PID_CONTROLLER_PROJECT.elf  > "ROBOTIC_PID_CONTROLLER_PROJECT.list"
   text	   data	    bss	    dec	    hex	filename
  14140	     32	   1744	  15916	   3e2c	ROBOTIC_PID_CONTROLLER_PROJECT.elf
Finished building: default.size.stdout
 
Finished building: ROBOTIC_PID_CONTROLLER_PROJECT.list
 
21:35:18 **** Incremental Build of configuration Debug for project ROBOTIC_PID_CONTROLLER_PROJECT ****
make -j8 all 
arm-none-eabi-gcc "../Core/Src/main.c" -mcpu=cortex-m4 -std=gnu11 -g3 -DDEBUG -DUSE_HAL_DRIVER -DSTM32F446xx -c -I../Core/Inc -I../Drivers/STM32F4xx_HAL_Driver/Inc -I../Drivers/STM32F4xx_HAL_Driver/Inc/Legacy -I../Drivers/CMSIS/Device/ST/STM32F4xx/Include -I../Drivers/CMSIS/Include -O0 -ffunction-sections -fdata-sections -Wall -fstack-usage -fcyclomatic-complexity -MMD -MP -MF"Core/Src/main.d" -MT"Core/Src/main.o" --specs=nano.specs -mfpu=fpv4-sp-d16 -mfloat-abi=hard -mthumb -o "Core/Src/main.o"
arm-none-eabi-gcc -o "ROBOTIC_PID_CONTROLLER_PROJECT.elf" @"objects.list"   -mcpu=cortex-m4 -T"C:\Users\onura\STM32CubeIDE\workspace_1.11.0\ROBOTIC_PID_CONTROLLER_PROJECT\STM32F446RETX_FLASH.ld" --specs=nosys.specs -Wl,-Map="ROBOTIC_PID_CONTROLLER_PROJECT.map" -Wl,--gc-sections -static --specs=nano.specs -mfpu=fpv4-sp-d16 -mfloat-abi=hard -mthumb -Wl,--start-group -lc -lm -Wl,--end-group
Finished building target: ROBOTIC_PID_CONTROLLER_PROJECT.elf
 
arm-none-eabi-size   ROBOTIC_PID_CONTROLLER_PROJECT.elf 
arm-none-eabi-objdump -h -S  ROBOTIC_PID_CONTROLLER_PROJECT.elf  > "ROBOTIC_PID_CONTROLLER_PROJECT.list"
   text	   data	    bss	    dec	    hex	filename
  14140	     32	   1744	  15916	   3e2c	ROBOTIC_PID_CONTROLLER_PROJECT.elf
Finished building: default.size.stdout
 
Finished building: ROBOTIC_PID_CONTROLLER_PROJECT.list
 
21:36:29 **** Incremental Build of configuration Debug for project ROBOTIC_PID_CONTROLLER_PROJECT ****
make -j8 all 
arm-none-eabi-gcc "../Core/Src/main.c" -mcpu=cortex-m4 -std=gnu11 -g3 -DDEBUG -DUSE_HAL_DRIVER -DSTM32F446xx -c -I../Core/Inc -I../Drivers/STM32F4xx_HAL_Driver/Inc -I../Drivers/STM32F4xx_HAL_Driver/Inc/Legacy -I../Drivers/CMSIS/Device/ST/STM32F4xx/Include -I../Drivers/CMSIS/Include -O0 -ffunction-sections -fdata-sections -Wall -fstack-usage -fcyclomatic-complexity -MMD -MP -MF"Core/Src/main.d" -MT"Core/Src/main.o" --specs=nano.specs -mfpu=fpv4-sp-d16 -mfloat-abi=hard -mthumb -o "Core/Src/main.o"
arm-none-eabi-gcc -o "ROBOTIC_PID_CONTROLLER_PROJECT.elf" @"objects.list"   -mcpu=cortex-m4 -T"C:\Users\onura\STM32CubeIDE\workspace_1.11.0\ROBOTIC_PID_CONTROLLER_PROJECT\STM32F446RETX_FLASH.ld" --specs=nosys.specs -Wl,-Map="ROBOTIC_PID_CONTROLLER_PROJECT.map" -Wl,--gc-sections -static --specs=nano.specs -mfpu=fpv4-sp-d16 -mfloat-abi=hard -mthumb -Wl,--start-group -lc -lm -Wl,--end-group
Finished building target: ROBOTIC_PID_CONTROLLER_PROJECT.elf
 
arm-none-eabi-size   ROBOTIC_PID_CONTROLLER_PROJECT.elf 
arm-none-eabi-objdump -h -S  ROBOTIC_PID_CONTROLLER_PROJECT.elf  > "ROBOTIC_PID_CONTROLLER_PROJECT.list"
   text	   data	    bss	    dec	    hex	filename
  14136	     32	   1744	  15912	   3e28	ROBOTIC_PID_CONTROLLER_PROJECT.elf
Finished building: default.size.stdout
 
Finished building: ROBOTIC_PID_CONTROLLER_PROJECT.list
 
